Component: ARM Compiler 5.06 update 4 (build 422) Tool: armlink [4d35d2]

==============================================================================

Section Cross References

    main.o(i.GPIOF_Handler) refers to gpio.o(i.GPIOIntStatus) for GPIOIntStatus
    main.o(i.GPIOF_Handler) refers to gpio.o(i.GPIOIntClear) for GPIOIntClear
    main.o(i.GPIOF_Handler) refers to timer.o(i.TimerEnable) for TimerEnable
    main.o(i.GPIOF_Handler) refers to gpio.o(i.GPIOIntDisable) for GPIOIntDisable
    main.o(i.TIMER1A_Handler) refers to timer.o(i.TimerIntStatus) for TimerIntStatus
    main.o(i.TIMER1A_Handler) refers to timer.o(i.TimerDisable) for TimerDisable
    main.o(i.TIMER1A_Handler) refers to timer.o(i.TimerIntClear) for TimerIntClear
    main.o(i.TIMER1A_Handler) refers to gpio.o(i.GPIOPinRead) for GPIOPinRead
    main.o(i.TIMER1A_Handler) refers to display.o(i.Display_String) for Display_String
    main.o(i.TIMER1A_Handler) refers to pwm_handler.o(i.Duty_Cycle) for Duty_Cycle
    main.o(i.TIMER1A_Handler) refers to gpio.o(i.GPIOIntEnable) for GPIOIntEnable
    main.o(i.TIMER2A_Handler) refers to timer.o(i.TimerIntStatus) for TimerIntStatus
    main.o(i.TIMER2A_Handler) refers to timer.o(i.TimerDisable) for TimerDisable
    main.o(i.TIMER2A_Handler) refers to timer.o(i.TimerIntClear) for TimerIntClear
    main.o(i.TIMER2A_Handler) refers to gpio.o(i.GPIOPinRead) for GPIOPinRead
    main.o(i.TIMER2A_Handler) refers to display.o(i.Display_String) for Display_String
    main.o(i.TIMER2A_Handler) refers to pwm_handler.o(i.Duty_Cycle) for Duty_Cycle
    main.o(i.TIMER2A_Handler) refers to gpio.o(i.GPIOIntEnable) for GPIOIntEnable
    main.o(i.TIMER2A_Handler) refers to main.o(.data) for duty_cycle
    main.o(i.main) refers to sysctl.o(i.SysCtlClockSet) for SysCtlClockSet
    main.o(i.main) refers to sysctl.o(i.SysCtlClockGet) for SysCtlClockGet
    main.o(i.main) refers to display.o(i.Display_Init) for Display_Init
    main.o(i.main) refers to display.o(i.Display_NewLine) for Display_NewLine
    main.o(i.main) refers to display.o(i.Display_String) for Display_String
    main.o(i.main) refers to pwm_handler.o(i.Clock_Ticks) for Clock_Ticks
    main.o(i.main) refers to pwm_handler.o(i.Init_PWM) for Init_PWM
    main.o(i.main) refers to pwm_handler.o(i.Duty_Cycle) for Duty_Cycle
    main.o(i.main) refers to gpio_handler.o(i.SetGPIOInput) for SetGPIOInput
    main.o(i.main) refers to gpio_handler.o(i.SetGPIOInterrupt) for SetGPIOInterrupt
    main.o(i.main) refers to timer.o(i.TIMER_2_Init) for TIMER_2_Init
    main.o(i.main) refers to timer.o(i.TIMER_1_Init) for TIMER_1_Init
    main.o(i.main) refers to gpio_handler.o(i.ReadPinState) for ReadPinState
    gpio_handler.o(i.RGB_Led_Blink) refers to gpio_handler.o(i.SetGPIOInput) for SetGPIOInput
    gpio_handler.o(i.RGB_Led_Blink) refers to gpio_handler.o(i.delay) for delay
    gpio_handler.o(i.RGB_Led_Blink) refers to gpio.o(i.GPIOPinWrite) for GPIOPinWrite
    gpio_handler.o(i.ReadPinState) refers to gpio_handler.o(i.getPortAddress) for getPortAddress
    gpio_handler.o(i.ReadPinState) refers to gpio.o(i.GPIOPinRead) for GPIOPinRead
    gpio_handler.o(i.SetGPIOInput) refers to gpio_handler.o(i.getPortAddress) for getPortAddress
    gpio_handler.o(i.SetGPIOInput) refers to gpio_handler.o(i.getPeriphAddress) for getPeriphAddress
    gpio_handler.o(i.SetGPIOInput) refers to sysctl.o(i.SysCtlPeripheralEnable) for SysCtlPeripheralEnable
    gpio_handler.o(i.SetGPIOInput) refers to gpio.o(i.GPIOPinTypeGPIOInput) for GPIOPinTypeGPIOInput
    gpio_handler.o(i.SetGPIOInput) refers to gpio.o(i.GPIODirModeSet) for GPIODirModeSet
    gpio_handler.o(i.SetGPIOInput) refers to gpio.o(i.GPIOPadConfigSet) for GPIOPadConfigSet
    gpio_handler.o(i.SetGPIOInterrupt) refers to gpio_handler.o(i.getPortAddress) for getPortAddress
    gpio_handler.o(i.SetGPIOInterrupt) refers to interrupt.o(i.IntDisable) for IntDisable
    gpio_handler.o(i.SetGPIOInterrupt) refers to gpio_handler.o(i.SetGPIOInput) for SetGPIOInput
    gpio_handler.o(i.SetGPIOInterrupt) refers to gpio.o(i.GPIOIntDisable) for GPIOIntDisable
    gpio_handler.o(i.SetGPIOInterrupt) refers to gpio.o(i.GPIOIntTypeSet) for GPIOIntTypeSet
    gpio_handler.o(i.SetGPIOInterrupt) refers to gpio.o(i.GPIOIntEnable) for GPIOIntEnable
    gpio_handler.o(i.SetGPIOInterrupt) refers to interrupt.o(i.IntPrioritySet) for IntPrioritySet
    gpio_handler.o(i.SetGPIOInterrupt) refers to interrupt.o(i.IntEnable) for IntEnable
    gpio_handler.o(i.delayMS) refers to sysctl.o(i.SysCtlClockGet) for SysCtlClockGet
    gpio_handler.o(i.delayMS) refers to sysctl.o(.emb_text) for SysCtlDelay
    pwm_handler.o(i.Clock_Ticks) refers to sysctl.o(i.SysCtlClockGet) for SysCtlClockGet
    pwm_handler.o(i.Duty_Cycle) refers to pwm_handler.o(i.Gen_PWM) for Gen_PWM
    pwm_handler.o(i.Duty_Cycle) refers to pwm_handler.o(i.PWM_Base) for PWM_Base
[...]
    __rtentry2.o(.ARM.exidx) refers to __rtentry2.o(.ARM.Collect$$rtentry$$0000000A) for .ARM.Collect$$rtentry$$0000000A
    __rtentry2.o(.ARM.exidx) refers to __rtentry2.o(.ARM.Collect$$rtentry$$0000000B) for .ARM.Collect$$rtentry$$0000000B
    __rtentry2.o(.ARM.exidx) refers to __rtentry2.o(.ARM.Collect$$rtentry$$0000000D) for .ARM.Collect$$rtentry$$0000000D
    __rtentry4.o(.ARM.Collect$$rtentry$$00000004) refers to sys_stackheap_outer.o(.text) for __user_setup_stackheap
    __rtentry4.o(.ARM.exidx) refers to __rtentry4.o(.ARM.Collect$$rtentry$$00000004) for .ARM.Collect$$rtentry$$00000004
    sys_stackheap_outer.o(.text) refers to libspace.o(.text) for __user_perproc_libspace
    sys_stackheap_outer.o(.text) refers to startup_tm4c123.o(.text) for __user_initial_stackheap
    exit.o(.text) refers to rtexit.o(.ARM.Collect$$rtexit$$00000000) for __rt_exit
    libinit.o(.ARM.Collect$$libinit$$00000000) refers (Special) to libinit2.o(.ARM.Collect$$libinit$$0000002E) for __rt_lib_init_alloca_1
    libinit.o(.ARM.Collect$$libinit$$00000000) refers (Special) to libinit2.o(.ARM.Collect$$libinit$$0000002C) for __rt_lib_init_argv_1
    libinit.o(.ARM.Collect$$libinit$$00000000) refers (Special) to libinit2.o(.ARM.Collect$$libinit$$0000001B) for __rt_lib_init_atexit_1
    libinit.o(.ARM.Collect$$libinit$$00000000) refers (Special) to libinit2.o(.ARM.Collect$$libinit$$00000021) for __rt_lib_init_clock_1
    libinit.o(.ARM.Collect$$libinit$$00000000) refers (Special) to libinit2.o(.ARM.Collect$$libinit$$00000032) for __rt_lib_init_cpp_1
    libinit.o(.ARM.Collect$$libinit$$00000000) refers (Special) to libinit2.o(.ARM.Collect$$libinit$$00000030) for __rt_lib_init_exceptions_1
    libinit.o(.ARM.Collect$$libinit$$00000000) refers (Special) to libinit2.o(.ARM.Collect$$libinit$$00000001) for __rt_lib_init_fp_1
    libinit.o(.ARM.Collect$$libinit$$00000000) refers (Special) to libinit2.o(.ARM.Collect$$libinit$$0000001F) for __rt_lib_init_fp_trap_1
    libinit.o(.ARM.Collect$$libinit$$00000000) refers (Special) to libinit2.o(.ARM.Collect$$libinit$$00000023) for __rt_lib_init_getenv_1
    libinit.o(.ARM.Collect$$libinit$$00000000) refers (Special) to libinit2.o(.ARM.Collect$$libinit$$0000000A) for __rt_lib_init_heap_1
    libinit.o(.ARM.Collect$$libinit$$00000000) refers (Special) to libinit2.o(.ARM.Collect$$libinit$$00000011) for __rt_lib_init_lc_collate_1
    libinit.o(.ARM.Collect$$libinit$$00000000) refers (Special) to libinit2.o(.ARM.Collect$$libinit$$00000013) for __rt_lib_init_lc_ctype_1
    libinit.o(.ARM.Collect$$libinit$$00000000) refers (Special) to libinit2.o(.ARM.Collect$$libinit$$00000015) for __rt_lib_init_lc_monetary_1
    libinit.o(.ARM.Collect$$libinit$$00000000) refers (Special) to libinit2.o(.ARM.Collect$$libinit$$00000017) for __rt_lib_init_lc_numeric_1
    libinit.o(.ARM.Collect$$libinit$$00000000) refers (Special) to libinit2.o(.ARM.Collect$$libinit$$00000019) for __rt_lib_init_lc_time_1
    libinit.o(.ARM.Collect$$libinit$$00000000) refers (Special) to libinit2.o(.ARM.Collect$$libinit$$00000004) for __rt_lib_init_preinit_1
    libinit.o(.ARM.Collect$$libinit$$00000000) refers (Special) to libinit2.o(.ARM.Collect$$libinit$$0000000E) for __rt_lib_init_rand_1
    libinit.o(.ARM.Collect$$libinit$$00000000) refers (Special) to libinit2.o(.ARM.Collect$$libinit$$00000033) for __rt_lib_init_return
    libinit.o(.ARM.Collect$$libinit$$00000000) refers (Special) to libinit2.o(.ARM.Collect$$libinit$$0000001D) for __rt_lib_init_signal_1
    libinit.o(.ARM.Collect$$libinit$$00000000) refers (Special) to libinit2.o(.ARM.Collect$$libinit$$00000025) for __rt_lib_init_stdio_1
    libinit.o(.ARM.Collect$$libinit$$00000000) refers (Special) to libinit2.o(.ARM.Collect$$libinit$$0000000C) for __rt_lib_init_user_alloc_1
    libspace.o(.text) refers to libspace.o(.bss) for __libspace_start
    rtexit.o(.ARM.Collect$$rtexit$$00000000) refers (Special) to rtexit2.o(.ARM.Collect$$rtexit$$00000004) for __rt_exit_exit
    rtexit.o(.ARM.Collect$$rtexit$$00000000) refers (Special) to rtexit2.o(.ARM.Collect$$rtexit$$00000003) for __rt_exit_ls
    rtexit.o(.ARM.Collect$$rtexit$$00000000) refers (Special) to rtexit2.o(.ARM.Collect$$rtexit$$00000002) for __rt_exit_prels_1
    rtexit.o(.ARM.exidx) refers (Special) to rtexit2.o(.ARM.Collect$$rtexit$$00000004) for __rt_exit_exit
    rtexit.o(.ARM.exidx) refers (Special) to rtexit2.o(.ARM.Collect$$rtexit$$00000003) for __rt_exit_ls
    rtexit.o(.ARM.exidx) refers (Special) to rtexit2.o(.ARM.Collect$$rtexit$$00000002) for __rt_exit_prels_1
    rtexit.o(.ARM.exidx) refers to rtexit.o(.ARM.Collect$$rtexit$$00000000) for .ARM.Collect$$rtexit$$00000000
    libinit2.o(.ARM.Collect$$libinit$$00000001) refers to fpinit.o(x$fpl$fpinit) for _fp_init
    libinit2.o(.ARM.Collect$$libinit$$00000010) refers to libinit2.o(.ARM.Collect$$libinit$$0000000F) for .ARM.Collect$$libinit$$0000000F
    libinit2.o(.ARM.Collect$$libinit$$00000012) refers to libinit2.o(.ARM.Collect$$libinit$$0000000F) for .ARM.Collect$$libinit$$0000000F
    libinit2.o(.ARM.Collect$$libinit$$00000014) refers to libinit2.o(.ARM.Collect$$libinit$$0000000F) for .ARM.Collect$$libinit$$0000000F
    libinit2.o(.ARM.Collect$$libinit$$00000016) refers to libinit2.o(.ARM.Collect$$libinit$$0000000F) for .ARM.Collect$$libinit$$0000000F
    libinit2.o(.ARM.Collect$$libinit$$00000018) refers to libinit2.o(.ARM.Collect$$libinit$$0000000F) for .ARM.Collect$$libinit$$0000000F
    libinit2.o(.ARM.Collect$$libinit$$00000026) refers to argv_veneer.o(.emb_text) for __ARM_argv_veneer
    libinit2.o(.ARM.Collect$$libinit$$00000027) refers to argv_veneer.o(.emb_text) for __ARM_argv_veneer
    rtexit2.o(.ARM.Collect$$rtexit$$00000003) refers to libshutdown.o(.ARM.Collect$$libshutdown$$00000000) for __rt_lib_shutdown
    rtexit2.o(.ARM.Collect$$rtexit$$00000004) refers to sys_exit.o(.text) for _sys_exit
    rtexit2.o(.ARM.exidx) refers to rtexit2.o(.ARM.Collect$$rtexit$$00000001) for .ARM.Collect$$rtexit$$00000001
    rtexit2.o(.ARM.exidx) refers to rtexit2.o(.ARM.Collect$$rtexit$$00000003) for .ARM.Collect$$rtexit$$00000003
    rtexit2.o(.ARM.exidx) refers to rtexit2.o(.ARM.Collect$$rtexit$$00000004) for .ARM.Collect$$rtexit$$00000004
    argv_veneer.o(.emb_text) refers to no_argv.o(.text) for __ARM_get_argv
    sys_exit.o(.text) refers (Special) to use_no_semi.o(.text) for __I$use$semihosting
    sys_exit.o(.text) refers (Special) to indicate_semi.o(.text) for __semihosting_library_function
    _get_argv_nomalloc.o(.text) refers (Special) to hrguard.o(.text) for __heap_region$guard
    _get_argv_nomalloc.o(.text) refers to defsig_rtmem_outer.o(.text) for __rt_SIGRTMEM
    _get_argv_nomalloc.o(.text) refers to sys_command.o(.text) for _sys_command_string
    libshutdown.o(.ARM.Collect$$libshutdown$$00000000) refers (Special) to libshutdown2.o(.ARM.Collect$$libshutdown$$00000002) for __rt_lib_shutdown_cpp_1
    libshutdown.o(.ARM.Collect$$libshutdown$$00000000) refers (Special) to libshutdown2.o(.ARM.Collect$$libshutdown$$00000007) for __rt_lib_shutdown_fp_trap_1
    libshutdown.o(.ARM.Collect$$libshutdown$$00000000) refers (Special) to libshutdown2.o(.ARM.Collect$$libshutdown$$0000000F) for __rt_lib_shutdown_heap_1
    libshutdown.o(.ARM.Collect$$libshutdown$$00000000) refers (Special) to libshutdown2.o(.ARM.Collect$$libshutdown$$00000010) for __rt_lib_shutdown_return
    libshutdown.o(.ARM.Collect$$libshutdown$$00000000) refers (Special) to libshutdown2.o(.ARM.Collect$$libshutdown$$0000000A) for __rt_lib_shutdown_signal_1
    libshutdown.o(.ARM.Collect$$libshutdown$$00000000) refers (Special) to libshutdown2.o(.ARM.Collect$$libshutdown$$00000004) for __rt_lib_shutdown_stdio_1
    libshutdown.o(.ARM.Collect$$libshutdown$$00000000) refers (Special) to libshutdown2.o(.ARM.Collect$$libshutdown$$0000000C) for __rt_lib_shutdown_user_alloc_1
    sys_command.o(.text) refers (Special) to use_no_semi.o(.text) for __I$use$semihosting
    sys_command.o(.text) refers (Special) to indicate_semi.o(.text) for __semihosting_library_function
    defsig_rtmem_outer.o(.text) refers to defsig_rtmem_inner.o(.text) for __rt_SIGRTMEM_inner
    defsig_rtmem_outer.o(.text) refers to defsig_exit.o(.text) for __sig_exit
    defsig_rtmem_formal.o(.text) refers to rt_raise.o(.text) for __rt_raise
    rt_raise.o(.text) refers to __raise.o(.text) for __raise
    rt_raise.o(.text) refers to sys_exit.o(.text) for _sys_exit
    defsig_exit.o(.text) refers to sys_exit.o(.text) for _sys_exit
    defsig_rtmem_inner.o(.text) refers to defsig_general.o(.text) for __default_signal_display
    __raise.o(.text) refers to defsig.o(CL$$defsig) for __default_signal_handler
    defsig_general.o(.text) refers to sys_wrch.o(.text) for _ttywrch
    sys_wrch.o(.text) refers (Special) to use_no_semi.o(.text) for __I$use$semihosting
    sys_wrch.o(.text) refers (Special) to indicate_semi.o(.text) for __semihosting_library_function
    defsig.o(CL$$defsig) refers to defsig_rtmem_inner.o(.text) for __rt_SIGRTMEM_inner
    defsig_abrt_inner.o(.text) refers to defsig_general.o(.text) for __default_signal_display
    defsig_fpe_inner.o(.text) refers to defsig_general.o(.text) for __default_signal_display
    defsig_rtred_inner.o(.text) refers to defsig_general.o(.text) for __default_signal_display
    defsig_stak_inner.o(.text) refers to defsig_general.o(.text) for __default_signal_display
    defsig_pvfn_inner.o(.text) refers to defsig_general.o(.text) for __default_signal_display
    defsig_cppl_inner.o(.text) refers to defsig_general.o(.text) for __default_signal_display
    defsig_segv_inner.o(.text) refers to defsig_general.o(.text) for __default_signal_display
    defsig_other.o(.text) refers to defsig_general.o(.text) for __default_signal_display


==============================================================================

Removing Unused input sections from the image.

    Removing gpio_handler.o(i.RGB_Led_Blink), (44 bytes).
    Removing gpio_handler.o(i.delay), (10 bytes).
    Removing gpio_handler.o(i.delayMS), (28 bytes).
    Removing timer.o(i.InitDebouncingTimer), (108 bytes).
    Removing display.o(i.Display_Decimal), (42 bytes).
    Removing display.o(i.Display_Hex), (52 bytes).
    Removing system_tm4c123.o(.rev16_text), (4 bytes).
    Removing system_tm4c123.o(.revsh_text), (4 bytes).
    Removing system_tm4c123.o(.rrx_text), (6 bytes).
    Removing system_tm4c123.o(i.SystemCoreClockUpdate), (196 bytes).
    Removing system_tm4c123.o(i.getOscClk), (244 bytes).
    Removing system_tm4c123.o(.data), (4 bytes).
    Removing gpio.o(i.GPIOADCTriggerDisable), (14 bytes).
    Removing gpio.o(i.GPIOADCTriggerEnable), (12 bytes).
    Removing gpio.o(i.GPIODMATriggerDisable), (14 bytes).
    Removing gpio.o(i.GPIODMATriggerEnable), (12 bytes).
    Removing gpio.o(i.GPIODirModeGet), (34 bytes).
    Removing gpio.o(i.GPIOIntRegister), (88 bytes).
    Removing gpio.o(i.GPIOIntTypeGet), (68 bytes).
    Removing gpio.o(i.GPIOIntUnregister), (88 bytes).
    Removing gpio.o(i.GPIOPadConfigGet), (204 bytes).
    Removing gpio.o(i.GPIOPinTypeADC), (28 bytes).
    Removing gpio.o(i.GPIOPinTypeCAN), (28 bytes).
    Removing gpio.o(i.GPIOPinTypeCIR), (28 bytes).
    Removing gpio.o(i.GPIOPinTypeComparator), (28 bytes).
    Removing gpio.o(i.GPIOPinTypeComparatorOutput), (28 bytes).
    Removing gpio.o(i.GPIOPinTypeEPI), (28 bytes).
    Removing gpio.o(i.GPIOPinTypeEthernetLED), (28 bytes).
    Removing gpio.o(i.GPIOPinTypeEthernetMII), (28 bytes).
    Removing gpio.o(i.GPIOPinTypeGPIOOutput), (28 bytes).
    Removing gpio.o(i.GPIOPinTypeGPIOOutputOD), (28 bytes).
    Removing gpio.o(i.GPIOPinTypeI2C), (28 bytes).
    Removing gpio.o(i.GPIOPinTypeI2CSCL), (28 bytes).
    Removing gpio.o(i.GPIOPinTypeKBColumn), (28 bytes).
    Removing gpio.o(i.GPIOPinTypeKBRow), (28 bytes).
    Removing gpio.o(i.GPIOPinTypeLCD), (28 bytes).
    Removing gpio.o(i.GPIOPinTypeLEDSeq), (28 bytes).
    Removing gpio.o(i.GPIOPinTypeLPC), (28 bytes).
    Removing gpio.o(i.GPIOPinTypePECIRx), (28 bytes).
    Removing gpio.o(i.GPIOPinTypePECITx), (28 bytes).
    Removing gpio.o(i.GPIOPinTypeQEI), (28 bytes).
    Removing gpio.o(i.GPIOPinTypeSSI), (28 bytes).
    Removing gpio.o(i.GPIOPinTypeTimer), (28 bytes).
    Removing gpio.o(i.GPIOPinTypeUSBAnalog), (28 bytes).
    Removing gpio.o(i.GPIOPinTypeUSBDigital), (28 bytes).
    Removing gpio.o(i.GPIOPinTypeWakeHigh), (30 bytes).
    Removing gpio.o(i.GPIOPinTypeWakeLow), (30 bytes).
    Removing gpio.o(i.GPIOPinWakeStatus), (6 bytes).
    Removing gpio.o(i.GPIOPinWrite), (6 bytes).
    Removing interrupt.o(i.IntIsEnabled), (96 bytes).
    Removing interrupt.o(i.IntMasterDisable), (14 bytes).
    Removing interrupt.o(i.IntMasterEnable), (14 bytes).
    Removing interrupt.o(i.IntPendClear), (68 bytes).
    Removing interrupt.o(i.IntPendSet), (84 bytes).
    Removing interrupt.o(i.IntPriorityGet), (28 bytes).
    Removing interrupt.o(i.IntPriorityGroupingGet), (36 bytes).
    Removing interrupt.o(i.IntPriorityGroupingSet), (28 bytes).
    Removing interrupt.o(i.IntPriorityMaskGet), (4 bytes).
    Removing interrupt.o(i.IntPriorityMaskSet), (4 bytes).
    Removing interrupt.o(i.IntRegister), (52 bytes).
    Removing interrupt.o(i.IntTrigger), (12 bytes).
    Removing interrupt.o(i.IntUnregister), (20 bytes).
    Removing interrupt.o(i._IntDefaultHandler), (2 bytes).
    Removing interrupt.o(vtable), (620 bytes).
    Removing pwm.o(i.PWMClockGet), (26 bytes).
    Removing pwm.o(i.PWMClockSet), (20 bytes).
    Removing pwm.o(i.PWMDeadBandDisable), (12 bytes).
    Removing pwm.o(i.PWMDeadBandEnable), (16 bytes).
    Removing pwm.o(i.PWMFaultIntClear), (8 bytes).
    Removing pwm.o(i.PWMFaultIntClearExt), (4 bytes).
    Removing pwm.o(i.PWMFaultIntRegister), (96 bytes).
    Removing pwm.o(i.PWMFaultIntUnregister), (88 bytes).
    Removing pwm.o(i.PWMGenFaultClear), (18 bytes).
    Removing pwm.o(i.PWMGenFaultConfigure), (18 bytes).
    Removing pwm.o(i.PWMGenFaultStatus), (18 bytes).
    Removing pwm.o(i.PWMGenFaultTriggerGet), (12 bytes).
    Removing pwm.o(i.PWMGenFaultTriggerSet), (12 bytes).
    Removing pwm.o(i.PWMGenIntClear), (6 bytes).
    Removing pwm.o(i.PWMGenIntRegister), (26 bytes).
    Removing pwm.o(i.PWMGenIntStatus), (12 bytes).
    Removing pwm.o(i.PWMGenIntTrigDisable), (10 bytes).
    Removing pwm.o(i.PWMGenIntTrigEnable), (10 bytes).
    Removing pwm.o(i.PWMGenIntUnregister), (22 bytes).
    Removing pwm.o(i.PWMIntDisable), (10 bytes).
    Removing pwm.o(i.PWMIntEnable), (8 bytes).
    Removing pwm.o(i.PWMIntStatus), (10 bytes).
    Removing pwm.o(i.PWMOutputFault), (16 bytes).
    Removing pwm.o(i.PWMOutputFaultLevel), (16 bytes).
    Removing pwm.o(i.PWMOutputInvert), (16 bytes).
    Removing pwm.o(i.PWMOutputUpdateMode), (62 bytes).
    Removing pwm.o(i.PWMPulseWidthGet), (32 bytes).
    Removing pwm.o(i.PWMSyncTimeBase), (4 bytes).
    Removing pwm.o(i.PWMSyncUpdate), (4 bytes).
    Removing pwm.o(i._PWMGenIntNumberGet), (224 bytes).
    Removing sysctl.o(i.SysCtlAltClkConfig), (12 bytes).
    Removing sysctl.o(i.SysCtlClockFreqSet), (720 bytes).
    Removing sysctl.o(i.SysCtlClockOutConfig), (20 bytes).
    Removing sysctl.o(i.SysCtlDeepSleep), (32 bytes).
    Removing sysctl.o(i.SysCtlDeepSleepClockConfigSet), (112 bytes).
    Removing sysctl.o(i.SysCtlDeepSleepClockSet), (12 bytes).
    Removing sysctl.o(i.SysCtlDeepSleepPowerSet), (12 bytes).
    Removing sysctl.o(i.SysCtlFlashSectorSizeGet), (56 bytes).
    Removing sysctl.o(i.SysCtlFlashSizeGet), (56 bytes).
    Removing sysctl.o(i.SysCtlGPIOAHBDisable), (28 bytes).
    Removing sysctl.o(i.SysCtlGPIOAHBEnable), (24 bytes).
    Removing sysctl.o(i.SysCtlIntClear), (12 bytes).
    Removing sysctl.o(i.SysCtlIntDisable), (16 bytes).
    Removing sysctl.o(i.SysCtlIntEnable), (16 bytes).
    Removing sysctl.o(i.SysCtlIntRegister), (20 bytes).
    Removing sysctl.o(i.SysCtlIntStatus), (16 bytes).
    Removing sysctl.o(i.SysCtlIntUnregister), (18 bytes).
    Removing sysctl.o(i.SysCtlLDODeepSleepGet), (12 bytes).
    Removing sysctl.o(i.SysCtlLDODeepSleepSet), (12 bytes).
    Removing sysctl.o(i.SysCtlLDOSleepGet), (12 bytes).
    Removing sysctl.o(i.SysCtlLDOSleepSet), (12 bytes).
    Removing sysctl.o(i.SysCtlMOSCConfigSet), (12 bytes).
    Removing sysctl.o(i.SysCtlNMIClear), (16 bytes).
    Removing sysctl.o(i.SysCtlNMIStatus), (12 bytes).
    Removing sysctl.o(i.SysCtlPIOSCCalibrate), (76 bytes).
    Removing sysctl.o(i.SysCtlPWMClockGet), (24 bytes).
    Removing sysctl.o(i.SysCtlPeripheralClockGating), (68 bytes).
    Removing sysctl.o(i.SysCtlPeripheralDeepSleepDisable), (40 bytes).
    Removing sysctl.o(i.SysCtlPeripheralDeepSleepEnable), (40 bytes).
    Removing sysctl.o(i.SysCtlPeripheralDisable), (40 bytes).
    Removing sysctl.o(i.SysCtlPeripheralPowerOff), (40 bytes).
    Removing sysctl.o(i.SysCtlPeripheralPowerOn), (40 bytes).
    Removing sysctl.o(i.SysCtlPeripheralPresent), (44 bytes).
    Removing sysctl.o(i.SysCtlPeripheralReady), (44 bytes).
    Removing sysctl.o(i.SysCtlPeripheralReset), (60 bytes).
    Removing sysctl.o(i.SysCtlPeripheralSleepDisable), (40 bytes).
    Removing sysctl.o(i.SysCtlPeripheralSleepEnable), (40 bytes).
    Removing sysctl.o(i.SysCtlReset), (16 bytes).
    Removing sysctl.o(i.SysCtlResetBehaviorGet), (12 bytes).
    Removing sysctl.o(i.SysCtlResetBehaviorSet), (12 bytes).
    Removing sysctl.o(i.SysCtlResetCauseClear), (16 bytes).
    Removing sysctl.o(i.SysCtlResetCauseGet), (12 bytes).
    Removing sysctl.o(i.SysCtlSRAMSizeGet), (16 bytes).
    Removing sysctl.o(i.SysCtlSleep), (4 bytes).
    Removing sysctl.o(i.SysCtlSleepPowerSet), (12 bytes).
    Removing sysctl.o(i.SysCtlUSBPLLDisable), (16 bytes).
    Removing sysctl.o(i.SysCtlUSBPLLEnable), (16 bytes).
    Removing sysctl.o(i.SysCtlVoltageEventClear), (16 bytes).
    Removing sysctl.o(i.SysCtlVoltageEventConfig), (12 bytes).
    Removing sysctl.o(i.SysCtlVoltageEventStatus), (12 bytes).
    Removing timer.o(i.TimerADCEventGet), (4 bytes).
    Removing timer.o(i.TimerADCEventSet), (4 bytes).
    Removing timer.o(i.TimerClockSourceGet), (6 bytes).
    Removing timer.o(i.TimerControlEvent), (18 bytes).
    Removing timer.o(i.TimerControlLevel), (22 bytes).
    Removing timer.o(i.TimerControlStall), (22 bytes).
    Removing timer.o(i.TimerControlTrigger), (80 bytes).
    Removing timer.o(i.TimerControlWaitOnTrigger), (48 bytes).
    Removing timer.o(i.TimerDMAEventGet), (4 bytes).
    Removing timer.o(i.TimerDMAEventSet), (4 bytes).
    Removing timer.o(i.TimerIntRegister), (104 bytes).
    Removing timer.o(i.TimerIntUnregister), (104 bytes).
    Removing timer.o(i.TimerLoadGet), (10 bytes).
    Removing timer.o(i.TimerLoadGet64), (14 bytes).
    Removing timer.o(i.TimerLoadSet64), (6 bytes).
    Removing timer.o(i.TimerMatchGet), (10 bytes).
    Removing timer.o(i.TimerMatchGet64), (14 bytes).
    Removing timer.o(i.TimerMatchSet), (18 bytes).
    Removing timer.o(i.TimerMatchSet64), (6 bytes).
    Removing timer.o(i.TimerPrescaleGet), (10 bytes).
    Removing timer.o(i.TimerPrescaleMatchGet), (10 bytes).
    Removing timer.o(i.TimerPrescaleMatchSet), (18 bytes).
    Removing timer.o(i.TimerPrescaleSet), (18 bytes).
    Removing timer.o(i.TimerRTCDisable), (10 bytes).
    Removing timer.o(i.TimerRTCEnable), (10 bytes).
    Removing timer.o(i.TimerSynchronize), (4 bytes).
    Removing timer.o(i.TimerUpdateMode), (42 bytes).
    Removing timer.o(i.TimerValueGet), (10 bytes).
    Removing timer.o(i.TimerValueGet64), (14 bytes).
    Removing timer.o(.constdata), (160 bytes).
    Removing uart.o(i.UART9BitAddrSend), (38 bytes).
    Removing uart.o(i.UART9BitAddrSet), (10 bytes).
    Removing uart.o(i.UART9BitDisable), (14 bytes).
    Removing uart.o(i.UART9BitEnable), (14 bytes).
    Removing uart.o(i.UARTBreakCtl), (18 bytes).
    Removing uart.o(i.UARTBusy), (8 bytes).
    Removing uart.o(i.UARTCharGet), (12 bytes).
    Removing uart.o(i.UARTCharGetNonBlocking), (16 bytes).
    Removing uart.o(i.UARTCharPutNonBlocking), (16 bytes).
    Removing uart.o(i.UARTCharsAvail), (10 bytes).
    Removing uart.o(i.UARTClockSourceGet), (6 bytes).
    Removing uart.o(i.UARTDMADisable), (10 bytes).
    Removing uart.o(i.UARTDMAEnable), (8 bytes).
    Removing uart.o(i.UARTDisableSIR), (10 bytes).
    Removing uart.o(i.UARTEnableSIR), (18 bytes).
    Removing uart.o(i.UARTFIFODisable), (10 bytes).
    Removing uart.o(i.UARTFIFOLevelGet), (16 bytes).
    Removing uart.o(i.UARTFIFOLevelSet), (6 bytes).
    Removing uart.o(i.UARTFlowControlGet), (8 bytes).
    Removing uart.o(i.UARTFlowControlSet), (12 bytes).
    Removing uart.o(i.UARTIntClear), (4 bytes).
    Removing uart.o(i.UARTIntDisable), (10 bytes).
    Removing uart.o(i.UARTIntEnable), (8 bytes).
    Removing uart.o(i.UARTIntRegister), (88 bytes).
    Removing uart.o(i.UARTIntStatus), (10 bytes).
    Removing uart.o(i.UARTIntUnregister), (88 bytes).
    Removing uart.o(i.UARTModemControlClear), (14 bytes).
    Removing uart.o(i.UARTModemControlGet), (8 bytes).
    Removing uart.o(i.UARTModemControlSet), (12 bytes).
    Removing uart.o(i.UARTModemStatusGet), (10 bytes).
    Removing uart.o(i.UARTParityModeGet), (8 bytes).
    Removing uart.o(i.UARTParityModeSet), (12 bytes).
    Removing uart.o(i.UARTRxErrorClear), (6 bytes).
    Removing uart.o(i.UARTRxErrorGet), (8 bytes).
    Removing uart.o(i.UARTSmartCardDisable), (10 bytes).
    Removing uart.o(i.UARTSmartCardEnable), (22 bytes).
    Removing uart.o(i.UARTSpaceAvail), (10 bytes).
    Removing uart.o(i.UARTTxIntModeGet), (8 bytes).
    Removing uart.o(i.UARTTxIntModeSet), (12 bytes).
    Removing uart.o(.constdata), (128 bytes).
    Removing cpu.o(.emb_text), (38 bytes).

215 unused section(s) (total 7554 bytes) removed from the image.

==============================================================================

Image Symbol Table

    Local Symbols

    Symbol Name                              Value     Ov Type        Size  Object(Section)

    RESET                                    0x00000000   Section      620  startup_tm4c123.o(RESET)
    ../clib/angel/boardlib.s                 0x00000000   Number         0  boardinit2.o ABSOLUTE
    ../clib/angel/boardlib.s                 0x00000000   Number         0  boardinit1.o ABSOLUTE
    ../clib/angel/boardlib.s                 0x00000000   Number         0  boardinit3.o ABSOLUTE
    ../clib/angel/boardlib.s                 0x00000000   Number         0  boardshut.o ABSOLUTE
    ../clib/angel/handlers.s                 0x00000000   Number         0  __scatter_zi.o ABSOLUTE
    ../clib/angel/handlers.s                 0x00000000   Number         0  __scatter_copy.o ABSOLUTE
    ../clib/angel/kernel.s                   0x00000000   Number         0  rtexit.o ABSOLUTE
    ../clib/angel/kernel.s                   0x00000000   Number         0  __rtentry4.o ABSOLUTE
    ../clib/angel/kernel.s                   0x00000000   Number         0  __rtentry2.o ABSOLUTE
    ../clib/angel/kernel.s                   0x00000000   Number         0  __rtentry.o ABSOLUTE
    ../clib/angel/kernel.s                   0x00000000   Number         0  rtexit2.o ABSOLUTE
    ../clib/angel/rt.s                       0x00000000   Number         0  rt_raise.o ABSOLUTE
    ../clib/angel/scatter.s                  0x00000000   Number         0  __scatter.o ABSOLUTE
    ../clib/angel/startup.s                  0x00000000   Number         0  __main.o ABSOLUTE
    ../clib/angel/sys.s                      0x00000000   Number         0  libspace.o ABSOLUTE
    ../clib/angel/sys.s                      0x00000000   Number         0  sys_stackheap_outer.o ABSOLUTE
    ../clib/angel/sys.s                      0x00000000   Number         0  use_no_semi.o ABSOLUTE
    ../clib/angel/sys.s                      0x00000000   Number         0  indicate_semi.o ABSOLUTE
    ../clib/angel/sysapp.c                   0x00000000   Number         0  sys_command.o ABSOLUTE
    ../clib/angel/sysapp.c                   0x00000000   Number         0  sys_exit.o ABSOLUTE
    ../clib/angel/sysapp.c                   0x00000000   Number         0  sys_wrch.o ABSOLUTE
    ../clib/armsys.c                         0x00000000   Number         0  argv_veneer.o ABSOLUTE
    ../clib/armsys.c                         0x00000000   Number         0  argv_veneer.o ABSOLUTE
    ../clib/armsys.c                         0x00000000   Number         0  _get_argv_nomalloc.o ABSOLUTE
    ../clib/armsys.c                         0x00000000   Number         0  no_argv.o ABSOLUTE
    ../clib/heapalloc.c                      0x00000000   Number         0  hrguard.o ABSOLUTE
    ../clib/heapaux.c                        0x00000000   Number         0  heapauxi.o ABSOLUTE
    ../clib/libinit.s                        0x00000000   Number         0  libinit.o ABSOLUTE
    ../clib/libinit.s                        0x00000000   Number         0  libshutdown2.o ABSOLUTE
    ../clib/libinit.s                        0x00000000   Number         0  libinit2.o ABSOLUTE
    ../clib/libinit.s                        0x00000000   Number         0  libshutdown.o ABSOLUTE
    ../clib/signal.c                         0x00000000   Number         0  defsig_rtmem_inner.o ABSOLUTE
    ../clib/signal.c                         0x00000000   Number         0  defsig_exit.o ABSOLUTE
    ../clib/signal.c                         0x00000000   Number         0  defsig_rtmem_formal.o ABSOLUTE
    ../clib/signal.c                         0x00000000   Number         0  defsig_rtmem_outer.o ABSOLUTE
    ../clib/signal.c                         0x00000000   Number         0  defsig_other.o ABSOLUTE
    ../clib/signal.c                         0x00000000   Number         0  defsig_segv_inner.o ABSOLUTE
    ../clib/signal.c                         0x00000000   Number         0  defsig_cppl_inner.o ABSOLUTE
    ../clib/signal.c                         0x00000000   Number         0  defsig_pvfn_inner.o ABSOLUTE
    ../clib/signal.c                         0x00000000   Number         0  defsig_rtred_inner.o ABSOLUTE
    ../clib/signal.c                         0x00000000   Number         0  defsig_fpe_inner.o ABSOLUTE
    ../clib/signal.c                         0x00000000   Number         0  defsig_abrt_inner.o ABSOLUTE
    ../clib/signal.c                         0x00000000   Number         0  defsig_general.o ABSOLUTE
    ../clib/signal.c                         0x00000000   Number         0  __raise.o ABSOLUTE
    ../clib/signal.c                         0x00000000   Number         0  defsig_stak_inner.o ABSOLUTE
    ../clib/signal.s                         0x00000000   Number         0  defsig.o ABSOLUTE
    ../clib/stdlib.c                         0x00000000   Number         0  exit.o ABSOLUTE
    ../fplib/fpinit.s                        0x00000000   Number         0  fpinit.o ABSOLUTE
    RTE\Device\TM4C123GH6PM\startup_TM4C123.s 0x00000000   Number         0  startup_tm4c123.o ABSOLUTE
    RTE\Device\TM4C123GH6PM\system_TM4C123.c 0x00000000   Number         0  system_tm4c123.o ABSOLUTE
    RTE\\Device\\TM4C123GH6PM\\system_TM4C123.c 0x00000000   Number         0  system_tm4c123.o ABSOLUTE
    cpu.c                                    0x00000000   Number         0  cpu.o ABSOLUTE
    cpu.c                                    0x00000000   Number         0  cpu.o ABSOLUTE
    dc.s                                     0x00000000   Number         0  dc.o ABSOLUTE
    display.c                                0x00000000   Number         0  display.o ABSOLUTE
    gpio.c                                   0x00000000   Number         0  gpio.o ABSOLUTE
    gpio_handler.c                           0x00000000   Number         0  gpio_handler.o ABSOLUTE
    interrupt.c                              0x00000000   Number         0  interrupt.o ABSOLUTE
    main.c                                   0x00000000   Number         0  main.o ABSOLUTE
    pwm.c                                    0x00000000   Number         0  pwm.o ABSOLUTE
    pwm_handler.c                            0x00000000   Number         0  pwm_handler.o ABSOLUTE
    sysctl.c                                 0x00000000   Number         0  sysctl.o ABSOLUTE
    sysctl.c                                 0x00000000   Number         0  sysctl.o ABSOLUTE
    timer.c                                  0x00000000   Number         0  timer.o ABSOLUTE
    timer.c                                  0x00000000   Number         0  timer.o ABSOLUTE
    uart.c                                   0x00000000   Number         0  uart.o ABSOLUTE
    !!!main                                  0x0000026c   Section        8  __main.o(!!!main)
    !!!scatter                               0x00000274   Section       52  __scatter.o(!!!scatter)
    !!handler_copy                           0x000002a8   Section       26  __scatter_copy.o(!!handler_copy)
    !!handler_zi                             0x000002c4   Section       28  __scatter_zi.o(!!handler_zi)
    .ARM.Collect$$libinit$$00000000          0x000002e0   Section        2  libinit.o(.ARM.Collect$$libinit$$00000000)
    .ARM.Collect$$libinit$$00000001          0x000002e2   Section        4  libinit2.o(.ARM.Collect$$libinit$$00000001)
    .ARM.Collect$$libinit$$00000004          0x000002e6   Section        0  libinit2.o(.ARM.Collect$$libinit$$00000004)
    .ARM.Collect$$libinit$$0000000A          0x000002e6   Section        0  libinit2.o(.ARM.Collect$$libinit$$0000000A)
    .ARM.Collect$$libinit$$0000000C          0x000002e6   Section        0  libinit2.o(.ARM.Collect$$libinit$$0000000C)
    .ARM.Collect$$libinit$$0000000E          0x000002e6   Section        0  libinit2.o(.ARM.Collect$$libinit$$0000000E)
    .ARM.Collect$$libinit$$00000011          0x000002e6   Section        0  libinit2.o(.ARM.Collect$$libinit$$00000011)
    .ARM.Collect$$libinit$$00000013          0x000002e6   Section        0  libinit2.o(.ARM.Collect$$libinit$$00000013)
    .ARM.Collect$$libinit$$00000015          0x000002e6   Section        0  libinit2.o(.ARM.Collect$$libinit$$00000015)
    .ARM.Collect$$libinit$$00000017          0x000002e6   Section        0  libinit2.o(.ARM.Collect$$libinit$$00000017)
    .ARM.Collect$$libinit$$00000019          0x000002e6   Section        0  libinit2.o(.ARM.Collect$$libinit$$00000019)
    .ARM.Collect$$libinit$$0000001B          0x000002e6   Section        0  libinit2.o(.ARM.Collect$$libinit$$0000001B)
    .ARM.Collect$$libinit$$0000001D          0x000002e6   Section        0  libinit2.o(.ARM.Collect$$libinit$$0000001D)
    .ARM.Collect$$libinit$$0000001F          0x000002e6   Section        0  libinit2.o(.ARM.Collect$$libinit$$0000001F)
    .ARM.Collect$$libinit$$00000021          0x000002e6   Section        0  libinit2.o(.ARM.Collect$$libinit$$00000021)
    .ARM.Collect$$libinit$$00000023          0x000002e6   Section        0  libinit2.o(.ARM.Collect$$libinit$$00000023)
    .ARM.Collect$$libinit$$00000025          0x000002e6   Section        0  libinit2.o(.ARM.Collect$$libinit$$00000025)
    .ARM.Collect$$libinit$$0000002C          0x000002e6   Section        0  libinit2.o(.ARM.Collect$$libinit$$0000002C)
    .ARM.Collect$$libinit$$0000002E          0x000002e6   Section        0  libinit2.o(.ARM.Collect$$libinit$$0000002E)
    .ARM.Collect$$libinit$$00000030          0x000002e6   Section        0  libinit2.o(.ARM.Collect$$libinit$$00000030)
    .ARM.Collect$$libinit$$00000032          0x000002e6   Section        0  libinit2.o(.ARM.Collect$$libinit$$00000032)
    .ARM.Collect$$libinit$$00000033          0x000002e6   Section        2  libinit2.o(.ARM.Collect$$libinit$$00000033)
    .ARM.Collect$$libshutdown$$00000000      0x000002e8   Section        2  libshutdown.o(.ARM.Collect$$libshutdown$$00000000)
    .ARM.Collect$$libshutdown$$00000002      0x000002ea   Section        0  libshutdown2.o(.ARM.Collect$$libshutdown$$00000002)
    .ARM.Collect$$libshutdown$$00000004      0x000002ea   Section        0  libshutdown2.o(.ARM.Collect$$libshutdown$$00000004)
    .ARM.Collect$$libshutdown$$00000007      0x000002ea   Section        0  libshutdown2.o(.ARM.Collect$$libshutdown$$00000007)
    .ARM.Collect$$libshutdown$$0000000A      0x000002ea   Section        0  libshutdown2.o(.ARM.Collect$$libshutdown$$0000000A)
    .ARM.Collect$$libshutdown$$0000000C      0x000002ea   Section        0  libshutdown2.o(.ARM.Collect$$libshutdown$$0000000C)
    .ARM.Collect$$libshutdown$$0000000F      0x000002ea   Section        0  libshutdown2.o(.ARM.Collect$$libshutdown$$0000000F)
    .ARM.Collect$$libshutdown$$00000010      0x000002ea   Section        2  libshutdown2.o(.ARM.Collect$$libshutdown$$00000010)
    .ARM.Collect$$rtentry$$00000000          0x000002ec   Section        0  __rtentry.o(.ARM.Collect$$rtentry$$00000000)
    .ARM.Collect$$rtentry$$00000002          0x000002ec   Section        0  __rtentry2.o(.ARM.Collect$$rtentry$$00000002)
    .ARM.Collect$$rtentry$$00000004          0x000002ec   Section        6  __rtentry4.o(.ARM.Collect$$rtentry$$00000004)
    .ARM.Collect$$rtentry$$00000009          0x000002f2   Section        0  __rtentry2.o(.ARM.Collect$$rtentry$$00000009)
    .ARM.Collect$$rtentry$$0000000A          0x000002f2   Section        4  __rtentry2.o(.ARM.Collect$$rtentry$$0000000A)
    .ARM.Collect$$rtentry$$0000000C          0x000002f6   Section        0  __rtentry2.o(.ARM.Collect$$rtentry$$0000000C)
    .ARM.Collect$$rtentry$$0000000D          0x000002f6   Section        8  __rtentry2.o(.ARM.Collect$$rtentry$$0000000D)
    .ARM.Collect$$rtexit$$00000000           0x000002fe   Section        2  rtexit.o(.ARM.Collect$$rtexit$$00000000)
    .ARM.Collect$$rtexit$$00000002           0x00000300   Section        0  rtexit2.o(.ARM.Collect$$rtexit$$00000002)
    .ARM.Collect$$rtexit$$00000003           0x00000300   Section        4  rtexit2.o(.ARM.Collect$$rtexit$$00000003)
    .ARM.Collect$$rtexit$$00000004           0x00000304   Section        6  rtexit2.o(.ARM.Collect$$rtexit$$00000004)
    .emb_text                                0x0000030c   Section        6  sysctl.o(.emb_text)
    $v0                                      0x0000030c   Number         0  sysctl.o(.emb_text)
    .text                                    0x00000314   Section      276  startup_tm4c123.o(.text)
    $v0                                      0x00000314   Number         0  startup_tm4c123.o(.text)
    .text                                    0x00000428   Section        0  heapauxi.o(.text)
    .text                                    0x0000042e   Section       74  sys_stackheap_outer.o(.text)
    .text                                    0x00000478   Section        0  exit.o(.text)
    .text                                    0x0000048c   Section        8  libspace.o(.text)
    .text                                    0x00000494   Section        0  sys_exit.o(.text)
    .text                                    0x000004a0   Section        2  use_no_semi.o(.text)
    .text                                    0x000004a2   Section        0  indicate_semi.o(.text)
    i.BitId_PWM                              0x000004a4   Section        0  pwm_handler.o(i.BitId_PWM)
    i.Clock_Ticks                            0x000005a4   Section        0  pwm_handler.o(i.Clock_Ticks)
    i.Display_Char                           0x000005bc   Section        0  display.o(i.Display_Char)
    i.Display_Init                           0x000005d0   Section        0  display.o(i.Display_Init)
    i.Display_NewLine                        0x00000648   Section        0  display.o(i.Display_NewLine)
    i.Display_String                         0x00000658   Section        0  display.o(i.Display_String)
    i.Duty_Cycle                             0x0000066e   Section        0  pwm_handler.o(i.Duty_Cycle)
    i.Encoded_Offset_PWM                     0x000006dc   Section        0  pwm_handler.o(i.Encoded_Offset_PWM)
    i.GPIODirModeSet                         0x000007e8   Section        0  gpio.o(i.GPIODirModeSet)
    i.GPIOF_Handler                          0x00000810   Section        0  main.o(i.GPIOF_Handler)
    i.GPIOIntClear                           0x0000086c   Section        0  gpio.o(i.GPIOIntClear)
    i.GPIOIntDisable                         0x00000872   Section        0  gpio.o(i.GPIOIntDisable)
    i.GPIOIntEnable                          0x00000880   Section        0  gpio.o(i.GPIOIntEnable)
    i.GPIOIntStatus                          0x0000088c   Section        0  gpio.o(i.GPIOIntStatus)
    i.GPIOIntTypeSet                         0x0000089a   Section        0  gpio.o(i.GPIOIntTypeSet)
    i.GPIOPadConfigSet                       0x000008ea   Section        0  gpio.o(i.GPIOPadConfigSet)
    i.GPIOPinConfigure                       0x00000a24   Section        0  gpio.o(i.GPIOPinConfigure)
    i.GPIOPinRead                            0x00000a68   Section        0  gpio.o(i.GPIOPinRead)
    i.GPIOPinTypeGPIOInput                   0x00000a6e   Section        0  gpio.o(i.GPIOPinTypeGPIOInput)
    i.GPIOPinTypePWM                         0x00000a8a   Section        0  gpio.o(i.GPIOPinTypePWM)
    i.GPIOPinTypeUART                        0x00000aa6   Section        0  gpio.o(i.GPIOPinTypeUART)
    i.GPIO_Configure_PWM                     0x00000ac4   Section        0  pwm_handler.o(i.GPIO_Configure_PWM)
    i.Gen_PWM                                0x00000ccc   Section        0  pwm_handler.o(i.Gen_PWM)
    i.Init_PWM                               0x00000dc0   Section        0  pwm_handler.o(i.Init_PWM)
    i.IntDisable                             0x00000e30   Section        0  interrupt.o(i.IntDisable)
    i.IntEnable                              0x00000e94   Section        0  interrupt.o(i.IntEnable)
    i.IntPrioritySet                         0x00000ef8   Section        0  interrupt.o(i.IntPrioritySet)
    i.PWMGenConfigure                        0x00000f20   Section        0  pwm.o(i.PWMGenConfigure)
    i.PWMGenDisable                          0x00000f46   Section        0  pwm.o(i.PWMGenDisable)
    i.PWMGenEnable                           0x00000f50   Section        0  pwm.o(i.PWMGenEnable)
    i.PWMGenPeriodGet                        0x00000f5a   Section        0  pwm.o(i.PWMGenPeriodGet)
    i.PWMGenPeriodSet                        0x00000f6c   Section        0  pwm.o(i.PWMGenPeriodSet)
    i.PWMOutputState                         0x00000f7e   Section        0  pwm.o(i.PWMOutputState)
    i.PWMPulseWidthSet                       0x00000f8e   Section        0  pwm.o(i.PWMPulseWidthSet)
    i.PWM_Base                               0x00000fb0   Section        0  pwm_handler.o(i.PWM_Base)
    i.Periph_PWM                             0x0000100c   Section        0  pwm_handler.o(i.Periph_PWM)
    i.ReadPinState                           0x00001064   Section        0  gpio_handler.o(i.ReadPinState)
    i.SetGPIOInput                           0x00001088   Section        0  gpio_handler.o(i.SetGPIOInput)
    i.SetGPIOInterrupt                       0x000010dc   Section        0  gpio_handler.o(i.SetGPIOInterrupt)
    i.State_PWM                              0x00001128   Section        0  pwm_handler.o(i.State_PWM)
    i.SysCtlClockGet                         0x000011a8   Section        0  sysctl.o(i.SysCtlClockGet)
    i.SysCtlClockSet                         0x000012fc   Section        0  sysctl.o(i.SysCtlClockSet)
    i.SysCtlPWMClockSet                      0x0000141c   Section        0  sysctl.o(i.SysCtlPWMClockSet)
    i.SysCtlPeripheralEnable                 0x00001430   Section        0  sysctl.o(i.SysCtlPeripheralEnable)
    i.Sys_Ctl_Enable                         0x00001458   Section        0  pwm_handler.o(i.Sys_Ctl_Enable)
    i.SystemInit                             0x000014bc   Section        0  system_tm4c123.o(i.SystemInit)
    i.TIMER1A_Handler                        0x00001554   Section        0  main.o(i.TIMER1A_Handler)
    i.TIMER2A_Handler                        0x000015ac   Section        0  main.o(i.TIMER2A_Handler)
    i.TIMER_1_Init                           0x00001608   Section        0  timer.o(i.TIMER_1_Init)
    i.TIMER_2_Init                           0x00001668   Section        0  timer.o(i.TIMER_2_Init)
    i.TIMER_reload_calculator                0x000016c8   Section        0  timer.o(i.TIMER_reload_calculator)
    i.TimerClockSourceSet                    0x000016e6   Section        0  timer.o(i.TimerClockSourceSet)
    i.TimerConfigure                         0x000016ec   Section        0  timer.o(i.TimerConfigure)
    i.TimerDisable                           0x0000174c   Section        0  timer.o(i.TimerDisable)
    i.TimerEnable                            0x0000175c   Section        0  timer.o(i.TimerEnable)
    i.TimerIntClear                          0x0000176a   Section        0  timer.o(i.TimerIntClear)
    i.TimerIntDisable                        0x0000176e   Section        0  timer.o(i.TimerIntDisable)
    i.TimerIntEnable                         0x00001778   Section        0  timer.o(i.TimerIntEnable)
    i.TimerIntStatus                         0x00001780   Section        0  timer.o(i.TimerIntStatus)
    i.TimerLoadSet                           0x0000178a   Section        0  timer.o(i.TimerLoadSet)
    i.UARTCharPut                            0x0000179c   Section        0  uart.o(i.UARTCharPut)
    i.UARTClockSourceSet                     0x000017a8   Section        0  uart.o(i.UARTClockSourceSet)
    i.UARTConfigGetExpClk                    0x000017ae   Section        0  uart.o(i.UARTConfigGetExpClk)
    i.UARTConfigSetExpClk                    0x000017dc   Section        0  uart.o(i.UARTConfigSetExpClk)
    i.UARTDisable                            0x0000184a   Section        0  uart.o(i.UARTDisable)
    i.UARTEnable                             0x00001868   Section        0  uart.o(i.UARTEnable)
    i.UARTFIFOEnable                         0x0000187c   Section        0  uart.o(i.UARTFIFOEnable)
    i.getPeriphAddress                       0x00001888   Section        0  gpio_handler.o(i.getPeriphAddress)
    i.getPortAddress                         0x000018ac   Section        0  gpio_handler.o(i.getPortAddress)
    i.main                                   0x000018d0   Section        0  main.o(i.main)
    x$fpl$fpinit                             0x0000195c   Section       10  fpinit.o(x$fpl$fpinit)
    $v0                                      0x0000195c   Number         0  fpinit.o(x$fpl$fpinit)
    .constdata                               0x00001968   Section      528  gpio.o(.constdata)
    g_ppui32GPIOIntMapBlizzard               0x00001968   Data         192  gpio.o(.constdata)
    g_ppui32GPIOIntMapSnowflake              0x00001a28   Data         192  gpio.o(.constdata)
    g_pui32GPIOBaseAddrs                     0x00001ae8   Data         144  gpio.o(.constdata)
    .constdata                               0x00001b78   Section      268  interrupt.o(.constdata)
    g_pui32Priority                          0x00001b78   Data          32  interrupt.o(.constdata)
    g_pui32Regs                              0x00001b98   Data         156  interrupt.o(.constdata)
    g_pui32EnRegs                            0x00001c34   Data          20  interrupt.o(.constdata)
    g_pui32Dii16Regs                         0x00001c48   Data          20  interrupt.o(.constdata)
    g_pui32PendRegs                          0x00001c5c   Data          20  interrupt.o(.constdata)
    g_pui32UnpendRegs                        0x00001c70   Data          20  interrupt.o(.constdata)
    .constdata                               0x00001c84   Section      452  sysctl.o(.constdata)
    g_pui32VCOFrequencies                    0x00001c84   Data           8  sysctl.o(.constdata)
    g_pui32Xtals                             0x00001c8c   Data         108  sysctl.o(.constdata)
    g_pppui32XTALtoVCO                       0x00001cf8   Data         288  sysctl.o(.constdata)
    g_sXTALtoMEMTIM                          0x00001e18   Data          48  sysctl.o(.constdata)
    .data                                    0x20000000   Section        4  main.o(.data)
    duty_cycle                               0x20000000   Data           4  main.o(.data)
    .data                                    0x20000004   Section        4  display.o(.data)
    .bss                                     0x20000008   Section       96  libspace.o(.bss)
    HEAP                                     0x20000068   Section        0  startup_tm4c123.o(HEAP)
    STACK                                    0x20000068   Section      512  startup_tm4c123.o(STACK)
    Heap_Mem                                 0x20000068   Data           0  startup_tm4c123.o(HEAP)
    Stack_Mem                                0x20000068   Data         512  startup_tm4c123.o(STACK)
    __initial_sp                             0x20000268   Data           0  startup_tm4c123.o(STACK)

    Global Symbols

    Symbol Name                              Value     Ov Type        Size  Object(Section)

    BuildAttributes$$THM_ISAv4$E$P$D$K$B$S$7EM$VFPi3$EXTD16$VFPS$VFMA$PE$A:L22UL41UL21$X:L11$S22US41US21$IEEE1$IW$USESV6$~STKCKD$USESV7$~SHL$OTIME$ROPI$EBA8$UX$STANDARDLIB$REQ8$PRES8$EABIv2 0x00000000   Number         0  anon$$obj.o ABSOLUTE
    __ARM_use_no_argv                        0x00000000   Number         0  main.o ABSOLUTE
    __Vectors                                0x00000000   Data           4  startup_tm4c123.o(RESET)
    __ARM_exceptions_init                     - Undefined Weak Reference
    __alloca_initialize                       - Undefined Weak Reference
    __arm_preinit_                            - Undefined Weak Reference
    __cpp_initialize__aeabi_                  - Undefined Weak Reference
    __cxa_finalize                            - Undefined Weak Reference
    __rt_locale                               - Undefined Weak Reference
    __sigvec_lookup                           - Undefined Weak Reference
    _atexit_init                              - Undefined Weak Reference
    _call_atexit_fns                          - Undefined Weak Reference
    _clock_init                               - Undefined Weak Reference
    _fp_trap_init                             - Undefined Weak Reference
    _fp_trap_shutdown                         - Undefined Weak Reference
    _get_lc_collate                           - Undefined Weak Reference
    _get_lc_ctype                             - Undefined Weak Reference
    _get_lc_monetary                          - Undefined Weak Reference
    _get_lc_numeric                           - Undefined Weak Reference
    _get_lc_time                              - Undefined Weak Reference
    _getenv_init                              - Undefined Weak Reference
    _handle_redirection                       - Undefined Weak Reference
    _init_alloc                               - Undefined Weak Reference
    _init_user_alloc                          - Undefined Weak Reference
    _initio                                   - Undefined Weak Reference
    _rand_init                                - Undefined Weak Reference
    _signal_finish                            - Undefined Weak Reference
    _signal_init                              - Undefined Weak Reference
    _terminate_alloc                          - Undefined Weak Reference
    _terminate_user_alloc                     - Undefined Weak Reference
    _terminateio                              - Undefined Weak Reference
    __Vectors_End                            0x0000026c   Data           0  startup_tm4c123.o(RESET)
    __Vectors_Size                           0x0000026c   Number         0  startup_tm4c123.o ABSOLUTE
    __main                                   0x0000026d   Thumb Code     8  __main.o(!!!main)
    __scatterload                            0x00000275   Thumb Code     0  __scatter.o(!!!scatter)
    __scatterload_rt2                        0x00000275   Thumb Code    44  __scatter.o(!!!scatter)
    __scatterload_rt2_thumb_only             0x00000275   Thumb Code     0  __scatter.o(!!!scatter)
    __scatterload_null                       0x00000283   Thumb Code     0  __scatter.o(!!!scatter)
    __scatterload_copy                       0x000002a9   Thumb Code    26  __scatter_copy.o(!!handler_copy)
    __scatterload_zeroinit                   0x000002c5   Thumb Code    28  __scatter_zi.o(!!handler_zi)
    __rt_lib_init                            0x000002e1   Thumb Code     0  libinit.o(.ARM.Collect$$libinit$$00000000)
    __rt_lib_init_fp_1                       0x000002e3   Thumb Code     0  libinit2.o(.ARM.Collect$$libinit$$00000001)
    __rt_lib_init_alloca_1                   0x000002e7   Thumb Code     0  libinit2.o(.ARM.Collect$$libinit$$0000002E)
    __rt_lib_init_argv_1                     0x000002e7   Thumb Code     0  libinit2.o(.ARM.Collect$$libinit$$0000002C)
    __rt_lib_init_atexit_1                   0x000002e7   Thumb Code     0  libinit2.o(.ARM.Collect$$libinit$$0000001B)
    __rt_lib_init_clock_1                    0x000002e7   Thumb Code     0  libinit2.o(.ARM.Collect$$libinit$$00000021)
    __rt_lib_init_cpp_1                      0x000002e7   Thumb Code     0  libinit2.o(.ARM.Collect$$libinit$$00000032)
    __rt_lib_init_exceptions_1               0x000002e7   Thumb Code     0  libinit2.o(.ARM.Collect$$libinit$$00000030)
    __rt_lib_init_fp_trap_1                  0x000002e7   Thumb Code     0  libinit2.o(.ARM.Collect$$libinit$$0000001F)
    __rt_lib_init_getenv_1                   0x000002e7   Thumb Code     0  libinit2.o(.ARM.Collect$$libinit$$00000023)
    __rt_lib_init_heap_1                     0x000002e7   Thumb Code     0  libinit2.o(.ARM.Collect$$libinit$$0000000A)
    __rt_lib_init_lc_collate_1               0x000002e7   Thumb Code     0  libinit2.o(.ARM.Collect$$libinit$$00000011)
    __rt_lib_init_lc_ctype_1                 0x000002e7   Thumb Code     0  libinit2.o(.ARM.Collect$$libinit$$00000013)
    __rt_lib_init_lc_monetary_1              0x000002e7   Thumb Code     0  libinit2.o(.ARM.Collect$$libinit$$00000015)
    __rt_lib_init_lc_numeric_1               0x000002e7   Thumb Code     0  libinit2.o(.ARM.Collect$$libinit$$00000017)
    __rt_lib_init_lc_time_1                  0x000002e7   Thumb Code     0  libinit2.o(.ARM.Collect$$libinit$$00000019)
    __rt_lib_init_preinit_1                  0x000002e7   Thumb Code     0  libinit2.o(.ARM.Collect$$libinit$$00000004)
    __rt_lib_init_rand_1                     0x000002e7   Thumb Code     0  libinit2.o(.ARM.Collect$$libinit$$0000000E)
    __rt_lib_init_return                     0x000002e7   Thumb Code     0  libinit2.o(.ARM.Collect$$libinit$$00000033)
    __rt_lib_init_signal_1                   0x000002e7   Thumb Code     0  libinit2.o(.ARM.Collect$$libinit$$0000001D)
    __rt_lib_init_stdio_1                    0x000002e7   Thumb Code     0  libinit2.o(.ARM.Collect$$libinit$$00000025)
    __rt_lib_init_user_alloc_1               0x000002e7   Thumb Code     0  libinit2.o(.ARM.Collect$$libinit$$0000000C)
    __rt_lib_shutdown                        0x000002e9   Thumb Code     0  libshutdown.o(.ARM.Collect$$libshutdown$$00000000)
    __rt_lib_shutdown_cpp_1                  0x000002eb   Thumb Code     0  libshutdown2.o(.ARM.Collect$$libshutdown$$00000002)
    __rt_lib_shutdown_fp_trap_1              0x000002eb   Thumb Code     0  libshutdown2.o(.ARM.Collect$$libshutdown$$00000007)
    __rt_lib_shutdown_heap_1                 0x000002eb   Thumb Code     0  libshutdown2.o(.ARM.Collect$$libshutdown$$0000000F)
    __rt_lib_shutdown_return                 0x000002eb   Thumb Code     0  libshutdown2.o(.ARM.Collect$$libshutdown$$00000010)
    __rt_lib_shutdown_signal_1               0x000002eb   Thumb Code     0  libshutdown2.o(.ARM.Collect$$libshutdown$$0000000A)
    __rt_lib_shutdown_stdio_1                0x000002eb   Thumb Code     0  libshutdown2.o(.ARM.Collect$$libshutdown$$00000004)
    __rt_lib_shutdown_user_alloc_1           0x000002eb   Thumb Code     0  libshutdown2.o(.ARM.Collect$$libshutdown$$0000000C)
    __rt_entry                               0x000002ed   Thumb Code     0  __rtentry.o(.ARM.Collect$$rtentry$$00000000)
    __rt_entry_presh_1                       0x000002ed   Thumb Code     0  __rtentry2.o(.ARM.Collect$$rtentry$$00000002)
    __rt_entry_sh                            0x000002ed   Thumb Code     0  __rtentry4.o(.ARM.Collect$$rtentry$$00000004)
    __rt_entry_li                            0x000002f3   Thumb Code     0  __rtentry2.o(.ARM.Collect$$rtentry$$0000000A)
    __rt_entry_postsh_1                      0x000002f3   Thumb Code     0  __rtentry2.o(.ARM.Collect$$rtentry$$00000009)
    __rt_entry_main                          0x000002f7   Thumb Code     0  __rtentry2.o(.ARM.Collect$$rtentry$$0000000D)
    __rt_entry_postli_1                      0x000002f7   Thumb Code     0  __rtentry2.o(.ARM.Collect$$rtentry$$0000000C)
    __rt_exit                                0x000002ff   Thumb Code     0  rtexit.o(.ARM.Collect$$rtexit$$00000000)
    __rt_exit_ls                             0x00000301   Thumb Code     0  rtexit2.o(.ARM.Collect$$rtexit$$00000003)
    __rt_exit_prels_1                        0x00000301   Thumb Code     0  rtexit2.o(.ARM.Collect$$rtexit$$00000002)
    __rt_exit_exit                           0x00000305   Thumb Code     0  rtexit2.o(.ARM.Collect$$rtexit$$00000004)
    SysCtlDelay                              0x0000030d   Thumb Code     6  sysctl.o(.emb_text)
    Reset_Handler                            0x00000315   Thumb Code     8  startup_tm4c123.o(.text)
    NMI_Handler                              0x0000031d   Thumb Code     2  startup_tm4c123.o(.text)
    HardFault_Handler                        0x0000031f   Thumb Code     2  startup_tm4c123.o(.text)
    MemManage_Handler                        0x00000321   Thumb Code     2  startup_tm4c123.o(.text)
    BusFault_Handler                         0x00000323   Thumb Code     2  startup_tm4c123.o(.text)
    UsageFault_Handler                       0x00000325   Thumb Code     2  startup_tm4c123.o(.text)
    SVC_Handler                              0x00000327   Thumb Code     2  startup_tm4c123.o(.text)
    DebugMon_Handler                         0x00000329   Thumb Code     2  startup_tm4c123.o(.text)
    PendSV_Handler                           0x0000032b   Thumb Code     2  startup_tm4c123.o(.text)
    SysTick_Handler                          0x0000032d   Thumb Code     2  startup_tm4c123.o(.text)
    GPIOA_Handler                            0x0000032f   Thumb Code     2  startup_tm4c123.o(.text)
    GPIOB_Handler                            0x00000331   Thumb Code     2  startup_tm4c123.o(.text)
    GPIOC_Handler                            0x00000333   Thumb Code     2  startup_tm4c123.o(.text)
    GPIOD_Handler                            0x00000335   Thumb Code     2  startup_tm4c123.o(.text)
    GPIOE_Handler                            0x00000337   Thumb Code     2  startup_tm4c123.o(.text)
    UART0_Handler                            0x00000339   Thumb Code     2  startup_tm4c123.o(.text)
    UART1_Handler                            0x0000033b   Thumb Code     2  startup_tm4c123.o(.text)
    SSI0_Handler                             0x0000033d   Thumb Code     2  startup_tm4c123.o(.text)
    I2C0_Handler                             0x0000033f   Thumb Code     2  startup_tm4c123.o(.text)
    PMW0_FAULT_Handler                       0x00000341   Thumb Code     2  startup_tm4c123.o(.text)
    PWM0_0_Handler                           0x00000343   Thumb Code     2  startup_tm4c123.o(.text)
    PWM0_1_Handler                           0x00000345   Thumb Code     2  startup_tm4c123.o(.text)
    PWM0_2_Handler                           0x00000347   Thumb Code     2  startup_tm4c123.o(.text)
    QEI0_Handler                             0x00000349   Thumb Code     2  startup_tm4c123.o(.text)
    ADC0SS0_Handler                          0x0000034b   Thumb Code     2  startup_tm4c123.o(.text)
    ADC0SS1_Handler                          0x0000034d   Thumb Code     2  startup_tm4c123.o(.text)
    ADC0SS2_Handler                          0x0000034f   Thumb Code     2  startup_tm4c123.o(.text)
    ADC0SS3_Handler                          0x00000351   Thumb Code     2  startup_tm4c123.o(.text)
    WDT0_Handler                             0x00000353   Thumb Code     2  startup_tm4c123.o(.text)
    TIMER0A_Handler                          0x00000355   Thumb Code     2  startup_tm4c123.o(.text)
    TIMER0B_Handler                          0x00000357   Thumb Code     2  startup_tm4c123.o(.text)
    TIMER1B_Handler                          0x0000035b   Thumb Code     2  startup_tm4c123.o(.text)
    TIMER2B_Handler                          0x0000035f   Thumb Code     2  startup_tm4c123.o(.text)
    COMP0_Handler                            0x00000361   Thumb Code     2  startup_tm4c123.o(.text)
    COMP1_Handler                            0x00000363   Thumb Code     2  startup_tm4c123.o(.text)
    COMP2_Handler                            0x00000365   Thumb Code     2  startup_tm4c123.o(.text)
    SYSCTL_Handler                           0x00000367   Thumb Code     2  startup_tm4c123.o(.text)
    FLASH_Handler                            0x00000369   Thumb Code     2  startup_tm4c123.o(.text)
    GPIOG_Handler                            0x0000036d   Thumb Code     2  startup_tm4c123.o(.text)
    GPIOH_Handler                            0x0000036f   Thumb Code     2  startup_tm4c123.o(.text)
    UART2_Handler                            0x00000371   Thumb Code     2  startup_tm4c123.o(.text)
    SSI1_Handler                             0x00000373   Thumb Code     2  startup_tm4c123.o(.text)
    TIMER3A_Handler                          0x00000375   Thumb Code     2  startup_tm4c123.o(.text)
    TIMER3B_Handler                          0x00000377   Thumb Code     2  startup_tm4c123.o(.text)
    I2C1_Handler                             0x00000379   Thumb Code     2  startup_tm4c123.o(.text)
    QEI1_Handler                             0x0000037b   Thumb Code     2  startup_tm4c123.o(.text)
    CAN0_Handler                             0x0000037d   Thumb Code     2  startup_tm4c123.o(.text)
    CAN1_Handler                             0x0000037f   Thumb Code     2  startup_tm4c123.o(.text)
    CAN2_Handler                             0x00000381   Thumb Code     2  startup_tm4c123.o(.text)
    HIB_Handler                              0x00000383   Thumb Code     2  startup_tm4c123.o(.text)
    USB0_Handler                             0x00000385   Thumb Code     2  startup_tm4c123.o(.text)
    PWM0_3_Handler                           0x00000387   Thumb Code     2  startup_tm4c123.o(.text)
    UDMA_Handler                             0x00000389   Thumb Code     2  startup_tm4c123.o(.text)
    UDMAERR_Handler                          0x0000038b   Thumb Code     2  startup_tm4c123.o(.text)
    ADC1SS0_Handler                          0x0000038d   Thumb Code     2  startup_tm4c123.o(.text)
    ADC1SS1_Handler                          0x0000038f   Thumb Code     2  startup_tm4c123.o(.text)
    ADC1SS2_Handler                          0x00000391   Thumb Code     2  startup_tm4c123.o(.text)
    ADC1SS3_Handler                          0x00000393   Thumb Code     2  startup_tm4c123.o(.text)
    GPIOJ_Handler                            0x00000395   Thumb Code     2  startup_tm4c123.o(.text)
    GPIOK_Handler                            0x00000397   Thumb Code     2  startup_tm4c123.o(.text)
    GPIOL_Handler                            0x00000399   Thumb Code     2  startup_tm4c123.o(.text)
    SSI2_Handler                             0x0000039b   Thumb Code     2  startup_tm4c123.o(.text)
    SSI3_Handler                             0x0000039d   Thumb Code     2  startup_tm4c123.o(.text)
    UART3_Handler                            0x0000039f   Thumb Code     2  startup_tm4c123.o(.text)
    UART4_Handler                            0x000003a1   Thumb Code     2  startup_tm4c123.o(.text)
    UART5_Handler                            0x000003a3   Thumb Code     2  startup_tm4c123.o(.text)
    UART6_Handler                            0x000003a5   Thumb Code     2  startup_tm4c123.o(.text)
    UART7_Handler                            0x000003a7   Thumb Code     2  startup_tm4c123.o(.text)
    I2C2_Handler                             0x000003a9   Thumb Code     2  startup_tm4c123.o(.text)
    I2C3_Handler                             0x000003ab   Thumb Code     2  startup_tm4c123.o(.text)
    TIMER4A_Handler                          0x000003ad   Thumb Code     2  startup_tm4c123.o(.text)
    TIMER4B_Handler                          0x000003af   Thumb Code     2  startup_tm4c123.o(.text)
    TIMER5A_Handler                          0x000003b1   Thumb Code     2  startup_tm4c123.o(.text)
    TIMER5B_Handler                          0x000003b3   Thumb Code     2  startup_tm4c123.o(.text)
    WTIMER0A_Handler                         0x000003b5   Thumb Code     2  startup_tm4c123.o(.text)
    WTIMER0B_Handler                         0x000003b7   Thumb Code     2  startup_tm4c123.o(.text)
    WTIMER1A_Handler                         0x000003b9   Thumb Code     2  startup_tm4c123.o(.text)
    WTIMER1B_Handler                         0x000003bb   Thumb Code     2  startup_tm4c123.o(.text)
    WTIMER2A_Handler                         0x000003bd   Thumb Code     2  startup_tm4c123.o(.text)
    WTIMER2B_Handler                         0x000003bf   Thumb Code     2  startup_tm4c123.o(.text)
    WTIMER3A_Handler                         0x000003c1   Thumb Code     2  startup_tm4c123.o(.text)
    WTIMER3B_Handler                         0x000003c3   Thumb Code     2  startup_tm4c123.o(.text)
    WTIMER4A_Handler                         0x000003c5   Thumb Code     2  startup_tm4c123.o(.text)
    WTIMER4B_Handler                         0x000003c7   Thumb Code     2  startup_tm4c123.o(.text)
    WTIMER5A_Handler                         0x000003c9   Thumb Code     2  startup_tm4c123.o(.text)
    WTIMER5B_Handler                         0x000003cb   Thumb Code     2  startup_tm4c123.o(.text)
    FPU_Handler                              0x000003cd   Thumb Code     2  startup_tm4c123.o(.text)
    I2C4_Handler                             0x000003cf   Thumb Code     2  startup_tm4c123.o(.text)
    I2C5_Handler                             0x000003d1   Thumb Code     2  startup_tm4c123.o(.text)
    GPIOM_Handler                            0x000003d3   Thumb Code     2  startup_tm4c123.o(.text)
    GPION_Handler                            0x000003d5   Thumb Code     2  startup_tm4c123.o(.text)
    QEI2_Handler                             0x000003d7   Thumb Code     2  startup_tm4c123.o(.text)
    GPIOP0_Handler                           0x000003d9   Thumb Code     2  startup_tm4c123.o(.text)
    GPIOP1_Handler                           0x000003db   Thumb Code     2  startup_tm4c123.o(.text)
    GPIOP2_Handler                           0x000003dd   Thumb Code     2  startup_tm4c123.o(.text)
    GPIOP3_Handler                           0x000003df   Thumb Code     2  startup_tm4c123.o(.text)
    GPIOP4_Handler                           0x000003e1   Thumb Code     2  startup_tm4c123.o(.text)
    GPIOP5_Handler                           0x000003e3   Thumb Code     2  startup_tm4c123.o(.text)
    GPIOP6_Handler                           0x000003e5   Thumb Code     2  startup_tm4c123.o(.text)
    GPIOP7_Handler                           0x000003e7   Thumb Code     2  startup_tm4c123.o(.text)
    GPIOQ0_Handler                           0x000003e9   Thumb Code     2  startup_tm4c123.o(.text)
    GPIOQ1_Handler                           0x000003eb   Thumb Code     2  startup_tm4c123.o(.text)
    GPIOQ2_Handler                           0x000003ed   Thumb Code     2  startup_tm4c123.o(.text)
    GPIOQ3_Handler                           0x000003ef   Thumb Code     2  startup_tm4c123.o(.text)
    GPIOQ4_Handler                           0x000003f1   Thumb Code     2  startup_tm4c123.o(.text)
    GPIOQ5_Handler                           0x000003f3   Thumb Code     2  startup_tm4c123.o(.text)
    GPIOQ6_Handler                           0x000003f5   Thumb Code     2  startup_tm4c123.o(.text)
    GPIOQ7_Handler                           0x000003f7   Thumb Code     2  startup_tm4c123.o(.text)
    GPIOR_Handler                            0x000003f9   Thumb Code     2  startup_tm4c123.o(.text)
    GPIOS_Handler                            0x000003fb   Thumb Code     2  startup_tm4c123.o(.text)
    PMW1_0_Handler                           0x000003fd   Thumb Code     2  startup_tm4c123.o(.text)
    PWM1_1_Handler                           0x000003ff   Thumb Code     2  startup_tm4c123.o(.text)
    PWM1_2_Handler                           0x00000401   Thumb Code     2  startup_tm4c123.o(.text)
    PWM1_3_Handler                           0x00000403   Thumb Code     2  startup_tm4c123.o(.text)
    PWM1_FAULT_Handler                       0x00000405   Thumb Code     2  startup_tm4c123.o(.text)
    __user_initial_stackheap                 0x00000409   Thumb Code     0  startup_tm4c123.o(.text)
    __use_two_region_memory                  0x00000429   Thumb Code     2  heapauxi.o(.text)
    __rt_heap_escrow$2region                 0x0000042b   Thumb Code     2  heapauxi.o(.text)
    __rt_heap_expand$2region                 0x0000042d   Thumb Code     2  heapauxi.o(.text)
    __user_setup_stackheap                   0x0000042f   Thumb Code    74  sys_stackheap_outer.o(.text)
    exit                                     0x00000479   Thumb Code    18  exit.o(.text)
    __user_libspace                          0x0000048d   Thumb Code     8  libspace.o(.text)
    __user_perproc_libspace                  0x0000048d   Thumb Code     0  libspace.o(.text)
    __user_perthread_libspace                0x0000048d   Thumb Code     0  libspace.o(.text)
    _sys_exit                                0x00000495   Thumb Code     8  sys_exit.o(.text)
    __I$use$semihosting                      0x000004a1   Thumb Code     0  use_no_semi.o(.text)
    __use_no_semihosting_swi                 0x000004a1   Thumb Code     2  use_no_semi.o(.text)
    __semihosting_library_function           0x000004a3   Thumb Code     0  indicate_semi.o(.text)
    BitId_PWM                                0x000004a5   Thumb Code   246  pwm_handler.o(i.BitId_PWM)
    Clock_Ticks                              0x000005a5   Thumb Code    24  pwm_handler.o(i.Clock_Ticks)
    Display_Char                             0x000005bd   Thumb Code    14  display.o(i.Display_Char)
    Display_Init                             0x000005d1   Thumb Code   102  display.o(i.Display_Init)
    Display_NewLine                          0x00000649   Thumb Code    16  display.o(i.Display_NewLine)
    Display_String                           0x00000659   Thumb Code    22  display.o(i.Display_String)
    Duty_Cycle                               0x0000066f   Thumb Code   110  pwm_handler.o(i.Duty_Cycle)
    Encoded_Offset_PWM                       0x000006dd   Thumb Code   258  pwm_handler.o(i.Encoded_Offset_PWM)
    GPIODirModeSet                           0x000007e9   Thumb Code    40  gpio.o(i.GPIODirModeSet)
    GPIOF_Handler                            0x00000811   Thumb Code    78  main.o(i.GPIOF_Handler)
    GPIOIntClear                             0x0000086d   Thumb Code     6  gpio.o(i.GPIOIntClear)
    GPIOIntDisable                           0x00000873   Thumb Code    14  gpio.o(i.GPIOIntDisable)
    GPIOIntEnable                            0x00000881   Thumb Code    12  gpio.o(i.GPIOIntEnable)
    GPIOIntStatus                            0x0000088d   Thumb Code    14  gpio.o(i.GPIOIntStatus)
    GPIOIntTypeSet                           0x0000089b   Thumb Code    80  gpio.o(i.GPIOIntTypeSet)
    GPIOPadConfigSet                         0x000008eb   Thumb Code   312  gpio.o(i.GPIOPadConfigSet)
    GPIOPinConfigure                         0x00000a25   Thumb Code    60  gpio.o(i.GPIOPinConfigure)
    GPIOPinRead                              0x00000a69   Thumb Code     6  gpio.o(i.GPIOPinRead)
    GPIOPinTypeGPIOInput                     0x00000a6f   Thumb Code    28  gpio.o(i.GPIOPinTypeGPIOInput)
    GPIOPinTypePWM                           0x00000a8b   Thumb Code    28  gpio.o(i.GPIOPinTypePWM)
    GPIOPinTypeUART                          0x00000aa7   Thumb Code    28  gpio.o(i.GPIOPinTypeUART)
    GPIO_Configure_PWM                       0x00000ac5   Thumb Code   448  pwm_handler.o(i.GPIO_Configure_PWM)
    Gen_PWM                                  0x00000ccd   Thumb Code   236  pwm_handler.o(i.Gen_PWM)
    Init_PWM                                 0x00000dc1   Thumb Code   112  pwm_handler.o(i.Init_PWM)
    IntDisable                               0x00000e31   Thumb Code    92  interrupt.o(i.IntDisable)
    IntEnable                                0x00000e95   Thumb Code    92  interrupt.o(i.IntEnable)
    IntPrioritySet                           0x00000ef9   Thumb Code    36  interrupt.o(i.IntPrioritySet)
    PWMGenConfigure                          0x00000f21   Thumb Code    38  pwm.o(i.PWMGenConfigure)
    PWMGenDisable                            0x00000f47   Thumb Code    10  pwm.o(i.PWMGenDisable)
    PWMGenEnable                             0x00000f51   Thumb Code    10  pwm.o(i.PWMGenEnable)
    PWMGenPeriodGet                          0x00000f5b   Thumb Code    18  pwm.o(i.PWMGenPeriodGet)
    PWMGenPeriodSet                          0x00000f6d   Thumb Code    18  pwm.o(i.PWMGenPeriodSet)
    PWMOutputState                           0x00000f7f   Thumb Code    16  pwm.o(i.PWMOutputState)
    PWMPulseWidthSet                         0x00000f8f   Thumb Code    32  pwm.o(i.PWMPulseWidthSet)
    PWM_Base                                 0x00000fb1   Thumb Code    74  pwm_handler.o(i.PWM_Base)
    Periph_PWM                               0x0000100d   Thumb Code    76  pwm_handler.o(i.Periph_PWM)
    ReadPinState                             0x00001065   Thumb Code    34  gpio_handler.o(i.ReadPinState)
    SetGPIOInput                             0x00001089   Thumb Code    78  gpio_handler.o(i.SetGPIOInput)
    SetGPIOInterrupt                         0x000010dd   Thumb Code    76  gpio_handler.o(i.SetGPIOInterrupt)
    State_PWM                                0x00001129   Thumb Code   128  pwm_handler.o(i.State_PWM)
    SysCtlClockGet                           0x000011a9   Thumb Code   304  sysctl.o(i.SysCtlClockGet)
    SysCtlClockSet                           0x000012fd   Thumb Code   270  sysctl.o(i.SysCtlClockSet)
    SysCtlPWMClockSet                        0x0000141d   Thumb Code    14  sysctl.o(i.SysCtlPWMClockSet)
    SysCtlPeripheralEnable                   0x00001431   Thumb Code    36  sysctl.o(i.SysCtlPeripheralEnable)
    Sys_Ctl_Enable                           0x00001459   Thumb Code    88  pwm_handler.o(i.Sys_Ctl_Enable)
    SystemInit                               0x000014bd   Thumb Code   112  system_tm4c123.o(i.SystemInit)
    TIMER1A_Handler                          0x00001555   Thumb Code    76  main.o(i.TIMER1A_Handler)
    TIMER2A_Handler                          0x000015ad   Thumb Code    74  main.o(i.TIMER2A_Handler)
    TIMER_1_Init                             0x00001609   Thumb Code    88  timer.o(i.TIMER_1_Init)
    TIMER_2_Init                             0x00001669   Thumb Code    88  timer.o(i.TIMER_2_Init)
    TIMER_reload_calculator                  0x000016c9   Thumb Code    30  timer.o(i.TIMER_reload_calculator)
    TimerClockSourceSet                      0x000016e7   Thumb Code     6  timer.o(i.TimerClockSourceSet)
    TimerConfigure                           0x000016ed   Thumb Code    88  timer.o(i.TimerConfigure)
    TimerDisable                             0x0000174d   Thumb Code    16  timer.o(i.TimerDisable)
    TimerEnable                              0x0000175d   Thumb Code    14  timer.o(i.TimerEnable)
    TimerIntClear                            0x0000176b   Thumb Code     4  timer.o(i.TimerIntClear)
    TimerIntDisable                          0x0000176f   Thumb Code    10  timer.o(i.TimerIntDisable)
    TimerIntEnable                           0x00001779   Thumb Code     8  timer.o(i.TimerIntEnable)
    TimerIntStatus                           0x00001781   Thumb Code    10  timer.o(i.TimerIntStatus)
    TimerLoadSet                             0x0000178b   Thumb Code    18  timer.o(i.TimerLoadSet)
    UARTCharPut                              0x0000179d   Thumb Code    12  uart.o(i.UARTCharPut)
    UARTClockSourceSet                       0x000017a9   Thumb Code     6  uart.o(i.UARTClockSourceSet)
    UARTConfigGetExpClk                      0x000017af   Thumb Code    46  uart.o(i.UARTConfigGetExpClk)
    UARTConfigSetExpClk                      0x000017dd   Thumb Code   110  uart.o(i.UARTConfigSetExpClk)
    UARTDisable                              0x0000184b   Thumb Code    30  uart.o(i.UARTDisable)
    UARTEnable                               0x00001869   Thumb Code    20  uart.o(i.UARTEnable)
    UARTFIFOEnable                           0x0000187d   Thumb Code    10  uart.o(i.UARTFIFOEnable)
    getPeriphAddress                         0x00001889   Thumb Code    32  gpio_handler.o(i.getPeriphAddress)
    getPortAddress                           0x000018ad   Thumb Code    30  gpio_handler.o(i.getPortAddress)
    main                                     0x000018d1   Thumb Code   118  main.o(i.main)
    _fp_init                                 0x0000195d   Thumb Code    10  fpinit.o(x$fpl$fpinit)
    __fplib_config_fpu_vfp                   0x00001965   Thumb Code     0  fpinit.o(x$fpl$fpinit)
    __fplib_config_pureend_doubles           0x00001965   Thumb Code     0  fpinit.o(x$fpl$fpinit)
    Region$$Table$$Base                      0x00001e48   Number         0  anon$$obj.o(Region$$Table)
    Region$$Table$$Limit                     0x00001e68   Number         0  anon$$obj.o(Region$$Table)
    Baud_Rate_Read                           0x20000004   Data           4  display.o(.data)
    __libspace_start                         0x20000008   Data          96  libspace.o(.bss)
    __temporary_stack_top$libspace           0x20000068   Data           0  libspace.o(.bss)



==============================================================================

Memory Map of the image

  Image Entry point : 0x00000315

  Load Region LR_1 (Base: 0x00000000, Size: 0x00001e70, Max: 0xffffffff, ABSOLUTE)

    Execution Region ER_RO (Base: 0x00000000, Size: 0x00001e68, Max: 0xffffffff, ABSOLUTE)

    Base Addr    Size         Type   Attr      Idx    E Section Name        Object

    0x00000000   0x0000026c   Data   RO          282    RESET               startup_tm4c123.o
    0x0000026c   0x00000008   Code   RO         1913  * !!!main             c_w.l(__main.o)
    0x00000274   0x00000034   Code   RO         2070    !!!scatter          c_w.l(__scatter.o)
    0x000002a8   0x0000001a   Code   RO         2072    !!handler_copy      c_w.l(__scatter_copy.o)
    0x000002c2   0x00000002   PAD
    0x000002c4   0x0000001c   Code   RO         2074    !!handler_zi        c_w.l(__scatter_zi.o)
    0x000002e0   0x00000002   Code   RO         1940    .ARM.Collect$$libinit$$00000000  c_w.l(libinit.o)
    0x000002e2   0x00000004   Code   RO         1946    .ARM.Collect$$libinit$$00000001  c_w.l(libinit2.o)
    0x000002e6   0x00000000   Code   RO         1949    .ARM.Collect$$libinit$$00000004  c_w.l(libinit2.o)
    0x000002e6   0x00000000   Code   RO         1952    .ARM.Collect$$libinit$$0000000A  c_w.l(libinit2.o)
    0x000002e6   0x00000000   Code   RO         1954    .ARM.Collect$$libinit$$0000000C  c_w.l(libinit2.o)
    0x000002e6   0x00000000   Code   RO         1956    .ARM.Collect$$libinit$$0000000E  c_w.l(libinit2.o)
    0x000002e6   0x00000000   Code   RO         1959    .ARM.Collect$$libinit$$00000011  c_w.l(libinit2.o)
    0x000002e6   0x00000000   Code   RO         1961    .ARM.Collect$$libinit$$00000013  c_w.l(libinit2.o)
    0x000002e6   0x00000000   Code   RO         1963    .ARM.Collect$$libinit$$00000015  c_w.l(libinit2.o)
    0x000002e6   0x00000000   Code   RO         1965    .ARM.Collect$$libinit$$00000017  c_w.l(libinit2.o)
    0x000002e6   0x00000000   Code   RO         1967    .ARM.Collect$$libinit$$00000019  c_w.l(libinit2.o)
    0x000002e6   0x00000000   Code   RO         1969    .ARM.Collect$$libinit$$0000001B  c_w.l(libinit2.o)
    0x000002e6   0x00000000   Code   RO         1971    .ARM.Collect$$libinit$$0000001D  c_w.l(libinit2.o)
    0x000002e6   0x00000000   Code   RO         1973    .ARM.Collect$$libinit$$0000001F  c_w.l(libinit2.o)
    0x000002e6   0x00000000   Code   RO         1975    .ARM.Collect$$libinit$$00000021  c_w.l(libinit2.o)
    0x000002e6   0x00000000   Code   RO         1977    .ARM.Collect$$libinit$$00000023  c_w.l(libinit2.o)
    0x000002e6   0x00000000   Code   RO         1979    .ARM.Collect$$libinit$$00000025  c_w.l(libinit2.o)
    0x000002e6   0x00000000   Code   RO         1983    .ARM.Collect$$libinit$$0000002C  c_w.l(libinit2.o)
    0x000002e6   0x00000000   Code   RO         1985    .ARM.Collect$$libinit$$0000002E  c_w.l(libinit2.o)
    0x000002e6   0x00000000   Code   RO         1987    .ARM.Collect$$libinit$$00000030  c_w.l(libinit2.o)
    0x000002e6   0x00000000   Code   RO         1989    .ARM.Collect$$libinit$$00000032  c_w.l(libinit2.o)
    0x000002e6   0x00000002   Code   RO         1990    .ARM.Collect$$libinit$$00000033  c_w.l(libinit2.o)
    0x000002e8   0x00000002   Code   RO         2010    .ARM.Collect$$libshutdown$$00000000  c_w.l(libshutdown.o)
    0x000002ea   0x00000000   Code   RO         2023    .ARM.Collect$$libshutdown$$00000002  c_w.l(libshutdown2.o)
    0x000002ea   0x00000000   Code   RO         2025    .ARM.Collect$$libshutdown$$00000004  c_w.l(libshutdown2.o)
    0x000002ea   0x00000000   Code   RO         2028    .ARM.Collect$$libshutdown$$00000007  c_w.l(libshutdown2.o)
    0x000002ea   0x00000000   Code   RO         2031    .ARM.Collect$$libshutdown$$0000000A  c_w.l(libshutdown2.o)
    0x000002ea   0x00000000   Code   RO         2033    .ARM.Collect$$libshutdown$$0000000C  c_w.l(libshutdown2.o)
    0x000002ea   0x00000000   Code   RO         2036    .ARM.Collect$$libshutdown$$0000000F  c_w.l(libshutdown2.o)
    0x000002ea   0x00000002   Code   RO         2037    .ARM.Collect$$libshutdown$$00000010  c_w.l(libshutdown2.o)
    0x000002ec   0x00000000   Code   RO         1915    .ARM.Collect$$rtentry$$00000000  c_w.l(__rtentry.o)
    0x000002ec   0x00000000   Code   RO         1917    .ARM.Collect$$rtentry$$00000002  c_w.l(__rtentry2.o)
    0x000002ec   0x00000006   Code   RO         1929    .ARM.Collect$$rtentry$$00000004  c_w.l(__rtentry4.o)
    0x000002f2   0x00000000   Code   RO         1919    .ARM.Collect$$rtentry$$00000009  c_w.l(__rtentry2.o)
    0x000002f2   0x00000004   Code   RO         1920    .ARM.Collect$$rtentry$$0000000A  c_w.l(__rtentry2.o)
    0x000002f6   0x00000000   Code   RO         1922    .ARM.Collect$$rtentry$$0000000C  c_w.l(__rtentry2.o)
    0x000002f6   0x00000008   Code   RO         1923    .ARM.Collect$$rtentry$$0000000D  c_w.l(__rtentry2.o)
    0x000002fe   0x00000002   Code   RO         1944    .ARM.Collect$$rtexit$$00000000  c_w.l(rtexit.o)
    0x00000300   0x00000000   Code   RO         1992    .ARM.Collect$$rtexit$$00000002  c_w.l(rtexit2.o)
    0x00000300   0x00000004   Code   RO         1993    .ARM.Collect$$rtexit$$00000003  c_w.l(rtexit2.o)
    0x00000304   0x00000006   Code   RO         1994    .ARM.Collect$$rtexit$$00000004  c_w.l(rtexit2.o)
    0x0000030a   0x00000002   PAD
    0x0000030c   0x00000006   Code   RO         1026    .emb_text           driverlib.lib(sysctl.o)
    0x00000312   0x00000002   PAD
    0x00000314   0x00000114   Code   RO          283  * .text               startup_tm4c123.o
    0x00000428   0x00000006   Code   RO         1911    .text               c_w.l(heapauxi.o)
    0x0000042e   0x0000004a   Code   RO         1931    .text               c_w.l(sys_stackheap_outer.o)
    0x00000478   0x00000012   Code   RO         1933    .text               c_w.l(exit.o)
    0x0000048a   0x00000002   PAD
    0x0000048c   0x00000008   Code   RO         1941    .text               c_w.l(libspace.o)
    0x00000494   0x0000000c   Code   RO         2002    .text               c_w.l(sys_exit.o)
    0x000004a0   0x00000002   Code   RO         2013    .text               c_w.l(use_no_semi.o)
    0x000004a2   0x00000000   Code   RO         2015    .text               c_w.l(indicate_semi.o)
    0x000004a2   0x00000002   PAD
    0x000004a4   0x00000100   Code   RO          130    i.BitId_PWM         pwm_handler.o
    0x000005a4   0x00000018   Code   RO          131    i.Clock_Ticks       pwm_handler.o
    0x000005bc   0x00000014   Code   RO          232    i.Display_Char      display.o
    0x000005d0   0x00000078   Code   RO          235    i.Display_Init      display.o
    0x00000648   0x00000010   Code   RO          236    i.Display_NewLine   display.o
    0x00000658   0x00000016   Code   RO          237    i.Display_String    display.o
    0x0000066e   0x0000006e   Code   RO          132    i.Duty_Cycle        pwm_handler.o
    0x000006dc   0x0000010c   Code   RO          133    i.Encoded_Offset_PWM  pwm_handler.o
    0x000007e8   0x00000028   Code   RO          350    i.GPIODirModeSet    driverlib.lib(gpio.o)
    0x00000810   0x0000005c   Code   RO            1    i.GPIOF_Handler     main.o
    0x0000086c   0x00000006   Code   RO          351    i.GPIOIntClear      driverlib.lib(gpio.o)
    0x00000872   0x0000000e   Code   RO          352    i.GPIOIntDisable    driverlib.lib(gpio.o)
    0x00000880   0x0000000c   Code   RO          353    i.GPIOIntEnable     driverlib.lib(gpio.o)
    0x0000088c   0x0000000e   Code   RO          355    i.GPIOIntStatus     driverlib.lib(gpio.o)
    0x0000089a   0x00000050   Code   RO          357    i.GPIOIntTypeSet    driverlib.lib(gpio.o)
    0x000008ea   0x00000138   Code   RO          360    i.GPIOPadConfigSet  driverlib.lib(gpio.o)
    0x00000a22   0x00000002   PAD
    0x00000a24   0x00000044   Code   RO          361    i.GPIOPinConfigure  driverlib.lib(gpio.o)
    0x00000a68   0x00000006   Code   RO          362    i.GPIOPinRead       driverlib.lib(gpio.o)
    0x00000a6e   0x0000001c   Code   RO          371    i.GPIOPinTypeGPIOInput  driverlib.lib(gpio.o)
    0x00000a8a   0x0000001c   Code   RO          383    i.GPIOPinTypePWM    driverlib.lib(gpio.o)
    0x00000aa6   0x0000001c   Code   RO          387    i.GPIOPinTypeUART   driverlib.lib(gpio.o)
    0x00000ac2   0x00000002   PAD
    0x00000ac4   0x00000208   Code   RO          134    i.GPIO_Configure_PWM  pwm_handler.o
    0x00000ccc   0x000000f4   Code   RO          135    i.Gen_PWM           pwm_handler.o
    0x00000dc0   0x00000070   Code   RO          136    i.Init_PWM          pwm_handler.o
    0x00000e30   0x00000064   Code   RO          677    i.IntDisable        driverlib.lib(interrupt.o)
    0x00000e94   0x00000064   Code   RO          678    i.IntEnable         driverlib.lib(interrupt.o)
    0x00000ef8   0x00000028   Code   RO          689    i.IntPrioritySet    driverlib.lib(interrupt.o)
    0x00000f20   0x00000026   Code   RO          801    i.PWMGenConfigure   driverlib.lib(pwm.o)
    0x00000f46   0x0000000a   Code   RO          802    i.PWMGenDisable     driverlib.lib(pwm.o)
    0x00000f50   0x0000000a   Code   RO          803    i.PWMGenEnable      driverlib.lib(pwm.o)
    0x00000f5a   0x00000012   Code   RO          815    i.PWMGenPeriodGet   driverlib.lib(pwm.o)
    0x00000f6c   0x00000012   Code   RO          816    i.PWMGenPeriodSet   driverlib.lib(pwm.o)
    0x00000f7e   0x00000010   Code   RO          823    i.PWMOutputState    driverlib.lib(pwm.o)
    0x00000f8e   0x00000020   Code   RO          826    i.PWMPulseWidthSet  driverlib.lib(pwm.o)
    0x00000fae   0x00000002   PAD
    0x00000fb0   0x0000005c   Code   RO          137    i.PWM_Base          pwm_handler.o
    0x0000100c   0x00000058   Code   RO          138    i.Periph_PWM        pwm_handler.o
    0x00001064   0x00000022   Code   RO           74    i.ReadPinState      gpio_handler.o
    0x00001086   0x00000002   PAD
    0x00001088   0x00000054   Code   RO           75    i.SetGPIOInput      gpio_handler.o
    0x000010dc   0x0000004c   Code   RO           76    i.SetGPIOInterrupt  gpio_handler.o
    0x00001128   0x00000080   Code   RO          139    i.State_PWM         pwm_handler.o
    0x000011a8   0x00000154   Code   RO         1029    i.SysCtlClockGet    driverlib.lib(sysctl.o)
    0x000012fc   0x00000120   Code   RO         1031    i.SysCtlClockSet    driverlib.lib(sysctl.o)
    0x0000141c   0x00000014   Code   RO         1055    i.SysCtlPWMClockSet  driverlib.lib(sysctl.o)
    0x00001430   0x00000028   Code   RO         1060    i.SysCtlPeripheralEnable  driverlib.lib(sysctl.o)
    0x00001458   0x00000064   Code   RO          140    i.Sys_Ctl_Enable    pwm_handler.o
    0x000014bc   0x00000098   Code   RO          292    i.SystemInit        system_tm4c123.o
    0x00001554   0x00000058   Code   RO            2    i.TIMER1A_Handler   main.o
    0x000015ac   0x0000005c   Code   RO            3    i.TIMER2A_Handler   main.o
    0x00001608   0x00000060   Code   RO          203    i.TIMER_1_Init      timer.o
    0x00001668   0x00000060   Code   RO          204    i.TIMER_2_Init      timer.o
    0x000016c8   0x0000001e   Code   RO          205    i.TIMER_reload_calculator  timer.o
    0x000016e6   0x00000006   Code   RO         1371    i.TimerClockSourceSet  driverlib.lib(timer.o)
    0x000016ec   0x00000060   Code   RO         1372    i.TimerConfigure    driverlib.lib(timer.o)
    0x0000174c   0x00000010   Code   RO         1380    i.TimerDisable      driverlib.lib(timer.o)
    0x0000175c   0x0000000e   Code   RO         1381    i.TimerEnable       driverlib.lib(timer.o)
    0x0000176a   0x00000004   Code   RO         1382    i.TimerIntClear     driverlib.lib(timer.o)
    0x0000176e   0x0000000a   Code   RO         1383    i.TimerIntDisable   driverlib.lib(timer.o)
    0x00001778   0x00000008   Code   RO         1384    i.TimerIntEnable    driverlib.lib(timer.o)
    0x00001780   0x0000000a   Code   RO         1386    i.TimerIntStatus    driverlib.lib(timer.o)
    0x0000178a   0x00000012   Code   RO         1390    i.TimerLoadSet      driverlib.lib(timer.o)
    0x0000179c   0x0000000c   Code   RO         1618    i.UARTCharPut       driverlib.lib(uart.o)
    0x000017a8   0x00000006   Code   RO         1622    i.UARTClockSourceSet  driverlib.lib(uart.o)
    0x000017ae   0x0000002e   Code   RO         1623    i.UARTConfigGetExpClk  driverlib.lib(uart.o)
    0x000017dc   0x0000006e   Code   RO         1624    i.UARTConfigSetExpClk  driverlib.lib(uart.o)
    0x0000184a   0x0000001e   Code   RO         1627    i.UARTDisable       driverlib.lib(uart.o)
    0x00001868   0x00000014   Code   RO         1629    i.UARTEnable        driverlib.lib(uart.o)
    0x0000187c   0x0000000a   Code   RO         1632    i.UARTFIFOEnable    driverlib.lib(uart.o)
    0x00001886   0x00000002   PAD
    0x00001888   0x00000024   Code   RO           79    i.getPeriphAddress  gpio_handler.o
    0x000018ac   0x00000024   Code   RO           80    i.getPortAddress    gpio_handler.o
    0x000018d0   0x0000008c   Code   RO            4    i.main              main.o
    0x0000195c   0x0000000a   Code   RO         2000    x$fpl$fpinit        fz_wm.l(fpinit.o)
    0x00001966   0x00000002   PAD
    0x00001968   0x00000210   Data   RO          394    .constdata          driverlib.lib(gpio.o)
    0x00001b78   0x0000010c   Data   RO          694    .constdata          driverlib.lib(interrupt.o)
    0x00001c84   0x000001c4   Data   RO         1081    .constdata          driverlib.lib(sysctl.o)
    0x00001e48   0x00000020   Data   RO         2068    Region$$Table       anon$$obj.o


    Execution Region ER_RW (Base: 0x20000000, Size: 0x00000008, Max: 0xffffffff, ABSOLUTE)

    Base Addr    Size         Type   Attr      Idx    E Section Name        Object

    0x20000000   0x00000004   Data   RW            5    .data               main.o
    0x20000004   0x00000004   Data   RW          238    .data               display.o


    Execution Region ER_ZI (Base: 0x20000008, Size: 0x00000260, Max: 0xffffffff, ABSOLUTE)

    Base Addr    Size         Type   Attr      Idx    E Section Name        Object

    0x20000008   0x00000060   Zero   RW         1942    .bss                c_w.l(libspace.o)
    0x20000068   0x00000000   Zero   RW          281    HEAP                startup_tm4c123.o
    0x20000068   0x00000200   Zero   RW          280    STACK               startup_tm4c123.o


==============================================================================

Image component sizes


      Code (inc. data)   RO Data    RW Data    ZI Data      Debug   Object Name

       178         24          0          4          0       2454   display.o
       266         16          0          0          0       3389   gpio_handler.o
       412         66          0          4          0       6983   main.o
      1942        142          0          0          0       8319   pwm_handler.o
       276         24        620          0        512       5524   startup_tm4c123.o
       152         40          0          0          0        641   system_tm4c123.o
       222         16          0          0          0       1724   timer.o

    ----------------------------------------------------------------------
      3450        328        652          8        512      29034   Object Totals
         0          0         32          0          0          0   (incl. Generated)
         2          0          0          0          0          0   (incl. Padding)

    ----------------------------------------------------------------------

      Code (inc. data)   RO Data    RW Data    ZI Data      Debug   Library Member Name

         8          0          0          0          0         68   __main.o
         0          0          0          0          0          0   __rtentry.o
        12          0          0          0          0          0   __rtentry2.o
         6          0          0          0          0          0   __rtentry4.o
        52          8          0          0          0          0   __scatter.o
        26          0          0          0          0          0   __scatter_copy.o
        28          0          0          0          0          0   __scatter_zi.o
        18          0          0          0          0         80   exit.o
         6          0          0          0          0        152   heapauxi.o
         0          0          0          0          0          0   indicate_semi.o
         2          0          0          0          0          0   libinit.o
         6          0          0          0          0          0   libinit2.o
         2          0          0          0          0          0   libshutdown.o
         2          0          0          0          0          0   libshutdown2.o
         8          4          0          0         96         68   libspace.o
         2          0          0          0          0          0   rtexit.o
        10          0          0          0          0          0   rtexit2.o
        12          4          0          0          0         68   sys_exit.o
        74          0          0          0          0         80   sys_stackheap_outer.o
         2          0          0          0          0         68   use_no_semi.o
       636          8        528          0          0      11536   gpio.o
       240         20        268          0          0       2762   interrupt.o
       142          0          0          0          0       3981   pwm.o
       694         64        452          0          0       5159   sysctl.o
       182          8          0          0          0       5039   timer.o
       234          0          0          0          0       4861   uart.o
        10          0          0          0          0        116   fpinit.o

    ----------------------------------------------------------------------
      2434        116       1248          0         96      34038   Library Totals
        20          0          0          0          0          0   (incl. Padding)

    ----------------------------------------------------------------------

      Code (inc. data)   RO Data    RW Data    ZI Data      Debug   Library Name

       276         16          0          0         96        584   c_w.l
      2128        100       1248          0          0      33338   driverlib.lib
        10          0          0          0          0        116   fz_wm.l

    ----------------------------------------------------------------------
      2434        116       1248          0         96      34038   Library Totals

    ----------------------------------------------------------------------

==============================================================================


      Code (inc. data)   RO Data    RW Data    ZI Data      Debug   

      5884        444       1900          8        608      56416   Grand Totals
      5884        444       1900          8        608      56416   ELF Image Totals
      5884        444       1900          8          0          0   ROM Totals

==============================================================================

    Total RO  Size (Code + RO Data)                 7784 (   7.60kB)
    Total RW  Size (RW Data + ZI Data)               616 (   0.60kB)
    Total ROM Size (Code + RO Data + RW Data)       7792 (   7.61kB)

==============================================================================

