Component: ARM Compiler 5.06 update 4 (build 422) Tool: armlink [4d35d2]

==============================================================================

Section Cross References

    main.o(i.TIMER1A_Handler) refers to timer.o(i.TimerDisable) for TimerDisable
    main.o(i.TIMER1A_Handler) refers to timer.o(i.TimerIntClear) for TimerIntClear
    main.o(i.TIMER1A_Handler) refers to display.o(i.Display_NewLine) for Display_NewLine
    main.o(i.TIMER1A_Handler) refers to display.o(i.Display_String) for Display_String
    main.o(i.TIMER1A_Handler) refers to gpio.o(i.GPIOIntEnable) for GPIOIntEnable
    main.o(i.TIMER2A_Handler) refers to timer.o(i.TimerIntStatus) for TimerIntStatus
    main.o(i.TIMER2A_Handler) refers to timer.o(i.TimerDisable) for TimerDisable
    main.o(i.TIMER2A_Handler) refers to timer.o(i.TimerIntClear) for TimerIntClear
    main.o(i.TIMER2A_Handler) refers to display.o(i.Display_NewLine) for Display_NewLine
    main.o(i.TIMER2A_Handler) refers to display.o(i.Display_String) for Display_String
    main.o(i.TIMER2A_Handler) refers to display.o(i.Display_Decimal) for Display_Decimal
    main.o(i.TIMER2A_Handler) refers to gpio.o(i.GPIOIntEnable) for GPIOIntEnable
    main.o(i.TIMER2A_Handler) refers to main.o(.data) for intCounter
    main.o(i.TIMER4A_Handler) refers to timer.o(i.TimerIntClear) for TimerIntClear
    main.o(i.TIMER4A_Handler) refers to display.o(i.Display_NewLine) for Display_NewLine
    main.o(i.TIMER4A_Handler) refers to display.o(i.Display_String) for Display_String
    main.o(i.TIMER4A_Handler) refers to timer.o(i.TimerEnable) for TimerEnable
    main.o(i.WTIMER1A_Handler) refers to timer.o(i.TimerIntClear) for TimerIntClear
    main.o(i.WTIMER1A_Handler) refers to display.o(i.Display_NewLine) for Display_NewLine
    main.o(i.WTIMER1A_Handler) refers to display.o(i.Display_String) for Display_String
    main.o(i.WTIMER1A_Handler) refers to timer.o(i.TimerEnable) for TimerEnable
    main.o(i.main) refers to sysctl.o(i.SysCtlClockSet) for SysCtlClockSet
    main.o(i.main) refers to sysctl.o(i.SysCtlClockGet) for SysCtlClockGet
    main.o(i.main) refers to display.o(i.Display_Init) for Display_Init
    main.o(i.main) refers to display.o(i.Display_String) for Display_String
    main.o(i.main) refers to ssi_handler_tw.o(i.SSI0_InitMaster) for SSI0_InitMaster
    main.o(i.main) refers to sysctl.o(i.SysCtlPeripheralEnable) for SysCtlPeripheralEnable
    main.o(i.main) refers to gpio.o(i.GPIOPinTypeGPIOOutput) for GPIOPinTypeGPIOOutput
    main.o(i.main) refers to gpio.o(i.GPIODirModeSet) for GPIODirModeSet
    main.o(i.main) refers to gpio.o(i.GPIOPadConfigSet) for GPIOPadConfigSet
    main.o(i.main) refers to gpio.o(i.GPIOPinWrite) for GPIOPinWrite
    main.o(i.main) refers to ssi_handler_tw.o(i.SSI0_DataOut) for SSI0_DataOut
    main.o(i.main) refers to main.o(.emb_text) for Delay
    gpio_handler.o(i.RGB_Led_Blink) refers to gpio.o(i.GPIOPinWrite) for GPIOPinWrite
    gpio_handler.o(i.RGB_Led_Blink) refers to gpio_handler.o(i.delay) for delay
    gpio_handler.o(i.ReadPinState) refers to gpio.o(i.GPIOPinRead) for GPIOPinRead
    gpio_handler.o(i.SetGPIOInput) refers to gpio_handler.o(i.getPeriphAddress) for getPeriphAddress
    gpio_handler.o(i.SetGPIOInput) refers to sysctl.o(i.SysCtlPeripheralEnable) for SysCtlPeripheralEnable
    gpio_handler.o(i.SetGPIOInput) refers to gpio.o(i.GPIOPinTypeGPIOInput) for GPIOPinTypeGPIOInput
    gpio_handler.o(i.SetGPIOInput) refers to gpio.o(i.GPIODirModeSet) for GPIODirModeSet
    gpio_handler.o(i.SetGPIOInput) refers to gpio.o(i.GPIOPadConfigSet) for GPIOPadConfigSet
    gpio_handler.o(i.SetGPIOInterrupt) refers to gpio_handler.o(i.getINTGPIO_Adrress) for getINTGPIO_Adrress
    gpio_handler.o(i.SetGPIOInterrupt) refers to interrupt.o(i.IntDisable) for IntDisable
    gpio_handler.o(i.SetGPIOInterrupt) refers to gpio_handler.o(i.SetGPIOInput) for SetGPIOInput
    gpio_handler.o(i.SetGPIOInterrupt) refers to gpio.o(i.GPIOIntDisable) for GPIOIntDisable
    gpio_handler.o(i.SetGPIOInterrupt) refers to gpio.o(i.GPIOIntTypeSet) for GPIOIntTypeSet
    gpio_handler.o(i.SetGPIOInterrupt) refers to gpio.o(i.GPIOIntEnable) for GPIOIntEnable
    gpio_handler.o(i.SetGPIOInterrupt) refers to interrupt.o(i.IntPrioritySet) for IntPrioritySet
    gpio_handler.o(i.SetGPIOInterrupt) refers to interrupt.o(i.IntEnable) for IntEnable
    display.o(i.Display_Char) refers to uart.o(i.UARTCharPut) for UARTCharPut
    display.o(i.Display_Decimal) refers to display.o(i.Display_Char) for Display_Char
    display.o(i.Display_Hex) refers to display.o(i.Display_Char) for Display_Char
    display.o(i.Display_Init) refers to sysctl.o(i.SysCtlPeripheralEnable) for SysCtlPeripheralEnable
    display.o(i.Display_Init) refers to uart.o(i.UARTDisable) for UARTDisable
    display.o(i.Display_Init) refers to gpio.o(i.GPIOPinTypeUART) for GPIOPinTypeUART
[...]
    libinit.o(.ARM.Collect$$libinit$$00000000) refers (Special) to libinit2.o(.ARM.Collect$$libinit$$00000011) for __rt_lib_init_lc_collate_1
    libinit.o(.ARM.Collect$$libinit$$00000000) refers (Special) to libinit2.o(.ARM.Collect$$libinit$$00000013) for __rt_lib_init_lc_ctype_1
    libinit.o(.ARM.Collect$$libinit$$00000000) refers (Special) to libinit2.o(.ARM.Collect$$libinit$$00000015) for __rt_lib_init_lc_monetary_1
    libinit.o(.ARM.Collect$$libinit$$00000000) refers (Special) to libinit2.o(.ARM.Collect$$libinit$$00000017) for __rt_lib_init_lc_numeric_1
    libinit.o(.ARM.Collect$$libinit$$00000000) refers (Special) to libinit2.o(.ARM.Collect$$libinit$$00000019) for __rt_lib_init_lc_time_1
    libinit.o(.ARM.Collect$$libinit$$00000000) refers (Special) to libinit2.o(.ARM.Collect$$libinit$$00000004) for __rt_lib_init_preinit_1
    libinit.o(.ARM.Collect$$libinit$$00000000) refers (Special) to libinit2.o(.ARM.Collect$$libinit$$0000000E) for __rt_lib_init_rand_1
    libinit.o(.ARM.Collect$$libinit$$00000000) refers (Special) to libinit2.o(.ARM.Collect$$libinit$$00000033) for __rt_lib_init_return
    libinit.o(.ARM.Collect$$libinit$$00000000) refers (Special) to libinit2.o(.ARM.Collect$$libinit$$0000001D) for __rt_lib_init_signal_1
    libinit.o(.ARM.Collect$$libinit$$00000000) refers (Special) to libinit2.o(.ARM.Collect$$libinit$$00000025) for __rt_lib_init_stdio_1
    libinit.o(.ARM.Collect$$libinit$$00000000) refers (Special) to libinit2.o(.ARM.Collect$$libinit$$0000000C) for __rt_lib_init_user_alloc_1
    libspace.o(.text) refers to libspace.o(.bss) for __libspace_start
    rtexit.o(.ARM.Collect$$rtexit$$00000000) refers (Special) to rtexit2.o(.ARM.Collect$$rtexit$$00000004) for __rt_exit_exit
    rtexit.o(.ARM.Collect$$rtexit$$00000000) refers (Special) to rtexit2.o(.ARM.Collect$$rtexit$$00000003) for __rt_exit_ls
    rtexit.o(.ARM.Collect$$rtexit$$00000000) refers (Special) to rtexit2.o(.ARM.Collect$$rtexit$$00000002) for __rt_exit_prels_1
    rtexit.o(.ARM.exidx) refers (Special) to rtexit2.o(.ARM.Collect$$rtexit$$00000004) for __rt_exit_exit
    rtexit.o(.ARM.exidx) refers (Special) to rtexit2.o(.ARM.Collect$$rtexit$$00000003) for __rt_exit_ls
    rtexit.o(.ARM.exidx) refers (Special) to rtexit2.o(.ARM.Collect$$rtexit$$00000002) for __rt_exit_prels_1
    rtexit.o(.ARM.exidx) refers to rtexit.o(.ARM.Collect$$rtexit$$00000000) for .ARM.Collect$$rtexit$$00000000
    libinit2.o(.ARM.Collect$$libinit$$00000001) refers to fpinit.o(x$fpl$fpinit) for _fp_init
    libinit2.o(.ARM.Collect$$libinit$$00000010) refers to libinit2.o(.ARM.Collect$$libinit$$0000000F) for .ARM.Collect$$libinit$$0000000F
    libinit2.o(.ARM.Collect$$libinit$$00000012) refers to libinit2.o(.ARM.Collect$$libinit$$0000000F) for .ARM.Collect$$libinit$$0000000F
    libinit2.o(.ARM.Collect$$libinit$$00000014) refers to libinit2.o(.ARM.Collect$$libinit$$0000000F) for .ARM.Collect$$libinit$$0000000F
    libinit2.o(.ARM.Collect$$libinit$$00000016) refers to libinit2.o(.ARM.Collect$$libinit$$0000000F) for .ARM.Collect$$libinit$$0000000F
    libinit2.o(.ARM.Collect$$libinit$$00000018) refers to libinit2.o(.ARM.Collect$$libinit$$0000000F) for .ARM.Collect$$libinit$$0000000F
    libinit2.o(.ARM.Collect$$libinit$$00000026) refers to argv_veneer.o(.emb_text) for __ARM_argv_veneer
    libinit2.o(.ARM.Collect$$libinit$$00000027) refers to argv_veneer.o(.emb_text) for __ARM_argv_veneer
    rtexit2.o(.ARM.Collect$$rtexit$$00000003) refers to libshutdown.o(.ARM.Collect$$libshutdown$$00000000) for __rt_lib_shutdown
    rtexit2.o(.ARM.Collect$$rtexit$$00000004) refers to sys_exit.o(.text) for _sys_exit
    rtexit2.o(.ARM.exidx) refers to rtexit2.o(.ARM.Collect$$rtexit$$00000001) for .ARM.Collect$$rtexit$$00000001
    rtexit2.o(.ARM.exidx) refers to rtexit2.o(.ARM.Collect$$rtexit$$00000003) for .ARM.Collect$$rtexit$$00000003
    rtexit2.o(.ARM.exidx) refers to rtexit2.o(.ARM.Collect$$rtexit$$00000004) for .ARM.Collect$$rtexit$$00000004
    argv_veneer.o(.emb_text) refers to no_argv.o(.text) for __ARM_get_argv
    sys_exit.o(.text) refers (Special) to use_no_semi.o(.text) for __I$use$semihosting
    sys_exit.o(.text) refers (Special) to indicate_semi.o(.text) for __semihosting_library_function
    _get_argv_nomalloc.o(.text) refers (Special) to hrguard.o(.text) for __heap_region$guard
    _get_argv_nomalloc.o(.text) refers to defsig_rtmem_outer.o(.text) for __rt_SIGRTMEM
    _get_argv_nomalloc.o(.text) refers to sys_command.o(.text) for _sys_command_string
    libshutdown.o(.ARM.Collect$$libshutdown$$00000000) refers (Special) to libshutdown2.o(.ARM.Collect$$libshutdown$$00000002) for __rt_lib_shutdown_cpp_1
    libshutdown.o(.ARM.Collect$$libshutdown$$00000000) refers (Special) to libshutdown2.o(.ARM.Collect$$libshutdown$$00000007) for __rt_lib_shutdown_fp_trap_1
    libshutdown.o(.ARM.Collect$$libshutdown$$00000000) refers (Special) to libshutdown2.o(.ARM.Collect$$libshutdown$$0000000F) for __rt_lib_shutdown_heap_1
    libshutdown.o(.ARM.Collect$$libshutdown$$00000000) refers (Special) to libshutdown2.o(.ARM.Collect$$libshutdown$$00000010) for __rt_lib_shutdown_return
    libshutdown.o(.ARM.Collect$$libshutdown$$00000000) refers (Special) to libshutdown2.o(.ARM.Collect$$libshutdown$$0000000A) for __rt_lib_shutdown_signal_1
    libshutdown.o(.ARM.Collect$$libshutdown$$00000000) refers (Special) to libshutdown2.o(.ARM.Collect$$libshutdown$$00000004) for __rt_lib_shutdown_stdio_1
    libshutdown.o(.ARM.Collect$$libshutdown$$00000000) refers (Special) to libshutdown2.o(.ARM.Collect$$libshutdown$$0000000C) for __rt_lib_shutdown_user_alloc_1
    sys_command.o(.text) refers (Special) to use_no_semi.o(.text) for __I$use$semihosting
    sys_command.o(.text) refers (Special) to indicate_semi.o(.text) for __semihosting_library_function
    defsig_rtmem_outer.o(.text) refers to defsig_rtmem_inner.o(.text) for __rt_SIGRTMEM_inner
    defsig_rtmem_outer.o(.text) refers to defsig_exit.o(.text) for __sig_exit
    defsig_rtmem_formal.o(.text) refers to rt_raise.o(.text) for __rt_raise
    rt_raise.o(.text) refers to __raise.o(.text) for __raise
    rt_raise.o(.text) refers to sys_exit.o(.text) for _sys_exit
    defsig_exit.o(.text) refers to sys_exit.o(.text) for _sys_exit
    defsig_rtmem_inner.o(.text) refers to defsig_general.o(.text) for __default_signal_display
    __raise.o(.text) refers to defsig.o(CL$$defsig) for __default_signal_handler
    defsig_general.o(.text) refers to sys_wrch.o(.text) for _ttywrch
    sys_wrch.o(.text) refers (Special) to use_no_semi.o(.text) for __I$use$semihosting
    sys_wrch.o(.text) refers (Special) to indicate_semi.o(.text) for __semihosting_library_function
    defsig.o(CL$$defsig) refers to defsig_rtmem_inner.o(.text) for __rt_SIGRTMEM_inner
    defsig_abrt_inner.o(.text) refers to defsig_general.o(.text) for __default_signal_display
    defsig_fpe_inner.o(.text) refers to defsig_general.o(.text) for __default_signal_display
    defsig_rtred_inner.o(.text) refers to defsig_general.o(.text) for __default_signal_display
    defsig_stak_inner.o(.text) refers to defsig_general.o(.text) for __default_signal_display
    defsig_pvfn_inner.o(.text) refers to defsig_general.o(.text) for __default_signal_display
    defsig_cppl_inner.o(.text) refers to defsig_general.o(.text) for __default_signal_display
    defsig_segv_inner.o(.text) refers to defsig_general.o(.text) for __default_signal_display
    defsig_other.o(.text) refers to defsig_general.o(.text) for __default_signal_display


==============================================================================

Removing Unused input sections from the image.

    Removing main.o(.bss), (12 bytes).
    Removing gpio_handler.o(i.RGB_Led_Blink), (44 bytes).
    Removing gpio_handler.o(i.ReadPinState), (26 bytes).
    Removing gpio_handler.o(i.SetGPIOInput), (80 bytes).
    Removing gpio_handler.o(i.SetGPIOInterrupt), (80 bytes).
    Removing gpio_handler.o(i.delay), (10 bytes).
    Removing gpio_handler.o(i.getINTGPIO_Adrress), (48 bytes).
    Removing gpio_handler.o(i.getPeriphAddress), (32 bytes).
    Removing display.o(i.Display_Hex), (52 bytes).
    Removing timer.o(i.Init_Timer), (136 bytes).
    Removing timer.o(i.TIMER_delay), (24 bytes).
    Removing timer.o(i.TIMER_delay_No_Int), (32 bytes).
    Removing timer.o(i.TIMER_reload_calculator), (30 bytes).
    Removing timer.o(i.getINTTIMER_Address), (80 bytes).
    Removing timer.o(i.getPeriphTimerAddress), (64 bytes).
    Removing timer.o(i.getPrioIndex), (20 bytes).
    Removing timer.o(.data), (13 bytes).
    Removing adc_handler.o(i.ADC_Init), (164 bytes).
    Removing adc_handler.o(i.Add_ADC_Channel), (24 bytes).
    Removing adc_handler.o(i.Get_ADC_Value), (16 bytes).
    Removing adc_handler.o(i.Sensor2_Init), (104 bytes).
    Removing adc_handler.o(.bss), (52 bytes).
    Removing pwm_handler.o(i.BitId_PWM), (256 bytes).
    Removing pwm_handler.o(i.Clock_Ticks), (24 bytes).
    Removing pwm_handler.o(i.Duty_Cycle), (108 bytes).
    Removing pwm_handler.o(i.Encoded_Offset_PWM), (268 bytes).
    Removing pwm_handler.o(i.GPIO_Configure_PWM), (520 bytes).
    Removing pwm_handler.o(i.Gen_PWM), (244 bytes).
    Removing pwm_handler.o(i.Init_PWM), (112 bytes).
    Removing pwm_handler.o(i.PWM_Base), (92 bytes).
    Removing pwm_handler.o(i.Periph_PWM), (88 bytes).
    Removing pwm_handler.o(i.State_PWM), (128 bytes).
    Removing pwm_handler.o(i.Sys_Ctl_Enable), (100 bytes).
    Removing i2c_handler.o(i.I2C_Init), (96 bytes).
    Removing i2c_handler.o(i.I2C_Master_Wait), (80 bytes).
    Removing i2c_handler.o(i.I2C_Read), (304 bytes).
    Removing i2c_handler.o(i.I2C_Read2), (92 bytes).
    Removing i2c_handler.o(i.I2C_ReadTemp), (104 bytes).
    Removing i2c_handler.o(i.I2C_Write), (152 bytes).
    Removing i2c_handler.o(.data), (4 bytes).
    Removing ssi_handler_tw.o(i.SSI1_DataOut), (20 bytes).
    Removing ssi_handler_tw.o(i.SSI1_Init), (128 bytes).
    Removing ssi_handler_tw.o(.bss), (48 bytes).
    Removing ssi_handler_tw.o(.data), (8 bytes).
    Removing system_tm4c123.o(.rev16_text), (4 bytes).
    Removing system_tm4c123.o(.revsh_text), (4 bytes).
    Removing system_tm4c123.o(.rrx_text), (6 bytes).
    Removing system_tm4c123.o(i.SystemCoreClockUpdate), (196 bytes).
    Removing system_tm4c123.o(i.getOscClk), (244 bytes).
    Removing system_tm4c123.o(.data), (4 bytes).
    Removing adc.o(i.ADCBusy), (8 bytes).
    Removing adc.o(i.ADCClockConfigGet), (24 bytes).
    Removing adc.o(i.ADCClockConfigSet), (28 bytes).
    Removing adc.o(i.ADCComparatorConfigure), (10 bytes).
    Removing adc.o(i.ADCComparatorIntClear), (4 bytes).
    Removing adc.o(i.ADCComparatorIntDisable), (18 bytes).
    Removing adc.o(i.ADCComparatorIntEnable), (16 bytes).
    Removing adc.o(i.ADCComparatorIntStatus), (4 bytes).
    Removing adc.o(i.ADCComparatorRegionSet), (14 bytes).
    Removing adc.o(i.ADCComparatorReset), (40 bytes).
    Removing adc.o(i.ADCHardwareOversampleConfigure), (18 bytes).
    Removing adc.o(i.ADCIntClearEx), (4 bytes).
    Removing adc.o(i.ADCIntDisable), (16 bytes).
    Removing adc.o(i.ADCIntDisableEx), (10 bytes).
    Removing adc.o(i.ADCIntEnable), (16 bytes).
    Removing adc.o(i.ADCIntEnableEx), (8 bytes).
    Removing adc.o(i.ADCIntRegister), (104 bytes).
    Removing adc.o(i.ADCIntStatusEx), (22 bytes).
    Removing adc.o(i.ADCIntUnregister), (108 bytes).
    Removing adc.o(i.ADCPhaseDelayGet), (4 bytes).
    Removing adc.o(i.ADCPhaseDelaySet), (4 bytes).
    Removing adc.o(i.ADCReferenceGet), (8 bytes).
    Removing adc.o(i.ADCReferenceSet), (12 bytes).
    Removing adc.o(i.ADCSequenceConfigure), (78 bytes).
    Removing adc.o(i.ADCSequenceDMADisable), (18 bytes).
    Removing adc.o(i.ADCSequenceDMAEnable), (16 bytes).
    Removing adc.o(i.ADCSequenceDisable), (16 bytes).
    Removing adc.o(i.ADCSequenceEnable), (14 bytes).
    Removing adc.o(i.ADCSequenceOverflow), (12 bytes).
    Removing adc.o(i.ADCSequenceOverflowClear), (10 bytes).
    Removing adc.o(i.ADCSequenceStepConfigure), (154 bytes).
    Removing adc.o(i.ADCSequenceUnderflow), (12 bytes).
    Removing adc.o(i.ADCSequenceUnderflowClear), (10 bytes).
    Removing adc.o(i.ADCSoftwareOversampleConfigure), (24 bytes).
    Removing adc.o(i.ADCSoftwareOversampleDataGet), (68 bytes).
    Removing adc.o(i.ADCSoftwareOversampleStepConfigure), (148 bytes).
    Removing adc.o(.data), (3 bytes).
    Removing gpio.o(i.GPIOADCTriggerDisable), (14 bytes).
    Removing gpio.o(i.GPIOADCTriggerEnable), (12 bytes).
    Removing gpio.o(i.GPIODMATriggerDisable), (14 bytes).
    Removing gpio.o(i.GPIODMATriggerEnable), (12 bytes).
    Removing gpio.o(i.GPIODirModeGet), (34 bytes).
    Removing gpio.o(i.GPIOIntClear), (6 bytes).
    Removing gpio.o(i.GPIOIntDisable), (14 bytes).
    Removing gpio.o(i.GPIOIntRegister), (88 bytes).
    Removing gpio.o(i.GPIOIntStatus), (14 bytes).
    Removing gpio.o(i.GPIOIntTypeGet), (68 bytes).
    Removing gpio.o(i.GPIOIntTypeSet), (80 bytes).
    Removing gpio.o(i.GPIOIntUnregister), (88 bytes).
    Removing gpio.o(i.GPIOPadConfigGet), (204 bytes).
    Removing gpio.o(i.GPIOPinRead), (6 bytes).
    Removing gpio.o(i.GPIOPinTypeADC), (28 bytes).
    Removing gpio.o(i.GPIOPinTypeCAN), (28 bytes).
    Removing gpio.o(i.GPIOPinTypeCIR), (28 bytes).
    Removing gpio.o(i.GPIOPinTypeComparator), (28 bytes).
    Removing gpio.o(i.GPIOPinTypeComparatorOutput), (28 bytes).
    Removing gpio.o(i.GPIOPinTypeEPI), (28 bytes).
    Removing gpio.o(i.GPIOPinTypeEthernetLED), (28 bytes).
    Removing gpio.o(i.GPIOPinTypeEthernetMII), (28 bytes).
    Removing gpio.o(i.GPIOPinTypeGPIOInput), (28 bytes).
    Removing gpio.o(i.GPIOPinTypeGPIOOutputOD), (28 bytes).
    Removing gpio.o(i.GPIOPinTypeI2C), (28 bytes).
    Removing gpio.o(i.GPIOPinTypeI2CSCL), (28 bytes).
    Removing gpio.o(i.GPIOPinTypeKBColumn), (28 bytes).
    Removing gpio.o(i.GPIOPinTypeKBRow), (28 bytes).
    Removing gpio.o(i.GPIOPinTypeLCD), (28 bytes).
    Removing gpio.o(i.GPIOPinTypeLEDSeq), (28 bytes).
    Removing gpio.o(i.GPIOPinTypeLPC), (28 bytes).
    Removing gpio.o(i.GPIOPinTypePECIRx), (28 bytes).
    Removing gpio.o(i.GPIOPinTypePECITx), (28 bytes).
    Removing gpio.o(i.GPIOPinTypePWM), (28 bytes).
    Removing gpio.o(i.GPIOPinTypeQEI), (28 bytes).
    Removing gpio.o(i.GPIOPinTypeTimer), (28 bytes).
    Removing gpio.o(i.GPIOPinTypeUSBAnalog), (28 bytes).
    Removing gpio.o(i.GPIOPinTypeUSBDigital), (28 bytes).
    Removing gpio.o(i.GPIOPinTypeWakeHigh), (30 bytes).
    Removing gpio.o(i.GPIOPinTypeWakeLow), (30 bytes).
    Removing gpio.o(i.GPIOPinWakeStatus), (6 bytes).
    Removing i2c.o(i.I2CFIFODataGet), (16 bytes).
    Removing i2c.o(i.I2CFIFODataGetNonBlocking), (24 bytes).
    Removing i2c.o(i.I2CFIFODataPut), (16 bytes).
    Removing i2c.o(i.I2CFIFODataPutNonBlocking), (20 bytes).
    Removing i2c.o(i.I2CFIFOStatus), (6 bytes).
    Removing i2c.o(i.I2CIntRegister), (96 bytes).
    Removing i2c.o(i.I2CIntUnregister), (96 bytes).
    Removing i2c.o(i.I2CMasterBurstCountGet), (4 bytes).
    Removing i2c.o(i.I2CMasterBurstLengthSet), (4 bytes).
    Removing i2c.o(i.I2CMasterBusBusy), (12 bytes).
    Removing i2c.o(i.I2CMasterBusy), (12 bytes).
    Removing i2c.o(i.I2CMasterControl), (4 bytes).
    Removing i2c.o(i.I2CMasterDataGet), (4 bytes).
    Removing i2c.o(i.I2CMasterDataPut), (4 bytes).
    Removing i2c.o(i.I2CMasterDisable), (10 bytes).
    Removing i2c.o(i.I2CMasterEnable), (10 bytes).
    Removing i2c.o(i.I2CMasterErr), (24 bytes).
    Removing i2c.o(i.I2CMasterGlitchFilterConfigSet), (8 bytes).
    Removing i2c.o(i.I2CMasterInitExpClk), (84 bytes).
    Removing i2c.o(i.I2CMasterIntClear), (8 bytes).
    Removing i2c.o(i.I2CMasterIntClearEx), (4 bytes).
    Removing i2c.o(i.I2CMasterIntDisable), (6 bytes).
    Removing i2c.o(i.I2CMasterIntDisableEx), (10 bytes).
    Removing i2c.o(i.I2CMasterIntEnable), (6 bytes).
    Removing i2c.o(i.I2CMasterIntEnableEx), (8 bytes).
    Removing i2c.o(i.I2CMasterIntStatus), (24 bytes).
    Removing i2c.o(i.I2CMasterIntStatusEx), (10 bytes).
    Removing i2c.o(i.I2CMasterLineStateGet), (4 bytes).
    Removing i2c.o(i.I2CMasterSlaveAddrSet), (8 bytes).
    Removing i2c.o(i.I2CMasterTimeoutSet), (4 bytes).
    Removing i2c.o(i.I2CRxFIFOConfigSet), (22 bytes).
    Removing i2c.o(i.I2CRxFIFOFlush), (14 bytes).
    Removing i2c.o(i.I2CSlaveACKOverride), (22 bytes).
    Removing i2c.o(i.I2CSlaveACKValueSet), (22 bytes).
    Removing i2c.o(i.I2CSlaveAddressSet), (24 bytes).
    Removing i2c.o(i.I2CSlaveDataGet), (6 bytes).
    Removing i2c.o(i.I2CSlaveDataPut), (6 bytes).
    Removing i2c.o(i.I2CSlaveDisable), (16 bytes).
    Removing i2c.o(i.I2CSlaveEnable), (16 bytes).
    Removing i2c.o(i.I2CSlaveFIFODisable), (8 bytes).
    Removing i2c.o(i.I2CSlaveFIFOEnable), (10 bytes).
    Removing i2c.o(i.I2CSlaveInit), (20 bytes).
    Removing i2c.o(i.I2CSlaveIntClear), (8 bytes).
    Removing i2c.o(i.I2CSlaveIntClearEx), (6 bytes).
    Removing i2c.o(i.I2CSlaveIntDisable), (14 bytes).
    Removing i2c.o(i.I2CSlaveIntDisableEx), (14 bytes).
    Removing i2c.o(i.I2CSlaveIntEnable), (14 bytes).
    Removing i2c.o(i.I2CSlaveIntEnableEx), (12 bytes).
    Removing i2c.o(i.I2CSlaveIntStatus), (28 bytes).
    Removing i2c.o(i.I2CSlaveIntStatusEx), (14 bytes).
    Removing i2c.o(i.I2CSlaveStatus), (6 bytes).
    Removing i2c.o(i.I2CTxFIFOConfigSet), (24 bytes).
    Removing i2c.o(i.I2CTxFIFOFlush), (14 bytes).
    Removing i2c.o(.constdata), (128 bytes).
    Removing interrupt.o(i.IntDisable), (100 bytes).
    Removing interrupt.o(i.IntEnable), (100 bytes).
    Removing interrupt.o(i.IntIsEnabled), (96 bytes).
    Removing interrupt.o(i.IntMasterDisable), (14 bytes).
    Removing interrupt.o(i.IntMasterEnable), (14 bytes).
    Removing interrupt.o(i.IntPendClear), (68 bytes).
    Removing interrupt.o(i.IntPendSet), (84 bytes).
    Removing interrupt.o(i.IntPriorityGet), (28 bytes).
    Removing interrupt.o(i.IntPriorityGroupingGet), (36 bytes).
    Removing interrupt.o(i.IntPriorityGroupingSet), (28 bytes).
    Removing interrupt.o(i.IntPriorityMaskGet), (4 bytes).
    Removing interrupt.o(i.IntPriorityMaskSet), (4 bytes).
    Removing interrupt.o(i.IntPrioritySet), (40 bytes).
    Removing interrupt.o(i.IntRegister), (52 bytes).
    Removing interrupt.o(i.IntTrigger), (12 bytes).
    Removing interrupt.o(i.IntUnregister), (20 bytes).
    Removing interrupt.o(i._IntDefaultHandler), (2 bytes).
    Removing interrupt.o(.constdata), (268 bytes).
    Removing interrupt.o(vtable), (620 bytes).
    Removing pwm.o(i.PWMClockGet), (26 bytes).
    Removing pwm.o(i.PWMClockSet), (20 bytes).
    Removing pwm.o(i.PWMDeadBandDisable), (12 bytes).
    Removing pwm.o(i.PWMDeadBandEnable), (16 bytes).
    Removing pwm.o(i.PWMFaultIntClear), (8 bytes).
    Removing pwm.o(i.PWMFaultIntClearExt), (4 bytes).
    Removing pwm.o(i.PWMFaultIntRegister), (96 bytes).
    Removing pwm.o(i.PWMFaultIntUnregister), (88 bytes).
    Removing pwm.o(i.PWMGenConfigure), (38 bytes).
    Removing pwm.o(i.PWMGenDisable), (10 bytes).
    Removing pwm.o(i.PWMGenEnable), (10 bytes).
    Removing pwm.o(i.PWMGenFaultClear), (18 bytes).
    Removing pwm.o(i.PWMGenFaultConfigure), (18 bytes).
    Removing pwm.o(i.PWMGenFaultStatus), (18 bytes).
    Removing pwm.o(i.PWMGenFaultTriggerGet), (12 bytes).
    Removing pwm.o(i.PWMGenFaultTriggerSet), (12 bytes).
    Removing pwm.o(i.PWMGenIntClear), (6 bytes).
    Removing pwm.o(i.PWMGenIntRegister), (26 bytes).
    Removing pwm.o(i.PWMGenIntStatus), (12 bytes).
    Removing pwm.o(i.PWMGenIntTrigDisable), (10 bytes).
    Removing pwm.o(i.PWMGenIntTrigEnable), (10 bytes).
    Removing pwm.o(i.PWMGenIntUnregister), (22 bytes).
    Removing pwm.o(i.PWMGenPeriodGet), (18 bytes).
    Removing pwm.o(i.PWMGenPeriodSet), (18 bytes).
    Removing pwm.o(i.PWMIntDisable), (10 bytes).
    Removing pwm.o(i.PWMIntEnable), (8 bytes).
    Removing pwm.o(i.PWMIntStatus), (10 bytes).
    Removing pwm.o(i.PWMOutputFault), (16 bytes).
    Removing pwm.o(i.PWMOutputFaultLevel), (16 bytes).
    Removing pwm.o(i.PWMOutputInvert), (16 bytes).
    Removing pwm.o(i.PWMOutputState), (16 bytes).
    Removing pwm.o(i.PWMOutputUpdateMode), (62 bytes).
    Removing pwm.o(i.PWMPulseWidthGet), (32 bytes).
    Removing pwm.o(i.PWMPulseWidthSet), (32 bytes).
    Removing pwm.o(i.PWMSyncTimeBase), (4 bytes).
    Removing pwm.o(i.PWMSyncUpdate), (4 bytes).
    Removing pwm.o(i._PWMGenIntNumberGet), (224 bytes).
    Removing ssi.o(i.SSIAdvDataPutFrameEnd), (20 bytes).
    Removing ssi.o(i.SSIAdvDataPutFrameEndNonBlocking), (26 bytes).
    Removing ssi.o(i.SSIAdvFrameHoldDisable), (10 bytes).
    Removing ssi.o(i.SSIAdvFrameHoldEnable), (10 bytes).
    Removing ssi.o(i.SSIAdvModeSet), (12 bytes).
    Removing ssi.o(i.SSIBusy), (8 bytes).
    Removing ssi.o(i.SSIClockSourceGet), (6 bytes).
    Removing ssi.o(i.SSIDMADisable), (10 bytes).
    Removing ssi.o(i.SSIDMAEnable), (8 bytes).
    Removing ssi.o(i.SSIDataGet), (14 bytes).
    Removing ssi.o(i.SSIDataGetNonBlocking), (20 bytes).
    Removing ssi.o(i.SSIDataPutNonBlocking), (16 bytes).
    Removing ssi.o(i.SSIIntClear), (4 bytes).
    Removing ssi.o(i.SSIIntDisable), (10 bytes).
    Removing ssi.o(i.SSIIntEnable), (8 bytes).
    Removing ssi.o(i.SSIIntRegister), (88 bytes).
    Removing ssi.o(i.SSIIntStatus), (10 bytes).
    Removing ssi.o(i.SSIIntUnregister), (88 bytes).
    Removing ssi.o(.constdata), (64 bytes).
    Removing sysctl.o(i.SysCtlAltClkConfig), (12 bytes).
    Removing sysctl.o(i.SysCtlClockFreqSet), (720 bytes).
    Removing sysctl.o(i.SysCtlClockOutConfig), (20 bytes).
    Removing sysctl.o(i.SysCtlDeepSleep), (32 bytes).
    Removing sysctl.o(i.SysCtlDeepSleepClockConfigSet), (112 bytes).
    Removing sysctl.o(i.SysCtlDeepSleepClockSet), (12 bytes).
    Removing sysctl.o(i.SysCtlDeepSleepPowerSet), (12 bytes).
    Removing sysctl.o(i.SysCtlFlashSectorSizeGet), (56 bytes).
    Removing sysctl.o(i.SysCtlFlashSizeGet), (56 bytes).
    Removing sysctl.o(i.SysCtlGPIOAHBDisable), (28 bytes).
    Removing sysctl.o(i.SysCtlGPIOAHBEnable), (24 bytes).
    Removing sysctl.o(i.SysCtlIntClear), (12 bytes).
    Removing sysctl.o(i.SysCtlIntDisable), (16 bytes).
    Removing sysctl.o(i.SysCtlIntEnable), (16 bytes).
    Removing sysctl.o(i.SysCtlIntRegister), (20 bytes).
    Removing sysctl.o(i.SysCtlIntStatus), (16 bytes).
    Removing sysctl.o(i.SysCtlIntUnregister), (18 bytes).
    Removing sysctl.o(i.SysCtlLDODeepSleepGet), (12 bytes).
    Removing sysctl.o(i.SysCtlLDODeepSleepSet), (12 bytes).
    Removing sysctl.o(i.SysCtlLDOSleepGet), (12 bytes).
    Removing sysctl.o(i.SysCtlLDOSleepSet), (12 bytes).
    Removing sysctl.o(i.SysCtlMOSCConfigSet), (12 bytes).
    Removing sysctl.o(i.SysCtlNMIClear), (16 bytes).
    Removing sysctl.o(i.SysCtlNMIStatus), (12 bytes).
    Removing sysctl.o(i.SysCtlPIOSCCalibrate), (76 bytes).
    Removing sysctl.o(i.SysCtlPWMClockGet), (24 bytes).
    Removing sysctl.o(i.SysCtlPWMClockSet), (20 bytes).
    Removing sysctl.o(i.SysCtlPeripheralClockGating), (68 bytes).
    Removing sysctl.o(i.SysCtlPeripheralDeepSleepDisable), (40 bytes).
    Removing sysctl.o(i.SysCtlPeripheralDeepSleepEnable), (40 bytes).
    Removing sysctl.o(i.SysCtlPeripheralDisable), (40 bytes).
    Removing sysctl.o(i.SysCtlPeripheralPowerOff), (40 bytes).
    Removing sysctl.o(i.SysCtlPeripheralPowerOn), (40 bytes).
    Removing sysctl.o(i.SysCtlPeripheralPresent), (44 bytes).
    Removing sysctl.o(i.SysCtlPeripheralReady), (44 bytes).
    Removing sysctl.o(i.SysCtlPeripheralReset), (60 bytes).
    Removing sysctl.o(i.SysCtlPeripheralSleepDisable), (40 bytes).
    Removing sysctl.o(i.SysCtlPeripheralSleepEnable), (40 bytes).
    Removing sysctl.o(i.SysCtlReset), (16 bytes).
    Removing sysctl.o(i.SysCtlResetBehaviorGet), (12 bytes).
    Removing sysctl.o(i.SysCtlResetBehaviorSet), (12 bytes).
    Removing sysctl.o(i.SysCtlResetCauseClear), (16 bytes).
    Removing sysctl.o(i.SysCtlResetCauseGet), (12 bytes).
    Removing sysctl.o(i.SysCtlSRAMSizeGet), (16 bytes).
    Removing sysctl.o(i.SysCtlSleep), (4 bytes).
    Removing sysctl.o(i.SysCtlSleepPowerSet), (12 bytes).
    Removing sysctl.o(i.SysCtlUSBPLLDisable), (16 bytes).
    Removing sysctl.o(i.SysCtlUSBPLLEnable), (16 bytes).
    Removing sysctl.o(i.SysCtlVoltageEventClear), (16 bytes).
    Removing sysctl.o(i.SysCtlVoltageEventConfig), (12 bytes).
    Removing sysctl.o(i.SysCtlVoltageEventStatus), (12 bytes).
    Removing timer.o(i.TimerADCEventGet), (4 bytes).
    Removing timer.o(i.TimerADCEventSet), (4 bytes).
    Removing timer.o(i.TimerClockSourceGet), (6 bytes).
    Removing timer.o(i.TimerClockSourceSet), (6 bytes).
    Removing timer.o(i.TimerConfigure), (96 bytes).
    Removing timer.o(i.TimerControlEvent), (18 bytes).
    Removing timer.o(i.TimerControlLevel), (22 bytes).
    Removing timer.o(i.TimerControlStall), (22 bytes).
    Removing timer.o(i.TimerControlTrigger), (80 bytes).
    Removing timer.o(i.TimerControlWaitOnTrigger), (48 bytes).
    Removing timer.o(i.TimerDMAEventGet), (4 bytes).
    Removing timer.o(i.TimerDMAEventSet), (4 bytes).
    Removing timer.o(i.TimerIntDisable), (10 bytes).
    Removing timer.o(i.TimerIntEnable), (8 bytes).
    Removing timer.o(i.TimerIntRegister), (104 bytes).
    Removing timer.o(i.TimerIntUnregister), (104 bytes).
    Removing timer.o(i.TimerLoadGet), (10 bytes).
    Removing timer.o(i.TimerLoadGet64), (14 bytes).
    Removing timer.o(i.TimerLoadSet), (18 bytes).
    Removing timer.o(i.TimerLoadSet64), (6 bytes).
    Removing timer.o(i.TimerMatchGet), (10 bytes).
    Removing timer.o(i.TimerMatchGet64), (14 bytes).
    Removing timer.o(i.TimerMatchSet), (18 bytes).
    Removing timer.o(i.TimerMatchSet64), (6 bytes).
    Removing timer.o(i.TimerPrescaleGet), (10 bytes).
    Removing timer.o(i.TimerPrescaleMatchGet), (10 bytes).
    Removing timer.o(i.TimerPrescaleMatchSet), (18 bytes).
    Removing timer.o(i.TimerPrescaleSet), (18 bytes).
    Removing timer.o(i.TimerRTCDisable), (10 bytes).
    Removing timer.o(i.TimerRTCEnable), (10 bytes).
    Removing timer.o(i.TimerSynchronize), (4 bytes).
    Removing timer.o(i.TimerUpdateMode), (42 bytes).
    Removing timer.o(i.TimerValueGet), (10 bytes).
    Removing timer.o(i.TimerValueGet64), (14 bytes).
    Removing timer.o(.constdata), (160 bytes).
    Removing uart.o(i.UART9BitAddrSend), (38 bytes).
    Removing uart.o(i.UART9BitAddrSet), (10 bytes).
    Removing uart.o(i.UART9BitDisable), (14 bytes).
    Removing uart.o(i.UART9BitEnable), (14 bytes).
    Removing uart.o(i.UARTBreakCtl), (18 bytes).
    Removing uart.o(i.UARTBusy), (8 bytes).
    Removing uart.o(i.UARTCharGet), (12 bytes).
    Removing uart.o(i.UARTCharGetNonBlocking), (16 bytes).
    Removing uart.o(i.UARTCharPutNonBlocking), (16 bytes).
    Removing uart.o(i.UARTCharsAvail), (10 bytes).
    Removing uart.o(i.UARTClockSourceGet), (6 bytes).
    Removing uart.o(i.UARTDMADisable), (10 bytes).
    Removing uart.o(i.UARTDMAEnable), (8 bytes).
    Removing uart.o(i.UARTDisableSIR), (10 bytes).
    Removing uart.o(i.UARTEnableSIR), (18 bytes).
    Removing uart.o(i.UARTFIFODisable), (10 bytes).
    Removing uart.o(i.UARTFIFOLevelGet), (16 bytes).
    Removing uart.o(i.UARTFIFOLevelSet), (6 bytes).
    Removing uart.o(i.UARTFlowControlGet), (8 bytes).
    Removing uart.o(i.UARTFlowControlSet), (12 bytes).
    Removing uart.o(i.UARTIntClear), (4 bytes).
    Removing uart.o(i.UARTIntDisable), (10 bytes).
    Removing uart.o(i.UARTIntEnable), (8 bytes).
    Removing uart.o(i.UARTIntRegister), (88 bytes).
    Removing uart.o(i.UARTIntStatus), (10 bytes).
    Removing uart.o(i.UARTIntUnregister), (88 bytes).
    Removing uart.o(i.UARTModemControlClear), (14 bytes).
    Removing uart.o(i.UARTModemControlGet), (8 bytes).
    Removing uart.o(i.UARTModemControlSet), (12 bytes).
    Removing uart.o(i.UARTModemStatusGet), (10 bytes).
    Removing uart.o(i.UARTParityModeGet), (8 bytes).
    Removing uart.o(i.UARTParityModeSet), (12 bytes).
    Removing uart.o(i.UARTRxErrorClear), (6 bytes).
    Removing uart.o(i.UARTRxErrorGet), (8 bytes).
    Removing uart.o(i.UARTSmartCardDisable), (10 bytes).
    Removing uart.o(i.UARTSmartCardEnable), (22 bytes).
    Removing uart.o(i.UARTSpaceAvail), (10 bytes).
    Removing uart.o(i.UARTTxIntModeGet), (8 bytes).
    Removing uart.o(i.UARTTxIntModeSet), (12 bytes).
    Removing uart.o(.constdata), (128 bytes).
    Removing cpu.o(.emb_text), (38 bytes).

384 unused section(s) (total 14840 bytes) removed from the image.

==============================================================================

Image Symbol Table

    Local Symbols

    Symbol Name                              Value     Ov Type        Size  Object(Section)

    RESET                                    0x00000000   Section      620  startup_tm4c123.o(RESET)
    ../clib/angel/boardlib.s                 0x00000000   Number         0  boardinit3.o ABSOLUTE
    ../clib/angel/boardlib.s                 0x00000000   Number         0  boardinit2.o ABSOLUTE
    ../clib/angel/boardlib.s                 0x00000000   Number         0  boardinit1.o ABSOLUTE
    ../clib/angel/boardlib.s                 0x00000000   Number         0  boardshut.o ABSOLUTE
    ../clib/angel/handlers.s                 0x00000000   Number         0  __scatter_zi.o ABSOLUTE
    ../clib/angel/handlers.s                 0x00000000   Number         0  __scatter_copy.o ABSOLUTE
    ../clib/angel/kernel.s                   0x00000000   Number         0  __rtentry4.o ABSOLUTE
    ../clib/angel/kernel.s                   0x00000000   Number         0  rtexit2.o ABSOLUTE
    ../clib/angel/kernel.s                   0x00000000   Number         0  rtexit.o ABSOLUTE
    ../clib/angel/kernel.s                   0x00000000   Number         0  __rtentry2.o ABSOLUTE
    ../clib/angel/kernel.s                   0x00000000   Number         0  __rtentry.o ABSOLUTE
    ../clib/angel/rt.s                       0x00000000   Number         0  rt_raise.o ABSOLUTE
    ../clib/angel/scatter.s                  0x00000000   Number         0  __scatter.o ABSOLUTE
    ../clib/angel/startup.s                  0x00000000   Number         0  __main.o ABSOLUTE
    ../clib/angel/sys.s                      0x00000000   Number         0  libspace.o ABSOLUTE
    ../clib/angel/sys.s                      0x00000000   Number         0  sys_stackheap_outer.o ABSOLUTE
    ../clib/angel/sys.s                      0x00000000   Number         0  use_no_semi.o ABSOLUTE
    ../clib/angel/sys.s                      0x00000000   Number         0  indicate_semi.o ABSOLUTE
    ../clib/angel/sysapp.c                   0x00000000   Number         0  sys_wrch.o ABSOLUTE
    ../clib/angel/sysapp.c                   0x00000000   Number         0  sys_exit.o ABSOLUTE
    ../clib/angel/sysapp.c                   0x00000000   Number         0  sys_command.o ABSOLUTE
    ../clib/armsys.c                         0x00000000   Number         0  argv_veneer.o ABSOLUTE
    ../clib/armsys.c                         0x00000000   Number         0  argv_veneer.o ABSOLUTE
    ../clib/armsys.c                         0x00000000   Number         0  _get_argv_nomalloc.o ABSOLUTE
    ../clib/armsys.c                         0x00000000   Number         0  no_argv.o ABSOLUTE
    ../clib/heapalloc.c                      0x00000000   Number         0  hrguard.o ABSOLUTE
    ../clib/heapaux.c                        0x00000000   Number         0  heapauxi.o ABSOLUTE
    ../clib/libinit.s                        0x00000000   Number         0  libinit2.o ABSOLUTE
    ../clib/libinit.s                        0x00000000   Number         0  libinit.o ABSOLUTE
    ../clib/libinit.s                        0x00000000   Number         0  libshutdown.o ABSOLUTE
    ../clib/libinit.s                        0x00000000   Number         0  libshutdown2.o ABSOLUTE
    ../clib/signal.c                         0x00000000   Number         0  defsig_general.o ABSOLUTE
    ../clib/signal.c                         0x00000000   Number         0  __raise.o ABSOLUTE
    ../clib/signal.c                         0x00000000   Number         0  defsig_rtmem_inner.o ABSOLUTE
    ../clib/signal.c                         0x00000000   Number         0  defsig_exit.o ABSOLUTE
    ../clib/signal.c                         0x00000000   Number         0  defsig_rtmem_outer.o ABSOLUTE
    ../clib/signal.c                         0x00000000   Number         0  defsig_rtred_inner.o ABSOLUTE
    ../clib/signal.c                         0x00000000   Number         0  defsig_rtmem_formal.o ABSOLUTE
    ../clib/signal.c                         0x00000000   Number         0  defsig_other.o ABSOLUTE
    ../clib/signal.c                         0x00000000   Number         0  defsig_segv_inner.o ABSOLUTE
    ../clib/signal.c                         0x00000000   Number         0  defsig_cppl_inner.o ABSOLUTE
    ../clib/signal.c                         0x00000000   Number         0  defsig_pvfn_inner.o ABSOLUTE
    ../clib/signal.c                         0x00000000   Number         0  defsig_stak_inner.o ABSOLUTE
    ../clib/signal.c                         0x00000000   Number         0  defsig_fpe_inner.o ABSOLUTE
    ../clib/signal.c                         0x00000000   Number         0  defsig_abrt_inner.o ABSOLUTE
    ../clib/signal.s                         0x00000000   Number         0  defsig.o ABSOLUTE
    ../clib/stdlib.c                         0x00000000   Number         0  exit.o ABSOLUTE
    ../fplib/fpinit.s                        0x00000000   Number         0  fpinit.o ABSOLUTE
    RTE\Device\TM4C123GH6PM\startup_TM4C123.s 0x00000000   Number         0  startup_tm4c123.o ABSOLUTE
    RTE\Device\TM4C123GH6PM\system_TM4C123.c 0x00000000   Number         0  system_tm4c123.o ABSOLUTE
    RTE\\Device\\TM4C123GH6PM\\system_TM4C123.c 0x00000000   Number         0  system_tm4c123.o ABSOLUTE
    adc.c                                    0x00000000   Number         0  adc.o ABSOLUTE
    adc_handler.c                            0x00000000   Number         0  adc_handler.o ABSOLUTE
    cpu.c                                    0x00000000   Number         0  cpu.o ABSOLUTE
    cpu.c                                    0x00000000   Number         0  cpu.o ABSOLUTE
    dc.s                                     0x00000000   Number         0  dc.o ABSOLUTE
    display.c                                0x00000000   Number         0  display.o ABSOLUTE
    gpio.c                                   0x00000000   Number         0  gpio.o ABSOLUTE
    gpio_handler.c                           0x00000000   Number         0  gpio_handler.o ABSOLUTE
    i2c.c                                    0x00000000   Number         0  i2c.o ABSOLUTE
    i2c_handler.c                            0x00000000   Number         0  i2c_handler.o ABSOLUTE
    interrupt.c                              0x00000000   Number         0  interrupt.o ABSOLUTE
    main.c                                   0x00000000   Number         0  main.o ABSOLUTE
    main.c                                   0x00000000   Number         0  main.o ABSOLUTE
    pwm.c                                    0x00000000   Number         0  pwm.o ABSOLUTE
    pwm_handler.c                            0x00000000   Number         0  pwm_handler.o ABSOLUTE
    ssi.c                                    0x00000000   Number         0  ssi.o ABSOLUTE
    ssi_handler_tw.c                         0x00000000   Number         0  ssi_handler_tw.o ABSOLUTE
    sysctl.c                                 0x00000000   Number         0  sysctl.o ABSOLUTE
    sysctl.c                                 0x00000000   Number         0  sysctl.o ABSOLUTE
    timer.c                                  0x00000000   Number         0  timer.o ABSOLUTE
    timer.c                                  0x00000000   Number         0  timer.o ABSOLUTE
    uart.c                                   0x00000000   Number         0  uart.o ABSOLUTE
    !!!main                                  0x0000026c   Section        8  __main.o(!!!main)
    !!!scatter                               0x00000274   Section       52  __scatter.o(!!!scatter)
    !!handler_copy                           0x000002a8   Section       26  __scatter_copy.o(!!handler_copy)
    !!handler_zi                             0x000002c4   Section       28  __scatter_zi.o(!!handler_zi)
    .ARM.Collect$$libinit$$00000000          0x000002e0   Section        2  libinit.o(.ARM.Collect$$libinit$$00000000)
    .ARM.Collect$$libinit$$00000001          0x000002e2   Section        4  libinit2.o(.ARM.Collect$$libinit$$00000001)
    .ARM.Collect$$libinit$$00000004          0x000002e6   Section        0  libinit2.o(.ARM.Collect$$libinit$$00000004)
    .ARM.Collect$$libinit$$0000000A          0x000002e6   Section        0  libinit2.o(.ARM.Collect$$libinit$$0000000A)
    .ARM.Collect$$libinit$$0000000C          0x000002e6   Section        0  libinit2.o(.ARM.Collect$$libinit$$0000000C)
    .ARM.Collect$$libinit$$0000000E          0x000002e6   Section        0  libinit2.o(.ARM.Collect$$libinit$$0000000E)
    .ARM.Collect$$libinit$$00000011          0x000002e6   Section        0  libinit2.o(.ARM.Collect$$libinit$$00000011)
    .ARM.Collect$$libinit$$00000013          0x000002e6   Section        0  libinit2.o(.ARM.Collect$$libinit$$00000013)
    .ARM.Collect$$libinit$$00000015          0x000002e6   Section        0  libinit2.o(.ARM.Collect$$libinit$$00000015)
    .ARM.Collect$$libinit$$00000017          0x000002e6   Section        0  libinit2.o(.ARM.Collect$$libinit$$00000017)
    .ARM.Collect$$libinit$$00000019          0x000002e6   Section        0  libinit2.o(.ARM.Collect$$libinit$$00000019)
    .ARM.Collect$$libinit$$0000001B          0x000002e6   Section        0  libinit2.o(.ARM.Collect$$libinit$$0000001B)
    .ARM.Collect$$libinit$$0000001D          0x000002e6   Section        0  libinit2.o(.ARM.Collect$$libinit$$0000001D)
    .ARM.Collect$$libinit$$0000001F          0x000002e6   Section        0  libinit2.o(.ARM.Collect$$libinit$$0000001F)
    .ARM.Collect$$libinit$$00000021          0x000002e6   Section        0  libinit2.o(.ARM.Collect$$libinit$$00000021)
    .ARM.Collect$$libinit$$00000023          0x000002e6   Section        0  libinit2.o(.ARM.Collect$$libinit$$00000023)
    .ARM.Collect$$libinit$$00000025          0x000002e6   Section        0  libinit2.o(.ARM.Collect$$libinit$$00000025)
    .ARM.Collect$$libinit$$0000002C          0x000002e6   Section        0  libinit2.o(.ARM.Collect$$libinit$$0000002C)
    .ARM.Collect$$libinit$$0000002E          0x000002e6   Section        0  libinit2.o(.ARM.Collect$$libinit$$0000002E)
    .ARM.Collect$$libinit$$00000030          0x000002e6   Section        0  libinit2.o(.ARM.Collect$$libinit$$00000030)
    .ARM.Collect$$libinit$$00000032          0x000002e6   Section        0  libinit2.o(.ARM.Collect$$libinit$$00000032)
    .ARM.Collect$$libinit$$00000033          0x000002e6   Section        2  libinit2.o(.ARM.Collect$$libinit$$00000033)
    .ARM.Collect$$libshutdown$$00000000      0x000002e8   Section        2  libshutdown.o(.ARM.Collect$$libshutdown$$00000000)
    .ARM.Collect$$libshutdown$$00000002      0x000002ea   Section        0  libshutdown2.o(.ARM.Collect$$libshutdown$$00000002)
    .ARM.Collect$$libshutdown$$00000004      0x000002ea   Section        0  libshutdown2.o(.ARM.Collect$$libshutdown$$00000004)
    .ARM.Collect$$libshutdown$$00000007      0x000002ea   Section        0  libshutdown2.o(.ARM.Collect$$libshutdown$$00000007)
    .ARM.Collect$$libshutdown$$0000000A      0x000002ea   Section        0  libshutdown2.o(.ARM.Collect$$libshutdown$$0000000A)
    .ARM.Collect$$libshutdown$$0000000C      0x000002ea   Section        0  libshutdown2.o(.ARM.Collect$$libshutdown$$0000000C)
    .ARM.Collect$$libshutdown$$0000000F      0x000002ea   Section        0  libshutdown2.o(.ARM.Collect$$libshutdown$$0000000F)
    .ARM.Collect$$libshutdown$$00000010      0x000002ea   Section        2  libshutdown2.o(.ARM.Collect$$libshutdown$$00000010)
    .ARM.Collect$$rtentry$$00000000          0x000002ec   Section        0  __rtentry.o(.ARM.Collect$$rtentry$$00000000)
    .ARM.Collect$$rtentry$$00000002          0x000002ec   Section        0  __rtentry2.o(.ARM.Collect$$rtentry$$00000002)
    .ARM.Collect$$rtentry$$00000004          0x000002ec   Section        6  __rtentry4.o(.ARM.Collect$$rtentry$$00000004)
    .ARM.Collect$$rtentry$$00000009          0x000002f2   Section        0  __rtentry2.o(.ARM.Collect$$rtentry$$00000009)
    .ARM.Collect$$rtentry$$0000000A          0x000002f2   Section        4  __rtentry2.o(.ARM.Collect$$rtentry$$0000000A)
    .ARM.Collect$$rtentry$$0000000C          0x000002f6   Section        0  __rtentry2.o(.ARM.Collect$$rtentry$$0000000C)
    .ARM.Collect$$rtentry$$0000000D          0x000002f6   Section        8  __rtentry2.o(.ARM.Collect$$rtentry$$0000000D)
    .ARM.Collect$$rtexit$$00000000           0x000002fe   Section        2  rtexit.o(.ARM.Collect$$rtexit$$00000000)
    .ARM.Collect$$rtexit$$00000002           0x00000300   Section        0  rtexit2.o(.ARM.Collect$$rtexit$$00000002)
    .ARM.Collect$$rtexit$$00000003           0x00000300   Section        4  rtexit2.o(.ARM.Collect$$rtexit$$00000003)
    .ARM.Collect$$rtexit$$00000004           0x00000304   Section        6  rtexit2.o(.ARM.Collect$$rtexit$$00000004)
    .emb_text                                0x0000030c   Section        6  main.o(.emb_text)
    $v0                                      0x0000030c   Number         0  main.o(.emb_text)
    .emb_text                                0x00000314   Section        6  sysctl.o(.emb_text)
    $v0                                      0x00000314   Number         0  sysctl.o(.emb_text)
    .text                                    0x0000031c   Section      276  startup_tm4c123.o(.text)
    $v0                                      0x0000031c   Number         0  startup_tm4c123.o(.text)
    .text                                    0x00000430   Section        0  heapauxi.o(.text)
    .text                                    0x00000436   Section       74  sys_stackheap_outer.o(.text)
    .text                                    0x00000480   Section        0  exit.o(.text)
    .text                                    0x00000494   Section        8  libspace.o(.text)
    .text                                    0x0000049c   Section        0  sys_exit.o(.text)
    .text                                    0x000004a8   Section        2  use_no_semi.o(.text)
    .text                                    0x000004aa   Section        0  indicate_semi.o(.text)
    i.ADC1SS2_Handler                        0x000004ac   Section        0  adc_handler.o(i.ADC1SS2_Handler)
    i.ADCIntClear                            0x000004d8   Section        0  adc.o(i.ADCIntClear)
    i.ADCIntStatus                           0x000004e2   Section        0  adc.o(i.ADCIntStatus)
    i.ADCProcessorTrigger                    0x00000516   Section        0  adc.o(i.ADCProcessorTrigger)
    i.ADCSequenceDataGet                     0x00000530   Section        0  adc.o(i.ADCSequenceDataGet)
    i.Display_Char                           0x00000554   Section        0  display.o(i.Display_Char)
    i.Display_Decimal                        0x00000568   Section        0  display.o(i.Display_Decimal)
    i.Display_Init                           0x00000594   Section        0  display.o(i.Display_Init)
    i.Display_NewLine                        0x00000604   Section        0  display.o(i.Display_NewLine)
    i.Display_String                         0x00000614   Section        0  display.o(i.Display_String)
    i.GPIODirModeSet                         0x0000062a   Section        0  gpio.o(i.GPIODirModeSet)
    i.GPIOIntEnable                          0x00000652   Section        0  gpio.o(i.GPIOIntEnable)
    i.GPIOPadConfigSet                       0x0000065e   Section        0  gpio.o(i.GPIOPadConfigSet)
    i.GPIOPinConfigure                       0x00000798   Section        0  gpio.o(i.GPIOPinConfigure)
    i.GPIOPinTypeGPIOOutput                  0x000007dc   Section        0  gpio.o(i.GPIOPinTypeGPIOOutput)
    i.GPIOPinTypeSSI                         0x000007f8   Section        0  gpio.o(i.GPIOPinTypeSSI)
    i.GPIOPinTypeUART                        0x00000814   Section        0  gpio.o(i.GPIOPinTypeUART)
    i.GPIOPinWrite                           0x00000830   Section        0  gpio.o(i.GPIOPinWrite)
    i.SSI0_DataOut                           0x00000838   Section        0  ssi_handler_tw.o(i.SSI0_DataOut)
    i.SSI0_InitMaster                        0x00000854   Section        0  ssi_handler_tw.o(i.SSI0_InitMaster)
    i.SSIClockSourceSet                      0x000008dc   Section        0  ssi.o(i.SSIClockSourceSet)
    i.SSIConfigSetExpClk                     0x000008e2   Section        0  ssi.o(i.SSIConfigSetExpClk)
    i.SSIDataPut                             0x0000091c   Section        0  ssi.o(i.SSIDataPut)
    i.SSIDisable                             0x00000928   Section        0  ssi.o(i.SSIDisable)
    i.SSIEnable                              0x00000932   Section        0  ssi.o(i.SSIEnable)
    i.SysCtlClockGet                         0x0000093c   Section        0  sysctl.o(i.SysCtlClockGet)
    i.SysCtlClockSet                         0x00000a90   Section        0  sysctl.o(i.SysCtlClockSet)
    i.SysCtlPeripheralEnable                 0x00000bb0   Section        0  sysctl.o(i.SysCtlPeripheralEnable)
    i.SystemInit                             0x00000bd8   Section        0  system_tm4c123.o(i.SystemInit)
    i.TIMER1A_Handler                        0x00000c70   Section        0  main.o(i.TIMER1A_Handler)
    i.TIMER2A_Handler                        0x00000cac   Section        0  main.o(i.TIMER2A_Handler)
    i.TIMER4A_Handler                        0x00000d14   Section        0  main.o(i.TIMER4A_Handler)
    i.TimerDisable                           0x00000d40   Section        0  timer.o(i.TimerDisable)
    i.TimerEnable                            0x00000d50   Section        0  timer.o(i.TimerEnable)
    i.TimerIntClear                          0x00000d5e   Section        0  timer.o(i.TimerIntClear)
    i.TimerIntStatus                         0x00000d62   Section        0  timer.o(i.TimerIntStatus)
    i.UARTCharPut                            0x00000d6c   Section        0  uart.o(i.UARTCharPut)
    i.UARTClockSourceSet                     0x00000d78   Section        0  uart.o(i.UARTClockSourceSet)
    i.UARTConfigGetExpClk                    0x00000d7e   Section        0  uart.o(i.UARTConfigGetExpClk)
    i.UARTConfigSetExpClk                    0x00000dac   Section        0  uart.o(i.UARTConfigSetExpClk)
    i.UARTDisable                            0x00000e1a   Section        0  uart.o(i.UARTDisable)
    i.UARTEnable                             0x00000e38   Section        0  uart.o(i.UARTEnable)
    i.UARTFIFOEnable                         0x00000e4c   Section        0  uart.o(i.UARTFIFOEnable)
    i.WTIMER0A_Handler                       0x00000e58   Section        0  timer.o(i.WTIMER0A_Handler)
    i.WTIMER1A_Handler                       0x00000e88   Section        0  main.o(i.WTIMER1A_Handler)
    i.main                                   0x00000ec8   Section        0  main.o(i.main)
    x$fpl$fpinit                             0x00000f70   Section       10  fpinit.o(x$fpl$fpinit)
    $v0                                      0x00000f70   Number         0  fpinit.o(x$fpl$fpinit)
    .constdata                               0x00000f7c   Section      528  gpio.o(.constdata)
    g_ppui32GPIOIntMapBlizzard               0x00000f7c   Data         192  gpio.o(.constdata)
    g_ppui32GPIOIntMapSnowflake              0x0000103c   Data         192  gpio.o(.constdata)
    g_pui32GPIOBaseAddrs                     0x000010fc   Data         144  gpio.o(.constdata)
    .constdata                               0x0000118c   Section      452  sysctl.o(.constdata)
    g_pui32VCOFrequencies                    0x0000118c   Data           8  sysctl.o(.constdata)
    g_pui32Xtals                             0x00001194   Data         108  sysctl.o(.constdata)
    g_pppui32XTALtoVCO                       0x00001200   Data         288  sysctl.o(.constdata)
    g_sXTALtoMEMTIM                          0x00001320   Data          48  sysctl.o(.constdata)
    .data                                    0x20000000   Section        8  main.o(.data)
    intCounter                               0x20000004   Data           4  main.o(.data)
    .data                                    0x20000008   Section        4  display.o(.data)
    .data                                    0x2000000c   Section       16  adc_handler.o(.data)
    .bss                                     0x2000001c   Section       96  libspace.o(.bss)
    HEAP                                     0x20000080   Section        0  startup_tm4c123.o(HEAP)
    STACK                                    0x20000080   Section      512  startup_tm4c123.o(STACK)
    Heap_Mem                                 0x20000080   Data           0  startup_tm4c123.o(HEAP)
    Stack_Mem                                0x20000080   Data         512  startup_tm4c123.o(STACK)
    __initial_sp                             0x20000280   Data           0  startup_tm4c123.o(STACK)

    Global Symbols

    Symbol Name                              Value     Ov Type        Size  Object(Section)

    BuildAttributes$$THM_ISAv4$E$P$D$K$B$S$7EM$VFPi3$EXTD16$VFPS$VFMA$PE$A:L22UL41UL21$X:L11$S22US41US21$IEEE1$IW$USESV6$~STKCKD$USESV7$~SHL$OTIME$ROPI$EBA8$UX$STANDARDLIB$REQ8$PRES8$EABIv2 0x00000000   Number         0  anon$$obj.o ABSOLUTE
    __ARM_use_no_argv                        0x00000000   Number         0  main.o ABSOLUTE
    __Vectors                                0x00000000   Data           4  startup_tm4c123.o(RESET)
    __ARM_exceptions_init                     - Undefined Weak Reference
    __alloca_initialize                       - Undefined Weak Reference
    __arm_preinit_                            - Undefined Weak Reference
    __cpp_initialize__aeabi_                  - Undefined Weak Reference
    __cxa_finalize                            - Undefined Weak Reference
    __rt_locale                               - Undefined Weak Reference
    __sigvec_lookup                           - Undefined Weak Reference
    _atexit_init                              - Undefined Weak Reference
    _call_atexit_fns                          - Undefined Weak Reference
    _clock_init                               - Undefined Weak Reference
    _fp_trap_init                             - Undefined Weak Reference
    _fp_trap_shutdown                         - Undefined Weak Reference
    _get_lc_collate                           - Undefined Weak Reference
    _get_lc_ctype                             - Undefined Weak Reference
    _get_lc_monetary                          - Undefined Weak Reference
    _get_lc_numeric                           - Undefined Weak Reference
    _get_lc_time                              - Undefined Weak Reference
    _getenv_init                              - Undefined Weak Reference
    _handle_redirection                       - Undefined Weak Reference
    _init_alloc                               - Undefined Weak Reference
    _init_user_alloc                          - Undefined Weak Reference
    _initio                                   - Undefined Weak Reference
    _rand_init                                - Undefined Weak Reference
    _signal_finish                            - Undefined Weak Reference
    _signal_init                              - Undefined Weak Reference
    _terminate_alloc                          - Undefined Weak Reference
    _terminate_user_alloc                     - Undefined Weak Reference
    _terminateio                              - Undefined Weak Reference
    __Vectors_End                            0x0000026c   Data           0  startup_tm4c123.o(RESET)
    __Vectors_Size                           0x0000026c   Number         0  startup_tm4c123.o ABSOLUTE
    __main                                   0x0000026d   Thumb Code     8  __main.o(!!!main)
    __scatterload                            0x00000275   Thumb Code     0  __scatter.o(!!!scatter)
    __scatterload_rt2                        0x00000275   Thumb Code    44  __scatter.o(!!!scatter)
    __scatterload_rt2_thumb_only             0x00000275   Thumb Code     0  __scatter.o(!!!scatter)
    __scatterload_null                       0x00000283   Thumb Code     0  __scatter.o(!!!scatter)
    __scatterload_copy                       0x000002a9   Thumb Code    26  __scatter_copy.o(!!handler_copy)
    __scatterload_zeroinit                   0x000002c5   Thumb Code    28  __scatter_zi.o(!!handler_zi)
    __rt_lib_init                            0x000002e1   Thumb Code     0  libinit.o(.ARM.Collect$$libinit$$00000000)
    __rt_lib_init_fp_1                       0x000002e3   Thumb Code     0  libinit2.o(.ARM.Collect$$libinit$$00000001)
    __rt_lib_init_alloca_1                   0x000002e7   Thumb Code     0  libinit2.o(.ARM.Collect$$libinit$$0000002E)
    __rt_lib_init_argv_1                     0x000002e7   Thumb Code     0  libinit2.o(.ARM.Collect$$libinit$$0000002C)
    __rt_lib_init_atexit_1                   0x000002e7   Thumb Code     0  libinit2.o(.ARM.Collect$$libinit$$0000001B)
    __rt_lib_init_clock_1                    0x000002e7   Thumb Code     0  libinit2.o(.ARM.Collect$$libinit$$00000021)
    __rt_lib_init_cpp_1                      0x000002e7   Thumb Code     0  libinit2.o(.ARM.Collect$$libinit$$00000032)
    __rt_lib_init_exceptions_1               0x000002e7   Thumb Code     0  libinit2.o(.ARM.Collect$$libinit$$00000030)
    __rt_lib_init_fp_trap_1                  0x000002e7   Thumb Code     0  libinit2.o(.ARM.Collect$$libinit$$0000001F)
    __rt_lib_init_getenv_1                   0x000002e7   Thumb Code     0  libinit2.o(.ARM.Collect$$libinit$$00000023)
    __rt_lib_init_heap_1                     0x000002e7   Thumb Code     0  libinit2.o(.ARM.Collect$$libinit$$0000000A)
    __rt_lib_init_lc_collate_1               0x000002e7   Thumb Code     0  libinit2.o(.ARM.Collect$$libinit$$00000011)
    __rt_lib_init_lc_ctype_1                 0x000002e7   Thumb Code     0  libinit2.o(.ARM.Collect$$libinit$$00000013)
    __rt_lib_init_lc_monetary_1              0x000002e7   Thumb Code     0  libinit2.o(.ARM.Collect$$libinit$$00000015)
    __rt_lib_init_lc_numeric_1               0x000002e7   Thumb Code     0  libinit2.o(.ARM.Collect$$libinit$$00000017)
    __rt_lib_init_lc_time_1                  0x000002e7   Thumb Code     0  libinit2.o(.ARM.Collect$$libinit$$00000019)
    __rt_lib_init_preinit_1                  0x000002e7   Thumb Code     0  libinit2.o(.ARM.Collect$$libinit$$00000004)
    __rt_lib_init_rand_1                     0x000002e7   Thumb Code     0  libinit2.o(.ARM.Collect$$libinit$$0000000E)
    __rt_lib_init_return                     0x000002e7   Thumb Code     0  libinit2.o(.ARM.Collect$$libinit$$00000033)
    __rt_lib_init_signal_1                   0x000002e7   Thumb Code     0  libinit2.o(.ARM.Collect$$libinit$$0000001D)
    __rt_lib_init_stdio_1                    0x000002e7   Thumb Code     0  libinit2.o(.ARM.Collect$$libinit$$00000025)
    __rt_lib_init_user_alloc_1               0x000002e7   Thumb Code     0  libinit2.o(.ARM.Collect$$libinit$$0000000C)
    __rt_lib_shutdown                        0x000002e9   Thumb Code     0  libshutdown.o(.ARM.Collect$$libshutdown$$00000000)
    __rt_lib_shutdown_cpp_1                  0x000002eb   Thumb Code     0  libshutdown2.o(.ARM.Collect$$libshutdown$$00000002)
    __rt_lib_shutdown_fp_trap_1              0x000002eb   Thumb Code     0  libshutdown2.o(.ARM.Collect$$libshutdown$$00000007)
    __rt_lib_shutdown_heap_1                 0x000002eb   Thumb Code     0  libshutdown2.o(.ARM.Collect$$libshutdown$$0000000F)
    __rt_lib_shutdown_return                 0x000002eb   Thumb Code     0  libshutdown2.o(.ARM.Collect$$libshutdown$$00000010)
    __rt_lib_shutdown_signal_1               0x000002eb   Thumb Code     0  libshutdown2.o(.ARM.Collect$$libshutdown$$0000000A)
    __rt_lib_shutdown_stdio_1                0x000002eb   Thumb Code     0  libshutdown2.o(.ARM.Collect$$libshutdown$$00000004)
    __rt_lib_shutdown_user_alloc_1           0x000002eb   Thumb Code     0  libshutdown2.o(.ARM.Collect$$libshutdown$$0000000C)
    __rt_entry                               0x000002ed   Thumb Code     0  __rtentry.o(.ARM.Collect$$rtentry$$00000000)
    __rt_entry_presh_1                       0x000002ed   Thumb Code     0  __rtentry2.o(.ARM.Collect$$rtentry$$00000002)
    __rt_entry_sh                            0x000002ed   Thumb Code     0  __rtentry4.o(.ARM.Collect$$rtentry$$00000004)
    __rt_entry_li                            0x000002f3   Thumb Code     0  __rtentry2.o(.ARM.Collect$$rtentry$$0000000A)
    __rt_entry_postsh_1                      0x000002f3   Thumb Code     0  __rtentry2.o(.ARM.Collect$$rtentry$$00000009)
    __rt_entry_main                          0x000002f7   Thumb Code     0  __rtentry2.o(.ARM.Collect$$rtentry$$0000000D)
    __rt_entry_postli_1                      0x000002f7   Thumb Code     0  __rtentry2.o(.ARM.Collect$$rtentry$$0000000C)
    __rt_exit                                0x000002ff   Thumb Code     0  rtexit.o(.ARM.Collect$$rtexit$$00000000)
    __rt_exit_ls                             0x00000301   Thumb Code     0  rtexit2.o(.ARM.Collect$$rtexit$$00000003)
    __rt_exit_prels_1                        0x00000301   Thumb Code     0  rtexit2.o(.ARM.Collect$$rtexit$$00000002)
    __rt_exit_exit                           0x00000305   Thumb Code     0  rtexit2.o(.ARM.Collect$$rtexit$$00000004)
    Delay                                    0x0000030d   Thumb Code     6  main.o(.emb_text)
    SysCtlDelay                              0x00000315   Thumb Code     6  sysctl.o(.emb_text)
    Reset_Handler                            0x0000031d   Thumb Code     8  startup_tm4c123.o(.text)
    NMI_Handler                              0x00000325   Thumb Code     2  startup_tm4c123.o(.text)
    HardFault_Handler                        0x00000327   Thumb Code     2  startup_tm4c123.o(.text)
    MemManage_Handler                        0x00000329   Thumb Code     2  startup_tm4c123.o(.text)
    BusFault_Handler                         0x0000032b   Thumb Code     2  startup_tm4c123.o(.text)
    UsageFault_Handler                       0x0000032d   Thumb Code     2  startup_tm4c123.o(.text)
    SVC_Handler                              0x0000032f   Thumb Code     2  startup_tm4c123.o(.text)
    DebugMon_Handler                         0x00000331   Thumb Code     2  startup_tm4c123.o(.text)
    PendSV_Handler                           0x00000333   Thumb Code     2  startup_tm4c123.o(.text)
    SysTick_Handler                          0x00000335   Thumb Code     2  startup_tm4c123.o(.text)
    GPIOA_Handler                            0x00000337   Thumb Code     2  startup_tm4c123.o(.text)
    GPIOB_Handler                            0x00000339   Thumb Code     2  startup_tm4c123.o(.text)
    GPIOC_Handler                            0x0000033b   Thumb Code     2  startup_tm4c123.o(.text)
    GPIOD_Handler                            0x0000033d   Thumb Code     2  startup_tm4c123.o(.text)
    GPIOE_Handler                            0x0000033f   Thumb Code     2  startup_tm4c123.o(.text)
    UART0_Handler                            0x00000341   Thumb Code     2  startup_tm4c123.o(.text)
    UART1_Handler                            0x00000343   Thumb Code     2  startup_tm4c123.o(.text)
    SSI0_Handler                             0x00000345   Thumb Code     2  startup_tm4c123.o(.text)
    I2C0_Handler                             0x00000347   Thumb Code     2  startup_tm4c123.o(.text)
    PMW0_FAULT_Handler                       0x00000349   Thumb Code     2  startup_tm4c123.o(.text)
    PWM0_0_Handler                           0x0000034b   Thumb Code     2  startup_tm4c123.o(.text)
    PWM0_1_Handler                           0x0000034d   Thumb Code     2  startup_tm4c123.o(.text)
    PWM0_2_Handler                           0x0000034f   Thumb Code     2  startup_tm4c123.o(.text)
    QEI0_Handler                             0x00000351   Thumb Code     2  startup_tm4c123.o(.text)
    ADC0SS0_Handler                          0x00000353   Thumb Code     2  startup_tm4c123.o(.text)
    ADC0SS1_Handler                          0x00000355   Thumb Code     2  startup_tm4c123.o(.text)
    ADC0SS2_Handler                          0x00000357   Thumb Code     2  startup_tm4c123.o(.text)
    ADC0SS3_Handler                          0x00000359   Thumb Code     2  startup_tm4c123.o(.text)
    WDT0_Handler                             0x0000035b   Thumb Code     2  startup_tm4c123.o(.text)
    TIMER0A_Handler                          0x0000035d   Thumb Code     2  startup_tm4c123.o(.text)
    TIMER0B_Handler                          0x0000035f   Thumb Code     2  startup_tm4c123.o(.text)
    TIMER1B_Handler                          0x00000363   Thumb Code     2  startup_tm4c123.o(.text)
    TIMER2B_Handler                          0x00000367   Thumb Code     2  startup_tm4c123.o(.text)
    COMP0_Handler                            0x00000369   Thumb Code     2  startup_tm4c123.o(.text)
    COMP1_Handler                            0x0000036b   Thumb Code     2  startup_tm4c123.o(.text)
    COMP2_Handler                            0x0000036d   Thumb Code     2  startup_tm4c123.o(.text)
    SYSCTL_Handler                           0x0000036f   Thumb Code     2  startup_tm4c123.o(.text)
    FLASH_Handler                            0x00000371   Thumb Code     2  startup_tm4c123.o(.text)
    GPIOF_Handler                            0x00000373   Thumb Code     2  startup_tm4c123.o(.text)
    GPIOG_Handler                            0x00000375   Thumb Code     2  startup_tm4c123.o(.text)
    GPIOH_Handler                            0x00000377   Thumb Code     2  startup_tm4c123.o(.text)
    UART2_Handler                            0x00000379   Thumb Code     2  startup_tm4c123.o(.text)
    SSI1_Handler                             0x0000037b   Thumb Code     2  startup_tm4c123.o(.text)
    TIMER3A_Handler                          0x0000037d   Thumb Code     2  startup_tm4c123.o(.text)
    TIMER3B_Handler                          0x0000037f   Thumb Code     2  startup_tm4c123.o(.text)
    I2C1_Handler                             0x00000381   Thumb Code     2  startup_tm4c123.o(.text)
    QEI1_Handler                             0x00000383   Thumb Code     2  startup_tm4c123.o(.text)
    CAN0_Handler                             0x00000385   Thumb Code     2  startup_tm4c123.o(.text)
    CAN1_Handler                             0x00000387   Thumb Code     2  startup_tm4c123.o(.text)
    CAN2_Handler                             0x00000389   Thumb Code     2  startup_tm4c123.o(.text)
    HIB_Handler                              0x0000038b   Thumb Code     2  startup_tm4c123.o(.text)
    USB0_Handler                             0x0000038d   Thumb Code     2  startup_tm4c123.o(.text)
    PWM0_3_Handler                           0x0000038f   Thumb Code     2  startup_tm4c123.o(.text)
    UDMA_Handler                             0x00000391   Thumb Code     2  startup_tm4c123.o(.text)
    UDMAERR_Handler                          0x00000393   Thumb Code     2  startup_tm4c123.o(.text)
    ADC1SS0_Handler                          0x00000395   Thumb Code     2  startup_tm4c123.o(.text)
    ADC1SS1_Handler                          0x00000397   Thumb Code     2  startup_tm4c123.o(.text)
    ADC1SS3_Handler                          0x0000039b   Thumb Code     2  startup_tm4c123.o(.text)
    GPIOJ_Handler                            0x0000039d   Thumb Code     2  startup_tm4c123.o(.text)
    GPIOK_Handler                            0x0000039f   Thumb Code     2  startup_tm4c123.o(.text)
    GPIOL_Handler                            0x000003a1   Thumb Code     2  startup_tm4c123.o(.text)
    SSI2_Handler                             0x000003a3   Thumb Code     2  startup_tm4c123.o(.text)
    SSI3_Handler                             0x000003a5   Thumb Code     2  startup_tm4c123.o(.text)
    UART3_Handler                            0x000003a7   Thumb Code     2  startup_tm4c123.o(.text)
    UART4_Handler                            0x000003a9   Thumb Code     2  startup_tm4c123.o(.text)
    UART5_Handler                            0x000003ab   Thumb Code     2  startup_tm4c123.o(.text)
    UART6_Handler                            0x000003ad   Thumb Code     2  startup_tm4c123.o(.text)
    UART7_Handler                            0x000003af   Thumb Code     2  startup_tm4c123.o(.text)
    I2C2_Handler                             0x000003b1   Thumb Code     2  startup_tm4c123.o(.text)
    I2C3_Handler                             0x000003b3   Thumb Code     2  startup_tm4c123.o(.text)
    TIMER4B_Handler                          0x000003b7   Thumb Code     2  startup_tm4c123.o(.text)
    TIMER5A_Handler                          0x000003b9   Thumb Code     2  startup_tm4c123.o(.text)
    TIMER5B_Handler                          0x000003bb   Thumb Code     2  startup_tm4c123.o(.text)
    WTIMER0B_Handler                         0x000003bf   Thumb Code     2  startup_tm4c123.o(.text)
    WTIMER1B_Handler                         0x000003c3   Thumb Code     2  startup_tm4c123.o(.text)
    WTIMER2A_Handler                         0x000003c5   Thumb Code     2  startup_tm4c123.o(.text)
    WTIMER2B_Handler                         0x000003c7   Thumb Code     2  startup_tm4c123.o(.text)
    WTIMER3A_Handler                         0x000003c9   Thumb Code     2  startup_tm4c123.o(.text)
    WTIMER3B_Handler                         0x000003cb   Thumb Code     2  startup_tm4c123.o(.text)
    WTIMER4A_Handler                         0x000003cd   Thumb Code     2  startup_tm4c123.o(.text)
    WTIMER4B_Handler                         0x000003cf   Thumb Code     2  startup_tm4c123.o(.text)
    WTIMER5A_Handler                         0x000003d1   Thumb Code     2  startup_tm4c123.o(.text)
    WTIMER5B_Handler                         0x000003d3   Thumb Code     2  startup_tm4c123.o(.text)
    FPU_Handler                              0x000003d5   Thumb Code     2  startup_tm4c123.o(.text)
    I2C4_Handler                             0x000003d7   Thumb Code     2  startup_tm4c123.o(.text)
    I2C5_Handler                             0x000003d9   Thumb Code     2  startup_tm4c123.o(.text)
    GPIOM_Handler                            0x000003db   Thumb Code     2  startup_tm4c123.o(.text)
    GPION_Handler                            0x000003dd   Thumb Code     2  startup_tm4c123.o(.text)
    QEI2_Handler                             0x000003df   Thumb Code     2  startup_tm4c123.o(.text)
    GPIOP0_Handler                           0x000003e1   Thumb Code     2  startup_tm4c123.o(.text)
    GPIOP1_Handler                           0x000003e3   Thumb Code     2  startup_tm4c123.o(.text)
    GPIOP2_Handler                           0x000003e5   Thumb Code     2  startup_tm4c123.o(.text)
    GPIOP3_Handler                           0x000003e7   Thumb Code     2  startup_tm4c123.o(.text)
    GPIOP4_Handler                           0x000003e9   Thumb Code     2  startup_tm4c123.o(.text)
    GPIOP5_Handler                           0x000003eb   Thumb Code     2  startup_tm4c123.o(.text)
    GPIOP6_Handler                           0x000003ed   Thumb Code     2  startup_tm4c123.o(.text)
    GPIOP7_Handler                           0x000003ef   Thumb Code     2  startup_tm4c123.o(.text)
    GPIOQ0_Handler                           0x000003f1   Thumb Code     2  startup_tm4c123.o(.text)
    GPIOQ1_Handler                           0x000003f3   Thumb Code     2  startup_tm4c123.o(.text)
    GPIOQ2_Handler                           0x000003f5   Thumb Code     2  startup_tm4c123.o(.text)
    GPIOQ3_Handler                           0x000003f7   Thumb Code     2  startup_tm4c123.o(.text)
    GPIOQ4_Handler                           0x000003f9   Thumb Code     2  startup_tm4c123.o(.text)
    GPIOQ5_Handler                           0x000003fb   Thumb Code     2  startup_tm4c123.o(.text)
    GPIOQ6_Handler                           0x000003fd   Thumb Code     2  startup_tm4c123.o(.text)
    GPIOQ7_Handler                           0x000003ff   Thumb Code     2  startup_tm4c123.o(.text)
    GPIOR_Handler                            0x00000401   Thumb Code     2  startup_tm4c123.o(.text)
    GPIOS_Handler                            0x00000403   Thumb Code     2  startup_tm4c123.o(.text)
    PMW1_0_Handler                           0x00000405   Thumb Code     2  startup_tm4c123.o(.text)
    PWM1_1_Handler                           0x00000407   Thumb Code     2  startup_tm4c123.o(.text)
    PWM1_2_Handler                           0x00000409   Thumb Code     2  startup_tm4c123.o(.text)
    PWM1_3_Handler                           0x0000040b   Thumb Code     2  startup_tm4c123.o(.text)
    PWM1_FAULT_Handler                       0x0000040d   Thumb Code     2  startup_tm4c123.o(.text)
    __user_initial_stackheap                 0x00000411   Thumb Code     0  startup_tm4c123.o(.text)
    __use_two_region_memory                  0x00000431   Thumb Code     2  heapauxi.o(.text)
    __rt_heap_escrow$2region                 0x00000433   Thumb Code     2  heapauxi.o(.text)
    __rt_heap_expand$2region                 0x00000435   Thumb Code     2  heapauxi.o(.text)
    __user_setup_stackheap                   0x00000437   Thumb Code    74  sys_stackheap_outer.o(.text)
    exit                                     0x00000481   Thumb Code    18  exit.o(.text)
    __user_libspace                          0x00000495   Thumb Code     8  libspace.o(.text)
    __user_perproc_libspace                  0x00000495   Thumb Code     0  libspace.o(.text)
    __user_perthread_libspace                0x00000495   Thumb Code     0  libspace.o(.text)
    _sys_exit                                0x0000049d   Thumb Code     8  sys_exit.o(.text)
    __I$use$semihosting                      0x000004a9   Thumb Code     0  use_no_semi.o(.text)
    __use_no_semihosting_swi                 0x000004a9   Thumb Code     2  use_no_semi.o(.text)
    __semihosting_library_function           0x000004ab   Thumb Code     0  indicate_semi.o(.text)
    ADC1SS2_Handler                          0x000004ad   Thumb Code    36  adc_handler.o(i.ADC1SS2_Handler)
    ADCIntClear                              0x000004d9   Thumb Code    10  adc.o(i.ADCIntClear)
    ADCIntStatus                             0x000004e3   Thumb Code    52  adc.o(i.ADCIntStatus)
    ADCProcessorTrigger                      0x00000517   Thumb Code    26  adc.o(i.ADCProcessorTrigger)
    ADCSequenceDataGet                       0x00000531   Thumb Code    36  adc.o(i.ADCSequenceDataGet)
    Display_Char                             0x00000555   Thumb Code    14  display.o(i.Display_Char)
    Display_Decimal                          0x00000569   Thumb Code    42  display.o(i.Display_Decimal)
    Display_Init                             0x00000595   Thumb Code    94  display.o(i.Display_Init)
    Display_NewLine                          0x00000605   Thumb Code    16  display.o(i.Display_NewLine)
    Display_String                           0x00000615   Thumb Code    22  display.o(i.Display_String)
    GPIODirModeSet                           0x0000062b   Thumb Code    40  gpio.o(i.GPIODirModeSet)
    GPIOIntEnable                            0x00000653   Thumb Code    12  gpio.o(i.GPIOIntEnable)
    GPIOPadConfigSet                         0x0000065f   Thumb Code   312  gpio.o(i.GPIOPadConfigSet)
    GPIOPinConfigure                         0x00000799   Thumb Code    60  gpio.o(i.GPIOPinConfigure)
    GPIOPinTypeGPIOOutput                    0x000007dd   Thumb Code    28  gpio.o(i.GPIOPinTypeGPIOOutput)
    GPIOPinTypeSSI                           0x000007f9   Thumb Code    28  gpio.o(i.GPIOPinTypeSSI)
    GPIOPinTypeUART                          0x00000815   Thumb Code    28  gpio.o(i.GPIOPinTypeUART)
    GPIOPinWrite                             0x00000831   Thumb Code     6  gpio.o(i.GPIOPinWrite)
    SSI0_DataOut                             0x00000839   Thumb Code    24  ssi_handler_tw.o(i.SSI0_DataOut)
    SSI0_InitMaster                          0x00000855   Thumb Code   118  ssi_handler_tw.o(i.SSI0_InitMaster)
    SSIClockSourceSet                        0x000008dd   Thumb Code     6  ssi.o(i.SSIClockSourceSet)
    SSIConfigSetExpClk                       0x000008e3   Thumb Code    58  ssi.o(i.SSIConfigSetExpClk)
    SSIDataPut                               0x0000091d   Thumb Code    12  ssi.o(i.SSIDataPut)
    SSIDisable                               0x00000929   Thumb Code    10  ssi.o(i.SSIDisable)
    SSIEnable                                0x00000933   Thumb Code    10  ssi.o(i.SSIEnable)
    SysCtlClockGet                           0x0000093d   Thumb Code   304  sysctl.o(i.SysCtlClockGet)
    SysCtlClockSet                           0x00000a91   Thumb Code   270  sysctl.o(i.SysCtlClockSet)
    SysCtlPeripheralEnable                   0x00000bb1   Thumb Code    36  sysctl.o(i.SysCtlPeripheralEnable)
    SystemInit                               0x00000bd9   Thumb Code   112  system_tm4c123.o(i.SystemInit)
    TIMER1A_Handler                          0x00000c71   Thumb Code    38  main.o(i.TIMER1A_Handler)
    TIMER2A_Handler                          0x00000cad   Thumb Code    64  main.o(i.TIMER2A_Handler)
    TIMER4A_Handler                          0x00000d15   Thumb Code    30  main.o(i.TIMER4A_Handler)
    TimerDisable                             0x00000d41   Thumb Code    16  timer.o(i.TimerDisable)
    TimerEnable                              0x00000d51   Thumb Code    14  timer.o(i.TimerEnable)
    TimerIntClear                            0x00000d5f   Thumb Code     4  timer.o(i.TimerIntClear)
    TimerIntStatus                           0x00000d63   Thumb Code    10  timer.o(i.TimerIntStatus)
    UARTCharPut                              0x00000d6d   Thumb Code    12  uart.o(i.UARTCharPut)
    UARTClockSourceSet                       0x00000d79   Thumb Code     6  uart.o(i.UARTClockSourceSet)
    UARTConfigGetExpClk                      0x00000d7f   Thumb Code    46  uart.o(i.UARTConfigGetExpClk)
    UARTConfigSetExpClk                      0x00000dad   Thumb Code   110  uart.o(i.UARTConfigSetExpClk)
    UARTDisable                              0x00000e1b   Thumb Code    30  uart.o(i.UARTDisable)
    UARTEnable                               0x00000e39   Thumb Code    20  uart.o(i.UARTEnable)
    UARTFIFOEnable                           0x00000e4d   Thumb Code    10  uart.o(i.UARTFIFOEnable)
    WTIMER0A_Handler                         0x00000e59   Thumb Code    40  timer.o(i.WTIMER0A_Handler)
    WTIMER1A_Handler                         0x00000e89   Thumb Code    30  main.o(i.WTIMER1A_Handler)
    main                                     0x00000ec9   Thumb Code   138  main.o(i.main)
    _fp_init                                 0x00000f71   Thumb Code    10  fpinit.o(x$fpl$fpinit)
    __fplib_config_fpu_vfp                   0x00000f79   Thumb Code     0  fpinit.o(x$fpl$fpinit)
    __fplib_config_pureend_doubles           0x00000f79   Thumb Code     0  fpinit.o(x$fpl$fpinit)
    Region$$Table$$Base                      0x00001350   Number         0  anon$$obj.o(Region$$Table)
    Region$$Table$$Limit                     0x00001370   Number         0  anon$$obj.o(Region$$Table)
    g_ulSSI1RXTO                             0x20000000   Data           4  main.o(.data)
    Baud_Rate_Read                           0x20000008   Data           4  display.o(.data)
    Sensor_Temperature                       0x2000000c   Data           4  adc_handler.o(.data)
    Sensor_AnalogVoltage                     0x20000010   Data           4  adc_handler.o(.data)
    adcValues                                0x20000014   Data           8  adc_handler.o(.data)
    __libspace_start                         0x2000001c   Data          96  libspace.o(.bss)
    __temporary_stack_top$libspace           0x2000007c   Data           0  libspace.o(.bss)



==============================================================================

Memory Map of the image

  Image Entry point : 0x0000031d

  Load Region LR_1 (Base: 0x00000000, Size: 0x0000138c, Max: 0xffffffff, ABSOLUTE)

    Execution Region ER_RO (Base: 0x00000000, Size: 0x00001370, Max: 0xffffffff, ABSOLUTE)

    Base Addr    Size         Type   Attr      Idx    E Section Name        Object

    0x00000000   0x0000026c   Data   RO          461    RESET               startup_tm4c123.o
    0x0000026c   0x00000008   Code   RO         2828  * !!!main             c_w.l(__main.o)
    0x00000274   0x00000034   Code   RO         2985    !!!scatter          c_w.l(__scatter.o)
    0x000002a8   0x0000001a   Code   RO         2987    !!handler_copy      c_w.l(__scatter_copy.o)
    0x000002c2   0x00000002   PAD
    0x000002c4   0x0000001c   Code   RO         2989    !!handler_zi        c_w.l(__scatter_zi.o)
    0x000002e0   0x00000002   Code   RO         2855    .ARM.Collect$$libinit$$00000000  c_w.l(libinit.o)
    0x000002e2   0x00000004   Code   RO         2861    .ARM.Collect$$libinit$$00000001  c_w.l(libinit2.o)
    0x000002e6   0x00000000   Code   RO         2864    .ARM.Collect$$libinit$$00000004  c_w.l(libinit2.o)
    0x000002e6   0x00000000   Code   RO         2867    .ARM.Collect$$libinit$$0000000A  c_w.l(libinit2.o)
    0x000002e6   0x00000000   Code   RO         2869    .ARM.Collect$$libinit$$0000000C  c_w.l(libinit2.o)
    0x000002e6   0x00000000   Code   RO         2871    .ARM.Collect$$libinit$$0000000E  c_w.l(libinit2.o)
    0x000002e6   0x00000000   Code   RO         2874    .ARM.Collect$$libinit$$00000011  c_w.l(libinit2.o)
    0x000002e6   0x00000000   Code   RO         2876    .ARM.Collect$$libinit$$00000013  c_w.l(libinit2.o)
    0x000002e6   0x00000000   Code   RO         2878    .ARM.Collect$$libinit$$00000015  c_w.l(libinit2.o)
    0x000002e6   0x00000000   Code   RO         2880    .ARM.Collect$$libinit$$00000017  c_w.l(libinit2.o)
    0x000002e6   0x00000000   Code   RO         2882    .ARM.Collect$$libinit$$00000019  c_w.l(libinit2.o)
    0x000002e6   0x00000000   Code   RO         2884    .ARM.Collect$$libinit$$0000001B  c_w.l(libinit2.o)
    0x000002e6   0x00000000   Code   RO         2886    .ARM.Collect$$libinit$$0000001D  c_w.l(libinit2.o)
    0x000002e6   0x00000000   Code   RO         2888    .ARM.Collect$$libinit$$0000001F  c_w.l(libinit2.o)
    0x000002e6   0x00000000   Code   RO         2890    .ARM.Collect$$libinit$$00000021  c_w.l(libinit2.o)
    0x000002e6   0x00000000   Code   RO         2892    .ARM.Collect$$libinit$$00000023  c_w.l(libinit2.o)
    0x000002e6   0x00000000   Code   RO         2894    .ARM.Collect$$libinit$$00000025  c_w.l(libinit2.o)
    0x000002e6   0x00000000   Code   RO         2898    .ARM.Collect$$libinit$$0000002C  c_w.l(libinit2.o)
    0x000002e6   0x00000000   Code   RO         2900    .ARM.Collect$$libinit$$0000002E  c_w.l(libinit2.o)
    0x000002e6   0x00000000   Code   RO         2902    .ARM.Collect$$libinit$$00000030  c_w.l(libinit2.o)
    0x000002e6   0x00000000   Code   RO         2904    .ARM.Collect$$libinit$$00000032  c_w.l(libinit2.o)
    0x000002e6   0x00000002   Code   RO         2905    .ARM.Collect$$libinit$$00000033  c_w.l(libinit2.o)
    0x000002e8   0x00000002   Code   RO         2925    .ARM.Collect$$libshutdown$$00000000  c_w.l(libshutdown.o)
    0x000002ea   0x00000000   Code   RO         2938    .ARM.Collect$$libshutdown$$00000002  c_w.l(libshutdown2.o)
    0x000002ea   0x00000000   Code   RO         2940    .ARM.Collect$$libshutdown$$00000004  c_w.l(libshutdown2.o)
    0x000002ea   0x00000000   Code   RO         2943    .ARM.Collect$$libshutdown$$00000007  c_w.l(libshutdown2.o)
    0x000002ea   0x00000000   Code   RO         2946    .ARM.Collect$$libshutdown$$0000000A  c_w.l(libshutdown2.o)
    0x000002ea   0x00000000   Code   RO         2948    .ARM.Collect$$libshutdown$$0000000C  c_w.l(libshutdown2.o)
    0x000002ea   0x00000000   Code   RO         2951    .ARM.Collect$$libshutdown$$0000000F  c_w.l(libshutdown2.o)
    0x000002ea   0x00000002   Code   RO         2952    .ARM.Collect$$libshutdown$$00000010  c_w.l(libshutdown2.o)
    0x000002ec   0x00000000   Code   RO         2830    .ARM.Collect$$rtentry$$00000000  c_w.l(__rtentry.o)
    0x000002ec   0x00000000   Code   RO         2832    .ARM.Collect$$rtentry$$00000002  c_w.l(__rtentry2.o)
    0x000002ec   0x00000006   Code   RO         2844    .ARM.Collect$$rtentry$$00000004  c_w.l(__rtentry4.o)
    0x000002f2   0x00000000   Code   RO         2834    .ARM.Collect$$rtentry$$00000009  c_w.l(__rtentry2.o)
    0x000002f2   0x00000004   Code   RO         2835    .ARM.Collect$$rtentry$$0000000A  c_w.l(__rtentry2.o)
    0x000002f6   0x00000000   Code   RO         2837    .ARM.Collect$$rtentry$$0000000C  c_w.l(__rtentry2.o)
    0x000002f6   0x00000008   Code   RO         2838    .ARM.Collect$$rtentry$$0000000D  c_w.l(__rtentry2.o)
    0x000002fe   0x00000002   Code   RO         2859    .ARM.Collect$$rtexit$$00000000  c_w.l(rtexit.o)
    0x00000300   0x00000000   Code   RO         2907    .ARM.Collect$$rtexit$$00000002  c_w.l(rtexit2.o)
    0x00000300   0x00000004   Code   RO         2908    .ARM.Collect$$rtexit$$00000003  c_w.l(rtexit2.o)
    0x00000304   0x00000006   Code   RO         2909    .ARM.Collect$$rtexit$$00000004  c_w.l(rtexit2.o)
    0x0000030a   0x00000002   PAD
    0x0000030c   0x00000006   Code   RO            1    .emb_text           main.o
    0x00000312   0x00000002   PAD
    0x00000314   0x00000006   Code   RO         1941    .emb_text           driverlib.lib(sysctl.o)
    0x0000031a   0x00000002   PAD
    0x0000031c   0x00000114   Code   RO          462  * .text               startup_tm4c123.o
    0x00000430   0x00000006   Code   RO         2826    .text               c_w.l(heapauxi.o)
    0x00000436   0x0000004a   Code   RO         2846    .text               c_w.l(sys_stackheap_outer.o)
    0x00000480   0x00000012   Code   RO         2848    .text               c_w.l(exit.o)
    0x00000492   0x00000002   PAD
    0x00000494   0x00000008   Code   RO         2856    .text               c_w.l(libspace.o)
    0x0000049c   0x0000000c   Code   RO         2917    .text               c_w.l(sys_exit.o)
    0x000004a8   0x00000002   Code   RO         2928    .text               c_w.l(use_no_semi.o)
    0x000004aa   0x00000000   Code   RO         2930    .text               c_w.l(indicate_semi.o)
    0x000004aa   0x00000002   PAD
    0x000004ac   0x0000002c   Code   RO          264    i.ADC1SS2_Handler   adc_handler.o
    0x000004d8   0x0000000a   Code   RO          534    i.ADCIntClear       driverlib.lib(adc.o)
    0x000004e2   0x00000034   Code   RO          541    i.ADCIntStatus      driverlib.lib(adc.o)
    0x00000516   0x0000001a   Code   RO          546    i.ADCProcessorTrigger  driverlib.lib(adc.o)
    0x00000530   0x00000024   Code   RO          552    i.ADCSequenceDataGet  driverlib.lib(adc.o)
    0x00000554   0x00000014   Code   RO          159    i.Display_Char      display.o
    0x00000568   0x0000002a   Code   RO          160    i.Display_Decimal   display.o
    0x00000592   0x00000002   PAD
    0x00000594   0x00000070   Code   RO          162    i.Display_Init      display.o
    0x00000604   0x00000010   Code   RO          163    i.Display_NewLine   display.o
    0x00000614   0x00000016   Code   RO          164    i.Display_String    display.o
    0x0000062a   0x00000028   Code   RO          806    i.GPIODirModeSet    driverlib.lib(gpio.o)
    0x00000652   0x0000000c   Code   RO          809    i.GPIOIntEnable     driverlib.lib(gpio.o)
    0x0000065e   0x00000138   Code   RO          816    i.GPIOPadConfigSet  driverlib.lib(gpio.o)
    0x00000796   0x00000002   PAD
    0x00000798   0x00000044   Code   RO          817    i.GPIOPinConfigure  driverlib.lib(gpio.o)
    0x000007dc   0x0000001c   Code   RO          828    i.GPIOPinTypeGPIOOutput  driverlib.lib(gpio.o)
    0x000007f8   0x0000001c   Code   RO          841    i.GPIOPinTypeSSI    driverlib.lib(gpio.o)
    0x00000814   0x0000001c   Code   RO          843    i.GPIOPinTypeUART   driverlib.lib(gpio.o)
    0x00000830   0x00000006   Code   RO          849    i.GPIOPinWrite      driverlib.lib(gpio.o)
    0x00000836   0x00000002   PAD
    0x00000838   0x0000001c   Code   RO          425    i.SSI0_DataOut      ssi_handler_tw.o
    0x00000854   0x00000088   Code   RO          426    i.SSI0_InitMaster   ssi_handler_tw.o
    0x000008dc   0x00000006   Code   RO         1796    i.SSIClockSourceSet  driverlib.lib(ssi.o)
    0x000008e2   0x0000003a   Code   RO         1797    i.SSIConfigSetExpClk  driverlib.lib(ssi.o)
    0x0000091c   0x0000000c   Code   RO         1802    i.SSIDataPut        driverlib.lib(ssi.o)
    0x00000928   0x0000000a   Code   RO         1804    i.SSIDisable        driverlib.lib(ssi.o)
    0x00000932   0x0000000a   Code   RO         1805    i.SSIEnable         driverlib.lib(ssi.o)
    0x0000093c   0x00000154   Code   RO         1944    i.SysCtlClockGet    driverlib.lib(sysctl.o)
    0x00000a90   0x00000120   Code   RO         1946    i.SysCtlClockSet    driverlib.lib(sysctl.o)
    0x00000bb0   0x00000028   Code   RO         1975    i.SysCtlPeripheralEnable  driverlib.lib(sysctl.o)
    0x00000bd8   0x00000098   Code   RO          470    i.SystemInit        system_tm4c123.o
    0x00000c70   0x0000003c   Code   RO            2    i.TIMER1A_Handler   main.o
    0x00000cac   0x00000068   Code   RO            3    i.TIMER2A_Handler   main.o
    0x00000d14   0x0000002c   Code   RO            4    i.TIMER4A_Handler   main.o
    0x00000d40   0x00000010   Code   RO         2295    i.TimerDisable      driverlib.lib(timer.o)
    0x00000d50   0x0000000e   Code   RO         2296    i.TimerEnable       driverlib.lib(timer.o)
    0x00000d5e   0x00000004   Code   RO         2297    i.TimerIntClear     driverlib.lib(timer.o)
    0x00000d62   0x0000000a   Code   RO         2301    i.TimerIntStatus    driverlib.lib(timer.o)
    0x00000d6c   0x0000000c   Code   RO         2533    i.UARTCharPut       driverlib.lib(uart.o)
    0x00000d78   0x00000006   Code   RO         2537    i.UARTClockSourceSet  driverlib.lib(uart.o)
    0x00000d7e   0x0000002e   Code   RO         2538    i.UARTConfigGetExpClk  driverlib.lib(uart.o)
    0x00000dac   0x0000006e   Code   RO         2539    i.UARTConfigSetExpClk  driverlib.lib(uart.o)
    0x00000e1a   0x0000001e   Code   RO         2542    i.UARTDisable       driverlib.lib(uart.o)
    0x00000e38   0x00000014   Code   RO         2544    i.UARTEnable        driverlib.lib(uart.o)
    0x00000e4c   0x0000000a   Code   RO         2547    i.UARTFIFOEnable    driverlib.lib(uart.o)
    0x00000e56   0x00000002   PAD
    0x00000e58   0x00000030   Code   RO          211    i.WTIMER0A_Handler  timer.o
    0x00000e88   0x00000040   Code   RO            5    i.WTIMER1A_Handler  main.o
    0x00000ec8   0x000000a8   Code   RO            6    i.main              main.o
    0x00000f70   0x0000000a   Code   RO         2915    x$fpl$fpinit        fz_wm.l(fpinit.o)
    0x00000f7a   0x00000002   PAD
    0x00000f7c   0x00000210   Data   RO          850    .constdata          driverlib.lib(gpio.o)
    0x0000118c   0x000001c4   Data   RO         1996    .constdata          driverlib.lib(sysctl.o)
    0x00001350   0x00000020   Data   RO         2983    Region$$Table       anon$$obj.o


    Execution Region ER_RW (Base: 0x20000000, Size: 0x0000001c, Max: 0xffffffff, ABSOLUTE)

    Base Addr    Size         Type   Attr      Idx    E Section Name        Object

    0x20000000   0x00000008   Data   RW            8    .data               main.o
    0x20000008   0x00000004   Data   RW          165    .data               display.o
    0x2000000c   0x00000010   Data   RW          270    .data               adc_handler.o


    Execution Region ER_ZI (Base: 0x2000001c, Size: 0x00000264, Max: 0xffffffff, ABSOLUTE)

    Base Addr    Size         Type   Attr      Idx    E Section Name        Object

    0x2000001c   0x00000060   Zero   RW         2857    .bss                c_w.l(libspace.o)
    0x2000007c   0x00000004   PAD
    0x20000080   0x00000000   Zero   RW          460    HEAP                startup_tm4c123.o
    0x20000080   0x00000200   Zero   RW          459    STACK               startup_tm4c123.o


==============================================================================

Image component sizes


      Code (inc. data)   RO Data    RW Data    ZI Data      Debug   Object Name

        44          8          0         16          0       1718   adc_handler.o
       212         24          0          4          0       3080   display.o
       446        140          0          8          0       8951   main.o
       164         22          0          0          0       1181   ssi_handler_tw.o
       276         24        620          0        512       5500   startup_tm4c123.o
       152         40          0          0          0        649   system_tm4c123.o
        48          8          0          0          0        579   timer.o

    ----------------------------------------------------------------------
      1346        266        652         28        512      21658   Object Totals
         0          0         32          0          0          0   (incl. Generated)
         4          0          0          0          0          0   (incl. Padding)

    ----------------------------------------------------------------------

      Code (inc. data)   RO Data    RW Data    ZI Data      Debug   Library Member Name

         8          0          0          0          0         68   __main.o
         0          0          0          0          0          0   __rtentry.o
        12          0          0          0          0          0   __rtentry2.o
         6          0          0          0          0          0   __rtentry4.o
        52          8          0          0          0          0   __scatter.o
        26          0          0          0          0          0   __scatter_copy.o
        28          0          0          0          0          0   __scatter_zi.o
        18          0          0          0          0         80   exit.o
         6          0          0          0          0        152   heapauxi.o
         0          0          0          0          0          0   indicate_semi.o
         2          0          0          0          0          0   libinit.o
         6          0          0          0          0          0   libinit2.o
         2          0          0          0          0          0   libshutdown.o
         2          0          0          0          0          0   libshutdown2.o
         8          4          0          0         96         68   libspace.o
         2          0          0          0          0          0   rtexit.o
        10          0          0          0          0          0   rtexit2.o
        12          4          0          0          0         68   sys_exit.o
        74          0          0          0          0         80   sys_stackheap_outer.o
         2          0          0          0          0         68   use_no_semi.o
       124          0          0          0          0       6588   adc.o
       522          8        528          0          0       6213   gpio.o
        96          0          0          0          0       2943   ssi.o
       674         58        452          0          0       4655   sysctl.o
        44          0          0          0          0       2162   timer.o
       234          0          0          0          0       4861   uart.o
        10          0          0          0          0        116   fpinit.o

    ----------------------------------------------------------------------
      1998         82        980          0        100      28122   Library Totals
        18          0          0          0          4          0   (incl. Padding)

    ----------------------------------------------------------------------

      Code (inc. data)   RO Data    RW Data    ZI Data      Debug   Library Name

       276         16          0          0         96        584   c_w.l
      1694         66        980          0          0      27422   driverlib.lib
        10          0          0          0          0        116   fz_wm.l

    ----------------------------------------------------------------------
      1998         82        980          0        100      28122   Library Totals

    ----------------------------------------------------------------------

==============================================================================


      Code (inc. data)   RO Data    RW Data    ZI Data      Debug   

      3344        348       1632         28        612      45424   Grand Totals
      3344        348       1632         28        612      45424   ELF Image Totals
      3344        348       1632         28          0          0   ROM Totals

==============================================================================

    Total RO  Size (Code + RO Data)                 4976 (   4.86kB)
    Total RW  Size (RW Data + ZI Data)               640 (   0.63kB)
    Total ROM Size (Code + RO Data + RW Data)       5004 (   4.89kB)

==============================================================================

