Component: ARM Compiler 5.06 update 4 (build 422) Tool: armlink [4d35d2]

==============================================================================

Section Cross References

    cyclic_container.o(i.Cyclic_1000ms) refers to display.o(i.Display_NewLine) for Display_NewLine
    cyclic_container.o(i.Cyclic_1000ms) refers to display.o(i.Display_String) for Display_String
    cyclic_container.o(i.Cyclic_1000ms) refers to i2c_handler.o(i.I2C_Read) for I2C_Read
    cyclic_container.o(i.Cyclic_1000ms) refers to display.o(i.Display_Decimal) for Display_Decimal
    cyclic_container.o(i.Cyclic_1000ms) refers to adc_handler.o(i.Get_ADC_Value) for Get_ADC_Value
    cyclic_container.o(i.Cyclic_1000ms) refers to dflt_clz.o(x$fpl$dfltu) for __aeabi_ui2d
    cyclic_container.o(i.Cyclic_1000ms) refers to dmul.o(x$fpl$dmul) for __aeabi_dmul
    cyclic_container.o(i.Cyclic_1000ms) refers to ddiv.o(x$fpl$ddiv) for __aeabi_ddiv
    cyclic_container.o(i.Cyclic_1000ms) refers to d2f.o(x$fpl$d2f) for __aeabi_d2f
    cyclic_container.o(i.Cyclic_1000ms) refers to spi_handler.o(.bss) for SensorValues
    cyclic_container.o(i.Cyclic_100ms) refers to adc.o(i.ADCProcessorTrigger) for ADCProcessorTrigger
    cyclic_container.o(i.Cyclic_50ms) refers to gpio_handler.o(i.ReadPinState) for ReadPinState
    cyclic_container.o(i.Cyclic_50ms) refers to display.o(i.Display_NewLine) for Display_NewLine
    cyclic_container.o(i.Cyclic_50ms) refers to display.o(i.Display_String) for Display_String
    startup_container.o(i.Init_Drivers) refers to i2c_handler.o(i.I2C_Init) for I2C_Init
    startup_container.o(i.Init_Drivers) refers to i2c_handler.o(i.I2C_Init_LuminositySensor) for I2C_Init_LuminositySensor
    startup_container.o(i.Init_Drivers) refers to adc_handler.o(i.Add_ADC_Channel) for Add_ADC_Channel
    startup_container.o(i.Init_Drivers) refers to adc_handler.o(i.ADC_Init) for ADC_Init
    startup_container.o(i.Init_Drivers) refers to gpio_handler.o(i.SetGPIOInterrupt) for SetGPIOInterrupt
    startup_container.o(i.Init_Drivers) refers to timer_handler.o(i.Init_Timer) for Init_Timer
    startup_container.o(i.Init_Drivers) refers to gpio_handler.o(i.SetGPIOInput) for SetGPIOInput
    startup_container.o(i.Init_Drivers) refers to timer.o(i.TimerEnable) for TimerEnable
    startup_container.o(i.Init_Drivers) refers to display.o(i.Display_Init) for Display_Init
    startup_container.o(i.Init_Drivers) refers to display.o(i.Display_String) for Display_String
    startup_container.o(i.Init_Drivers) refers to interrupt.o(i.IntMasterEnable) for IntMasterEnable
    gpio_handler.o(i.GPIOF_Handler) refers to gpio.o(i.GPIOIntClear) for GPIOIntClear
    gpio_handler.o(i.GPIOF_Handler) refers to timer.o(i.TimerEnable) for TimerEnable
    gpio_handler.o(i.GPIOF_Handler) refers to gpio.o(i.GPIOIntDisable) for GPIOIntDisable
    gpio_handler.o(i.ReadPinState) refers to gpio.o(i.GPIOPinRead) for GPIOPinRead
    gpio_handler.o(i.SetGPIOInput) refers to gpio_handler.o(i.getPortPeriphAddress) for getPortPeriphAddress
    gpio_handler.o(i.SetGPIOInput) refers to sysctl.o(i.SysCtlPeripheralEnable) for SysCtlPeripheralEnable
    gpio_handler.o(i.SetGPIOInput) refers to gpio.o(i.GPIOPinTypeGPIOInput) for GPIOPinTypeGPIOInput
    gpio_handler.o(i.SetGPIOInput) refers to gpio.o(i.GPIODirModeSet) for GPIODirModeSet
    gpio_handler.o(i.SetGPIOInput) refers to gpio.o(i.GPIOPadConfigSet) for GPIOPadConfigSet
    gpio_handler.o(i.SetGPIOInterrupt) refers to gpio_handler.o(i.getINTGPIO_Adrress) for getINTGPIO_Adrress
    gpio_handler.o(i.SetGPIOInterrupt) refers to interrupt.o(i.IntDisable) for IntDisable
    gpio_handler.o(i.SetGPIOInterrupt) refers to gpio_handler.o(i.SetGPIOInput) for SetGPIOInput
    gpio_handler.o(i.SetGPIOInterrupt) refers to gpio.o(i.GPIOIntDisable) for GPIOIntDisable
    gpio_handler.o(i.SetGPIOInterrupt) refers to gpio.o(i.GPIOIntTypeSet) for GPIOIntTypeSet
    gpio_handler.o(i.SetGPIOInterrupt) refers to gpio.o(i.GPIOIntEnable) for GPIOIntEnable
    gpio_handler.o(i.SetGPIOInterrupt) refers to interrupt.o(i.IntPrioritySet) for IntPrioritySet
    gpio_handler.o(i.SetGPIOInterrupt) refers to interrupt.o(i.IntEnable) for IntEnable
    adc_handler.o(i.ADC1SS0_Handler) refers to adc.o(i.ADCIntStatus) for ADCIntStatus
    adc_handler.o(i.ADC1SS0_Handler) refers to adc.o(i.ADCIntClear) for ADCIntClear
    adc_handler.o(i.ADC1SS0_Handler) refers to adc.o(i.ADCSequenceDataGet) for ADCSequenceDataGet
    adc_handler.o(i.ADC1SS0_Handler) refers to adc_handler.o(.bss) for adcValues
    adc_handler.o(i.ADC_Init) refers to sysctl.o(i.SysCtlPeripheralEnable) for SysCtlPeripheralEnable
    adc_handler.o(i.ADC_Init) refers to interrupt.o(i.IntDisable) for IntDisable
    adc_handler.o(i.ADC_Init) refers to adc.o(i.ADCIntClear) for ADCIntClear
    adc_handler.o(i.ADC_Init) refers to adc.o(i.ADCIntDisable) for ADCIntDisable
[...]
    Removing sysctl.o(i.SysCtlUSBPLLEnable), (16 bytes).
    Removing sysctl.o(i.SysCtlVoltageEventClear), (16 bytes).
    Removing sysctl.o(i.SysCtlVoltageEventConfig), (12 bytes).
    Removing sysctl.o(i.SysCtlVoltageEventStatus), (12 bytes).
    Removing timer.o(i.TimerADCEventGet), (4 bytes).
    Removing timer.o(i.TimerADCEventSet), (4 bytes).
    Removing timer.o(i.TimerClockSourceGet), (6 bytes).
    Removing timer.o(i.TimerControlEvent), (18 bytes).
    Removing timer.o(i.TimerControlLevel), (22 bytes).
    Removing timer.o(i.TimerControlStall), (22 bytes).
    Removing timer.o(i.TimerControlTrigger), (76 bytes).
    Removing timer.o(i.TimerControlWaitOnTrigger), (48 bytes).
    Removing timer.o(i.TimerDMAEventGet), (4 bytes).
    Removing timer.o(i.TimerDMAEventSet), (4 bytes).
    Removing timer.o(i.TimerIntRegister), (104 bytes).
    Removing timer.o(i.TimerIntUnregister), (104 bytes).
    Removing timer.o(i.TimerLoadGet), (10 bytes).
    Removing timer.o(i.TimerLoadGet64), (14 bytes).
    Removing timer.o(i.TimerLoadSet64), (6 bytes).
    Removing timer.o(i.TimerMatchGet), (10 bytes).
    Removing timer.o(i.TimerMatchGet64), (14 bytes).
    Removing timer.o(i.TimerMatchSet), (18 bytes).
    Removing timer.o(i.TimerMatchSet64), (6 bytes).
    Removing timer.o(i.TimerPrescaleGet), (10 bytes).
    Removing timer.o(i.TimerPrescaleMatchGet), (10 bytes).
    Removing timer.o(i.TimerPrescaleMatchSet), (18 bytes).
    Removing timer.o(i.TimerPrescaleSet), (18 bytes).
    Removing timer.o(i.TimerRTCDisable), (10 bytes).
    Removing timer.o(i.TimerRTCEnable), (10 bytes).
    Removing timer.o(i.TimerSynchronize), (4 bytes).
    Removing timer.o(i.TimerUpdateMode), (42 bytes).
    Removing timer.o(i.TimerValueGet), (10 bytes).
    Removing timer.o(i.TimerValueGet64), (14 bytes).
    Removing timer.o(.constdata), (160 bytes).
    Removing uart.o(i.UART9BitAddrSend), (38 bytes).
    Removing uart.o(i.UART9BitAddrSet), (10 bytes).
    Removing uart.o(i.UART9BitDisable), (14 bytes).
    Removing uart.o(i.UART9BitEnable), (14 bytes).
    Removing uart.o(i.UARTBreakCtl), (18 bytes).
    Removing uart.o(i.UARTBusy), (8 bytes).
    Removing uart.o(i.UARTCharGet), (12 bytes).
    Removing uart.o(i.UARTCharGetNonBlocking), (16 bytes).
    Removing uart.o(i.UARTCharPutNonBlocking), (16 bytes).
    Removing uart.o(i.UARTCharsAvail), (10 bytes).
    Removing uart.o(i.UARTClockSourceGet), (6 bytes).
    Removing uart.o(i.UARTDMADisable), (10 bytes).
    Removing uart.o(i.UARTDMAEnable), (8 bytes).
    Removing uart.o(i.UARTDisableSIR), (10 bytes).
    Removing uart.o(i.UARTEnableSIR), (18 bytes).
    Removing uart.o(i.UARTFIFODisable), (10 bytes).
    Removing uart.o(i.UARTFIFOLevelGet), (16 bytes).
    Removing uart.o(i.UARTFIFOLevelSet), (6 bytes).
    Removing uart.o(i.UARTFlowControlGet), (8 bytes).
    Removing uart.o(i.UARTFlowControlSet), (12 bytes).
    Removing uart.o(i.UARTIntClear), (4 bytes).
    Removing uart.o(i.UARTIntDisable), (10 bytes).
    Removing uart.o(i.UARTIntEnable), (8 bytes).
    Removing uart.o(i.UARTIntRegister), (88 bytes).
    Removing uart.o(i.UARTIntStatus), (10 bytes).
    Removing uart.o(i.UARTIntUnregister), (88 bytes).
    Removing uart.o(i.UARTModemControlClear), (14 bytes).
    Removing uart.o(i.UARTModemControlGet), (8 bytes).
    Removing uart.o(i.UARTModemControlSet), (12 bytes).
    Removing uart.o(i.UARTModemStatusGet), (10 bytes).
    Removing uart.o(i.UARTParityModeGet), (8 bytes).
    Removing uart.o(i.UARTParityModeSet), (12 bytes).
    Removing uart.o(i.UARTRxErrorClear), (6 bytes).
    Removing uart.o(i.UARTRxErrorGet), (8 bytes).
    Removing uart.o(i.UARTSmartCardDisable), (10 bytes).
    Removing uart.o(i.UARTSmartCardEnable), (22 bytes).
    Removing uart.o(i.UARTSpaceAvail), (10 bytes).
    Removing uart.o(i.UARTTxIntModeGet), (8 bytes).
    Removing uart.o(i.UARTTxIntModeSet), (12 bytes).
    Removing uart.o(.constdata), (128 bytes).

281 unused section(s) (total 8911 bytes) removed from the image.

==============================================================================

Image Symbol Table

    Local Symbols

    Symbol Name                              Value     Ov Type        Size  Object(Section)

    RESET                                    0x00000000   Section      620  startup_tm4c123.o(RESET)
    ../clib/angel/boardlib.s                 0x00000000   Number         0  boardinit2.o ABSOLUTE
    ../clib/angel/boardlib.s                 0x00000000   Number         0  boardshut.o ABSOLUTE
    ../clib/angel/boardlib.s                 0x00000000   Number         0  boardinit1.o ABSOLUTE
    ../clib/angel/boardlib.s                 0x00000000   Number         0  boardinit3.o ABSOLUTE
    ../clib/angel/handlers.s                 0x00000000   Number         0  __scatter_zi.o ABSOLUTE
    ../clib/angel/handlers.s                 0x00000000   Number         0  __scatter_copy.o ABSOLUTE
    ../clib/angel/kernel.s                   0x00000000   Number         0  __rtentry2.o ABSOLUTE
    ../clib/angel/kernel.s                   0x00000000   Number         0  __rtentry4.o ABSOLUTE
    ../clib/angel/kernel.s                   0x00000000   Number         0  rtexit2.o ABSOLUTE
    ../clib/angel/kernel.s                   0x00000000   Number         0  rtexit.o ABSOLUTE
    ../clib/angel/kernel.s                   0x00000000   Number         0  __rtentry.o ABSOLUTE
    ../clib/angel/rt.s                       0x00000000   Number         0  rt_raise.o ABSOLUTE
    ../clib/angel/scatter.s                  0x00000000   Number         0  __scatter.o ABSOLUTE
    ../clib/angel/startup.s                  0x00000000   Number         0  __main.o ABSOLUTE
    ../clib/angel/sys.s                      0x00000000   Number         0  indicate_semi.o ABSOLUTE
    ../clib/angel/sys.s                      0x00000000   Number         0  use_no_semi.o ABSOLUTE
    ../clib/angel/sys.s                      0x00000000   Number         0  sys_stackheap_outer.o ABSOLUTE
    ../clib/angel/sys.s                      0x00000000   Number         0  libspace.o ABSOLUTE
    ../clib/angel/sysapp.c                   0x00000000   Number         0  sys_exit.o ABSOLUTE
    ../clib/angel/sysapp.c                   0x00000000   Number         0  sys_wrch.o ABSOLUTE
    ../clib/angel/sysapp.c                   0x00000000   Number         0  sys_command.o ABSOLUTE
    ../clib/armsys.c                         0x00000000   Number         0  argv_veneer.o ABSOLUTE
    ../clib/armsys.c                         0x00000000   Number         0  no_argv.o ABSOLUTE
    ../clib/armsys.c                         0x00000000   Number         0  argv_veneer.o ABSOLUTE
    ../clib/armsys.c                         0x00000000   Number         0  _get_argv_nomalloc.o ABSOLUTE
    ../clib/heapalloc.c                      0x00000000   Number         0  hrguard.o ABSOLUTE
    ../clib/heapaux.c                        0x00000000   Number         0  heapauxi.o ABSOLUTE
    ../clib/libinit.s                        0x00000000   Number         0  libshutdown.o ABSOLUTE
    ../clib/libinit.s                        0x00000000   Number         0  libshutdown2.o ABSOLUTE
    ../clib/libinit.s                        0x00000000   Number         0  libinit2.o ABSOLUTE
    ../clib/libinit.s                        0x00000000   Number         0  libinit.o ABSOLUTE
    ../clib/signal.c                         0x00000000   Number         0  defsig_abrt_inner.o ABSOLUTE
    ../clib/signal.c                         0x00000000   Number         0  defsig_general.o ABSOLUTE
    ../clib/signal.c                         0x00000000   Number         0  defsig_rtmem_inner.o ABSOLUTE
    ../clib/signal.c                         0x00000000   Number         0  defsig_rtmem_formal.o ABSOLUTE
    ../clib/signal.c                         0x00000000   Number         0  defsig_rtmem_outer.o ABSOLUTE
    ../clib/signal.c                         0x00000000   Number         0  defsig_pvfn_inner.o ABSOLUTE
    ../clib/signal.c                         0x00000000   Number         0  defsig_exit.o ABSOLUTE
    ../clib/signal.c                         0x00000000   Number         0  __raise.o ABSOLUTE
    ../clib/signal.c                         0x00000000   Number         0  defsig_cppl_inner.o ABSOLUTE
    ../clib/signal.c                         0x00000000   Number         0  defsig_stak_inner.o ABSOLUTE
    ../clib/signal.c                         0x00000000   Number         0  defsig_rtred_inner.o ABSOLUTE
    ../clib/signal.c                         0x00000000   Number         0  defsig_fpe_inner.o ABSOLUTE
    ../clib/signal.c                         0x00000000   Number         0  defsig_other.o ABSOLUTE
    ../clib/signal.c                         0x00000000   Number         0  defsig_segv_inner.o ABSOLUTE
    ../clib/signal.s                         0x00000000   Number         0  defsig.o ABSOLUTE
    ../clib/stdlib.c                         0x00000000   Number         0  exit.o ABSOLUTE
    ../fplib/d2f.s                           0x00000000   Number         0  d2f.o ABSOLUTE
    ../fplib/ddiv.s                          0x00000000   Number         0  ddiv.o ABSOLUTE
    ../fplib/dflt.s                          0x00000000   Number         0  dflt_clz.o ABSOLUTE
    ../fplib/dmul.s                          0x00000000   Number         0  dmul.o ABSOLUTE
    ../fplib/dnaninf.s                       0x00000000   Number         0  dnaninf.o ABSOLUTE
    ../fplib/dretinf.s                       0x00000000   Number         0  dretinf.o ABSOLUTE
    ../fplib/fpinit.s                        0x00000000   Number         0  fpinit.o ABSOLUTE
    ../fplib/fretinf.s                       0x00000000   Number         0  fretinf.o ABSOLUTE
    ../fplib/usenofp.s                       0x00000000   Number         0  usenofp.o ABSOLUTE
    RTE\Device\TM4C123GH6PM\startup_TM4C123.s 0x00000000   Number         0  startup_tm4c123.o ABSOLUTE
    RTE\Device\TM4C123GH6PM\system_TM4C123.c 0x00000000   Number         0  system_tm4c123.o ABSOLUTE
    RTE\\Device\\TM4C123GH6PM\\system_TM4C123.c 0x00000000   Number         0  system_tm4c123.o ABSOLUTE
    adc.c                                    0x00000000   Number         0  adc.o ABSOLUTE
    application\cyclic_container\cyclic_container.c 0x00000000   Number         0  cyclic_container.o ABSOLUTE
    application\startup_container\startup_container.c 0x00000000   Number         0  startup_container.o ABSOLUTE
    cpu.c                                    0x00000000   Number         0  cpu.o ABSOLUTE
    cpu.c                                    0x00000000   Number         0  cpu.o ABSOLUTE
    dc.s                                     0x00000000   Number         0  dc.o ABSOLUTE
    display.c                                0x00000000   Number         0  display.o ABSOLUTE
    drivers\adc_handler\adc_handler.c        0x00000000   Number         0  adc_handler.o ABSOLUTE
    drivers\gpio_handler\gpio_handler.c      0x00000000   Number         0  gpio_handler.o ABSOLUTE
    drivers\i2c_handler\i2c_handler.c        0x00000000   Number         0  i2c_handler.o ABSOLUTE
    drivers\spi_handler\spi_handler.c        0x00000000   Number         0  spi_handler.o ABSOLUTE
    drivers\timer_handler\timer_handler.c    0x00000000   Number         0  timer_handler.o ABSOLUTE
    gpio.c                                   0x00000000   Number         0  gpio.o ABSOLUTE
    i2c.c                                    0x00000000   Number         0  i2c.o ABSOLUTE
    interrupt.c                              0x00000000   Number         0  interrupt.o ABSOLUTE
    main.c                                   0x00000000   Number         0  main.o ABSOLUTE
    ssi.c                                    0x00000000   Number         0  ssi.o ABSOLUTE
    sysctl.c                                 0x00000000   Number         0  sysctl.o ABSOLUTE
    sysctl.c                                 0x00000000   Number         0  sysctl.o ABSOLUTE
    timer.c                                  0x00000000   Number         0  timer.o ABSOLUTE
    uart.c                                   0x00000000   Number         0  uart.o ABSOLUTE
    !!!main                                  0x0000026c   Section        8  __main.o(!!!main)
    !!!scatter                               0x00000274   Section       52  __scatter.o(!!!scatter)
    !!handler_copy                           0x000002a8   Section       26  __scatter_copy.o(!!handler_copy)
    !!handler_zi                             0x000002c4   Section       28  __scatter_zi.o(!!handler_zi)
    .ARM.Collect$$libinit$$00000000          0x000002e0   Section        2  libinit.o(.ARM.Collect$$libinit$$00000000)
    .ARM.Collect$$libinit$$00000001          0x000002e2   Section        4  libinit2.o(.ARM.Collect$$libinit$$00000001)
    .ARM.Collect$$libinit$$00000004          0x000002e6   Section        0  libinit2.o(.ARM.Collect$$libinit$$00000004)
    .ARM.Collect$$libinit$$0000000A          0x000002e6   Section        0  libinit2.o(.ARM.Collect$$libinit$$0000000A)
    .ARM.Collect$$libinit$$0000000C          0x000002e6   Section        0  libinit2.o(.ARM.Collect$$libinit$$0000000C)
    .ARM.Collect$$libinit$$0000000E          0x000002e6   Section        0  libinit2.o(.ARM.Collect$$libinit$$0000000E)
    .ARM.Collect$$libinit$$00000011          0x000002e6   Section        0  libinit2.o(.ARM.Collect$$libinit$$00000011)
    .ARM.Collect$$libinit$$00000013          0x000002e6   Section        0  libinit2.o(.ARM.Collect$$libinit$$00000013)
    .ARM.Collect$$libinit$$00000015          0x000002e6   Section        0  libinit2.o(.ARM.Collect$$libinit$$00000015)
    .ARM.Collect$$libinit$$00000017          0x000002e6   Section        0  libinit2.o(.ARM.Collect$$libinit$$00000017)
    .ARM.Collect$$libinit$$00000019          0x000002e6   Section        0  libinit2.o(.ARM.Collect$$libinit$$00000019)
    .ARM.Collect$$libinit$$0000001B          0x000002e6   Section        0  libinit2.o(.ARM.Collect$$libinit$$0000001B)
    .ARM.Collect$$libinit$$0000001D          0x000002e6   Section        0  libinit2.o(.ARM.Collect$$libinit$$0000001D)
    .ARM.Collect$$libinit$$0000001F          0x000002e6   Section        0  libinit2.o(.ARM.Collect$$libinit$$0000001F)
    .ARM.Collect$$libinit$$00000021          0x000002e6   Section        0  libinit2.o(.ARM.Collect$$libinit$$00000021)
    .ARM.Collect$$libinit$$00000023          0x000002e6   Section        0  libinit2.o(.ARM.Collect$$libinit$$00000023)
    .ARM.Collect$$libinit$$00000025          0x000002e6   Section        0  libinit2.o(.ARM.Collect$$libinit$$00000025)
    .ARM.Collect$$libinit$$0000002C          0x000002e6   Section        0  libinit2.o(.ARM.Collect$$libinit$$0000002C)
    .ARM.Collect$$libinit$$0000002E          0x000002e6   Section        0  libinit2.o(.ARM.Collect$$libinit$$0000002E)
    .ARM.Collect$$libinit$$00000030          0x000002e6   Section        0  libinit2.o(.ARM.Collect$$libinit$$00000030)
    .ARM.Collect$$libinit$$00000032          0x000002e6   Section        0  libinit2.o(.ARM.Collect$$libinit$$00000032)
    .ARM.Collect$$libinit$$00000033          0x000002e6   Section        2  libinit2.o(.ARM.Collect$$libinit$$00000033)
    .ARM.Collect$$libshutdown$$00000000      0x000002e8   Section        2  libshutdown.o(.ARM.Collect$$libshutdown$$00000000)
    .ARM.Collect$$libshutdown$$00000002      0x000002ea   Section        0  libshutdown2.o(.ARM.Collect$$libshutdown$$00000002)
    .ARM.Collect$$libshutdown$$00000004      0x000002ea   Section        0  libshutdown2.o(.ARM.Collect$$libshutdown$$00000004)
    .ARM.Collect$$libshutdown$$00000007      0x000002ea   Section        0  libshutdown2.o(.ARM.Collect$$libshutdown$$00000007)
    .ARM.Collect$$libshutdown$$0000000A      0x000002ea   Section        0  libshutdown2.o(.ARM.Collect$$libshutdown$$0000000A)
    .ARM.Collect$$libshutdown$$0000000C      0x000002ea   Section        0  libshutdown2.o(.ARM.Collect$$libshutdown$$0000000C)
    .ARM.Collect$$libshutdown$$0000000F      0x000002ea   Section        0  libshutdown2.o(.ARM.Collect$$libshutdown$$0000000F)
    .ARM.Collect$$libshutdown$$00000010      0x000002ea   Section        2  libshutdown2.o(.ARM.Collect$$libshutdown$$00000010)
    .ARM.Collect$$rtentry$$00000000          0x000002ec   Section        0  __rtentry.o(.ARM.Collect$$rtentry$$00000000)
    .ARM.Collect$$rtentry$$00000002          0x000002ec   Section        0  __rtentry2.o(.ARM.Collect$$rtentry$$00000002)
    .ARM.Collect$$rtentry$$00000004          0x000002ec   Section        6  __rtentry4.o(.ARM.Collect$$rtentry$$00000004)
    .ARM.Collect$$rtentry$$00000009          0x000002f2   Section        0  __rtentry2.o(.ARM.Collect$$rtentry$$00000009)
    .ARM.Collect$$rtentry$$0000000A          0x000002f2   Section        4  __rtentry2.o(.ARM.Collect$$rtentry$$0000000A)
    .ARM.Collect$$rtentry$$0000000C          0x000002f6   Section        0  __rtentry2.o(.ARM.Collect$$rtentry$$0000000C)
    .ARM.Collect$$rtentry$$0000000D          0x000002f6   Section        8  __rtentry2.o(.ARM.Collect$$rtentry$$0000000D)
    .ARM.Collect$$rtexit$$00000000           0x000002fe   Section        2  rtexit.o(.ARM.Collect$$rtexit$$00000000)
    .ARM.Collect$$rtexit$$00000002           0x00000300   Section        0  rtexit2.o(.ARM.Collect$$rtexit$$00000002)
    .ARM.Collect$$rtexit$$00000003           0x00000300   Section        4  rtexit2.o(.ARM.Collect$$rtexit$$00000003)
    .ARM.Collect$$rtexit$$00000004           0x00000304   Section        6  rtexit2.o(.ARM.Collect$$rtexit$$00000004)
    .emb_text                                0x0000030c   Section        6  sysctl.o(.emb_text)
    $v0                                      0x0000030c   Number         0  sysctl.o(.emb_text)
    .emb_text                                0x00000314   Section       38  cpu.o(.emb_text)
    $v0                                      0x00000314   Number         0  cpu.o(.emb_text)
    .text                                    0x0000033c   Section      276  startup_tm4c123.o(.text)
    $v0                                      0x0000033c   Number         0  startup_tm4c123.o(.text)
    .text                                    0x00000450   Section        0  heapauxi.o(.text)
    .text                                    0x00000456   Section       74  sys_stackheap_outer.o(.text)
    .text                                    0x000004a0   Section        0  exit.o(.text)
    .text                                    0x000004b4   Section        8  libspace.o(.text)
    .text                                    0x000004bc   Section        0  sys_exit.o(.text)
    .text                                    0x000004c8   Section        2  use_no_semi.o(.text)
    .text                                    0x000004ca   Section        0  indicate_semi.o(.text)
    i.ADC1SS0_Handler                        0x000004cc   Section        0  adc_handler.o(i.ADC1SS0_Handler)
    i.ADCIntClear                            0x000004f8   Section        0  adc.o(i.ADCIntClear)
    i.ADCIntDisable                          0x00000502   Section        0  adc.o(i.ADCIntDisable)
    i.ADCIntEnable                           0x00000512   Section        0  adc.o(i.ADCIntEnable)
    i.ADCIntStatus                           0x00000522   Section        0  adc.o(i.ADCIntStatus)
    i.ADCProcessorTrigger                    0x00000556   Section        0  adc.o(i.ADCProcessorTrigger)
    i.ADCSequenceConfigure                   0x00000570   Section        0  adc.o(i.ADCSequenceConfigure)
    i.ADCSequenceDataGet                     0x000005be   Section        0  adc.o(i.ADCSequenceDataGet)
    i.ADCSequenceDisable                     0x000005e2   Section        0  adc.o(i.ADCSequenceDisable)
    i.ADCSequenceEnable                      0x000005f2   Section        0  adc.o(i.ADCSequenceEnable)
    i.ADCSequenceStepConfigure               0x00000600   Section        0  adc.o(i.ADCSequenceStepConfigure)
    i.ADC_Init                               0x0000069c   Section        0  adc_handler.o(i.ADC_Init)
    i.Add_ADC_Channel                        0x00000738   Section        0  adc_handler.o(i.Add_ADC_Channel)
    i.Cyclic_1000ms                          0x00000750   Section        0  cyclic_container.o(i.Cyclic_1000ms)
    i.Cyclic_100ms                           0x00000890   Section        0  cyclic_container.o(i.Cyclic_100ms)
    i.Cyclic_500ms                           0x000008a0   Section        0  cyclic_container.o(i.Cyclic_500ms)
    i.Cyclic_50ms                            0x000008a4   Section        0  cyclic_container.o(i.Cyclic_50ms)
    i.Display_Char                           0x000008cc   Section        0  display.o(i.Display_Char)
    i.Display_Decimal                        0x000008e0   Section        0  display.o(i.Display_Decimal)
    i.Display_Init                           0x0000090c   Section        0  display.o(i.Display_Init)
    i.Display_NewLine                        0x0000097c   Section        0  display.o(i.Display_NewLine)
    i.Display_String                         0x0000098c   Section        0  display.o(i.Display_String)
    i.GPIODirModeSet                         0x000009a2   Section        0  gpio.o(i.GPIODirModeSet)
    i.GPIOF_Handler                          0x000009cc   Section        0  gpio_handler.o(i.GPIOF_Handler)
    i.GPIOIntClear                           0x000009f0   Section        0  gpio.o(i.GPIOIntClear)
    i.GPIOIntDisable                         0x000009f6   Section        0  gpio.o(i.GPIOIntDisable)
    i.GPIOIntEnable                          0x00000a04   Section        0  gpio.o(i.GPIOIntEnable)
    i.GPIOIntTypeSet                         0x00000a12   Section        0  gpio.o(i.GPIOIntTypeSet)
    i.GPIOPadConfigSet                       0x00000a62   Section        0  gpio.o(i.GPIOPadConfigSet)
    i.GPIOPinConfigure                       0x00000b9c   Section        0  gpio.o(i.GPIOPinConfigure)
    i.GPIOPinRead                            0x00000be4   Section        0  gpio.o(i.GPIOPinRead)
    i.GPIOPinTypeGPIOInput                   0x00000bea   Section        0  gpio.o(i.GPIOPinTypeGPIOInput)
    i.GPIOPinTypeI2C                         0x00000c06   Section        0  gpio.o(i.GPIOPinTypeI2C)
    i.GPIOPinTypeI2CSCL                      0x00000c22   Section        0  gpio.o(i.GPIOPinTypeI2CSCL)
    i.GPIOPinTypeUART                        0x00000c3e   Section        0  gpio.o(i.GPIOPinTypeUART)
    i.Get_ADC_Value                          0x00000c5c   Section        0  adc_handler.o(i.Get_ADC_Value)
    i.Get_GPIO_SCL                           0x00000c6c   Section        0  i2c_handler.o(i.Get_GPIO_SCL)
    i.Get_I2C_Periph                         0x00000ca4   Section        0  i2c_handler.o(i.Get_I2C_Periph)
    i.Get_Port_Base                          0x00000cb4   Section        0  i2c_handler.o(i.Get_Port_Base)
    i.Get_Port_Periph                        0x00000cec   Section        0  i2c_handler.o(i.Get_Port_Periph)
    i.Get_SCL_Pin                            0x00000d20   Section        0  i2c_handler.o(i.Get_SCL_Pin)
    i.Get_SDA_Pin                            0x00000d4a   Section        0  i2c_handler.o(i.Get_SDA_Pin)
    i.I2CMasterBusBusy                       0x00000d74   Section        0  i2c.o(i.I2CMasterBusBusy)
    i.I2CMasterBusy                          0x00000d80   Section        0  i2c.o(i.I2CMasterBusy)
    i.I2CMasterControl                       0x00000d8c   Section        0  i2c.o(i.I2CMasterControl)
    i.I2CMasterDataGet                       0x00000d90   Section        0  i2c.o(i.I2CMasterDataGet)
    i.I2CMasterDataPut                       0x00000d94   Section        0  i2c.o(i.I2CMasterDataPut)
    i.I2CMasterErr                           0x00000d98   Section        0  i2c.o(i.I2CMasterErr)
    i.I2CMasterInitExpClk                    0x00000db0   Section        0  i2c.o(i.I2CMasterInitExpClk)
    i.I2CMasterSlaveAddrSet                  0x00000e04   Section        0  i2c.o(i.I2CMasterSlaveAddrSet)
    i.I2C_Init                               0x00000e0c   Section        0  i2c_handler.o(i.I2C_Init)
    i.I2C_Init_LuminositySensor              0x00000e98   Section        0  i2c_handler.o(i.I2C_Init_LuminositySensor)
    i.I2C_Master_Wait                        0x00000f18   Section        0  i2c_handler.o(i.I2C_Master_Wait)
    i.I2C_Read                               0x00000f2c   Section        0  i2c_handler.o(i.I2C_Read)
    i.Init_Drivers                           0x00000fa0   Section        0  startup_container.o(i.Init_Drivers)
    i.Init_Timer                             0x0000106c   Section        0  timer_handler.o(i.Init_Timer)
    i.IntDisable                             0x00001120   Section        0  interrupt.o(i.IntDisable)
    i.IntEnable                              0x00001184   Section        0  interrupt.o(i.IntEnable)
    i.IntMasterEnable                        0x000011e8   Section        0  interrupt.o(i.IntMasterEnable)
    i.IntPrioritySet                         0x000011f8   Section        0  interrupt.o(i.IntPrioritySet)
    i.ReadPinState                           0x00001220   Section        0  gpio_handler.o(i.ReadPinState)
    i.SSI0_DataOut                           0x0000123c   Section        0  spi_handler.o(i.SSI0_DataOut)
    i.SSI0_Handler                           0x00001258   Section        0  spi_handler.o(i.SSI0_Handler)
    i.SSIDataGet                             0x000012d4   Section        0  ssi.o(i.SSIDataGet)
    i.SSIDataPut                             0x000012e2   Section        0  ssi.o(i.SSIDataPut)
    i.SSIIntClear                            0x000012ee   Section        0  ssi.o(i.SSIIntClear)
    i.SSIIntStatus                           0x000012f2   Section        0  ssi.o(i.SSIIntStatus)
    i.SetGPIOInput                           0x000012fc   Section        0  gpio_handler.o(i.SetGPIOInput)
    i.SetGPIOInterrupt                       0x0000134c   Section        0  gpio_handler.o(i.SetGPIOInterrupt)
    i.SysCtlClockGet                         0x0000139c   Section        0  sysctl.o(i.SysCtlClockGet)
    i.SysCtlClockSet                         0x000014f0   Section        0  sysctl.o(i.SysCtlClockSet)
    i.SysCtlPeripheralEnable                 0x00001610   Section        0  sysctl.o(i.SysCtlPeripheralEnable)
    i.SystemInit                             0x00001638   Section        0  system_tm4c123.o(i.SystemInit)
    i.TIMER0A_Handler                        0x000016d0   Section        0  timer_handler.o(i.TIMER0A_Handler)
    i.TIMER1A_Handler                        0x000016ec   Section        0  timer_handler.o(i.TIMER1A_Handler)
    i.TIMER2A_Handler                        0x00001708   Section        0  timer_handler.o(i.TIMER2A_Handler)
    i.TIMER3A_Handler                        0x00001724   Section        0  timer_handler.o(i.TIMER3A_Handler)
    i.TIMER4A_Handler                        0x00001740   Section        0  timer_handler.o(i.TIMER4A_Handler)
    i.TIMER_reload_calculator                0x000017a8   Section        0  timer_handler.o(i.TIMER_reload_calculator)
    i.TimerClockSourceSet                    0x000017c6   Section        0  timer.o(i.TimerClockSourceSet)
    i.TimerConfigure                         0x000017cc   Section        0  timer.o(i.TimerConfigure)
    i.TimerDisable                           0x0000182c   Section        0  timer.o(i.TimerDisable)
    i.TimerEnable                            0x0000183c   Section        0  timer.o(i.TimerEnable)
    i.TimerIntClear                          0x0000184a   Section        0  timer.o(i.TimerIntClear)
    i.TimerIntDisable                        0x0000184e   Section        0  timer.o(i.TimerIntDisable)
    i.TimerIntEnable                         0x00001858   Section        0  timer.o(i.TimerIntEnable)
    i.TimerIntStatus                         0x00001860   Section        0  timer.o(i.TimerIntStatus)
    i.TimerLoadSet                           0x0000186a   Section        0  timer.o(i.TimerLoadSet)
    i.UARTCharPut                            0x0000187c   Section        0  uart.o(i.UARTCharPut)
    i.UARTClockSourceSet                     0x00001888   Section        0  uart.o(i.UARTClockSourceSet)
    i.UARTConfigGetExpClk                    0x0000188e   Section        0  uart.o(i.UARTConfigGetExpClk)
    i.UARTConfigSetExpClk                    0x000018bc   Section        0  uart.o(i.UARTConfigSetExpClk)
    i.UARTDisable                            0x0000192a   Section        0  uart.o(i.UARTDisable)
    i.UARTEnable                             0x00001948   Section        0  uart.o(i.UARTEnable)
    i.UARTFIFOEnable                         0x0000195c   Section        0  uart.o(i.UARTFIFOEnable)
    i.WTIMER0A_Handler                       0x00001968   Section        0  timer_handler.o(i.WTIMER0A_Handler)
    i.getINTGPIO_Adrress                     0x00001998   Section        0  gpio_handler.o(i.getINTGPIO_Adrress)
    i.getINTTIMER_Address                    0x000019c8   Section        0  timer_handler.o(i.getINTTIMER_Address)
    i.getPeriphTimerAddress                  0x00001a18   Section        0  timer_handler.o(i.getPeriphTimerAddress)
    i.getPortPeriphAddress                   0x00001a58   Section        0  gpio_handler.o(i.getPortPeriphAddress)
    i.getPrioIndex                           0x00001a78   Section        0  timer_handler.o(i.getPrioIndex)
    i.main                                   0x00001a8c   Section        0  main.o(i.main)
    x$fpl$d2f                                0x00001aac   Section       98  d2f.o(x$fpl$d2f)
    $v0                                      0x00001aac   Number         0  d2f.o(x$fpl$d2f)
    x$fpl$ddiv                               0x00001b10   Section      688  ddiv.o(x$fpl$ddiv)
    $v0                                      0x00001b10   Number         0  ddiv.o(x$fpl$ddiv)
    ddiv_entry                               0x00001b17   Thumb Code     0  ddiv.o(x$fpl$ddiv)
    x$fpl$dfltu                              0x00001dc0   Section       38  dflt_clz.o(x$fpl$dfltu)
    $v0                                      0x00001dc0   Number         0  dflt_clz.o(x$fpl$dfltu)
    x$fpl$dmul                               0x00001de8   Section      340  dmul.o(x$fpl$dmul)
    $v0                                      0x00001de8   Number         0  dmul.o(x$fpl$dmul)
    x$fpl$dnaninf                            0x00001f3c   Section      156  dnaninf.o(x$fpl$dnaninf)
    $v0                                      0x00001f3c   Number         0  dnaninf.o(x$fpl$dnaninf)
    x$fpl$dretinf                            0x00001fd8   Section       12  dretinf.o(x$fpl$dretinf)
    $v0                                      0x00001fd8   Number         0  dretinf.o(x$fpl$dretinf)
    x$fpl$fpinit                             0x00001fe4   Section       10  fpinit.o(x$fpl$fpinit)
    $v0                                      0x00001fe4   Number         0  fpinit.o(x$fpl$fpinit)
    x$fpl$fretinf                            0x00001fee   Section       10  fretinf.o(x$fpl$fretinf)
    $v0                                      0x00001fee   Number         0  fretinf.o(x$fpl$fretinf)
    .constdata                               0x00001ff8   Section      528  gpio.o(.constdata)
    x$fpl$usenofp                            0x00001ff8   Section        0  usenofp.o(x$fpl$usenofp)
    g_ppui32GPIOIntMapBlizzard               0x00001ff8   Data         192  gpio.o(.constdata)
    g_ppui32GPIOIntMapSnowflake              0x000020b8   Data         192  gpio.o(.constdata)
    g_pui32GPIOBaseAddrs                     0x00002178   Data         144  gpio.o(.constdata)
    .constdata                               0x00002208   Section      268  interrupt.o(.constdata)
    g_pui32Priority                          0x00002208   Data          32  interrupt.o(.constdata)
    g_pui32Regs                              0x00002228   Data         156  interrupt.o(.constdata)
    g_pui32EnRegs                            0x000022c4   Data          20  interrupt.o(.constdata)
    g_pui32Dii16Regs                         0x000022d8   Data          20  interrupt.o(.constdata)
    g_pui32PendRegs                          0x000022ec   Data          20  interrupt.o(.constdata)
    g_pui32UnpendRegs                        0x00002300   Data          20  interrupt.o(.constdata)
    .constdata                               0x00002314   Section      452  sysctl.o(.constdata)
    g_pui32VCOFrequencies                    0x00002314   Data           8  sysctl.o(.constdata)
    g_pui32Xtals                             0x0000231c   Data         108  sysctl.o(.constdata)
    g_pppui32XTALtoVCO                       0x00002388   Data         288  sysctl.o(.constdata)
    g_sXTALtoMEMTIM                          0x000024a8   Data          48  sysctl.o(.constdata)
    .data                                    0x20000000   Section       20  timer_handler.o(.data)
    intCounter                               0x20000010   Data           4  timer_handler.o(.data)
    .data                                    0x20000014   Section        1  spi_handler.o(.data)
    state                                    0x20000014   Data           1  spi_handler.o(.data)
    .data                                    0x20000018   Section        4  display.o(.data)
    .bss                                     0x2000001c   Section      100  adc_handler.o(.bss)
    .bss                                     0x20000080   Section      510  spi_handler.o(.bss)
    .bss                                     0x20000280   Section       96  libspace.o(.bss)
    HEAP                                     0x200002e0   Section        0  startup_tm4c123.o(HEAP)
    STACK                                    0x200002e0   Section      512  startup_tm4c123.o(STACK)
    Heap_Mem                                 0x200002e0   Data           0  startup_tm4c123.o(HEAP)
    Stack_Mem                                0x200002e0   Data         512  startup_tm4c123.o(STACK)
    __initial_sp                             0x200004e0   Data           0  startup_tm4c123.o(STACK)

    Global Symbols

    Symbol Name                              Value     Ov Type        Size  Object(Section)

    BuildAttributes$$THM_ISAv4$E$P$D$K$B$S$7EM$VFPi3$EXTD16$VFPS$VFMA$PE$A:L22UL41UL21$X:L11$S22US41US21$IEEE1$IW$USESV6$~STKCKD$USESV7$~SHL$OTIME$ROPI$EBA8$UX$STANDARDLIB$REQ8$PRES8$EABIv2 0x00000000   Number         0  anon$$obj.o ABSOLUTE
    __ARM_use_no_argv                        0x00000000   Number         0  main.o ABSOLUTE
    __Vectors                                0x00000000   Data           4  startup_tm4c123.o(RESET)
    __ARM_exceptions_init                     - Undefined Weak Reference
    __alloca_initialize                       - Undefined Weak Reference
    __arm_preinit_                            - Undefined Weak Reference
    __cpp_initialize__aeabi_                  - Undefined Weak Reference
    __cxa_finalize                            - Undefined Weak Reference
    __rt_locale                               - Undefined Weak Reference
    __sigvec_lookup                           - Undefined Weak Reference
    _atexit_init                              - Undefined Weak Reference
    _call_atexit_fns                          - Undefined Weak Reference
    _clock_init                               - Undefined Weak Reference
    _fp_trap_init                             - Undefined Weak Reference
    _fp_trap_shutdown                         - Undefined Weak Reference
    _get_lc_collate                           - Undefined Weak Reference
    _get_lc_ctype                             - Undefined Weak Reference
    _get_lc_monetary                          - Undefined Weak Reference
    _get_lc_numeric                           - Undefined Weak Reference
    _get_lc_time                              - Undefined Weak Reference
    _getenv_init                              - Undefined Weak Reference
    _handle_redirection                       - Undefined Weak Reference
    _init_alloc                               - Undefined Weak Reference
    _init_user_alloc                          - Undefined Weak Reference
    _initio                                   - Undefined Weak Reference
    _rand_init                                - Undefined Weak Reference
    _signal_finish                            - Undefined Weak Reference
    _signal_init                              - Undefined Weak Reference
    _terminate_alloc                          - Undefined Weak Reference
    _terminate_user_alloc                     - Undefined Weak Reference
    _terminateio                              - Undefined Weak Reference
    __Vectors_End                            0x0000026c   Data           0  startup_tm4c123.o(RESET)
    __Vectors_Size                           0x0000026c   Number         0  startup_tm4c123.o ABSOLUTE
    __main                                   0x0000026d   Thumb Code     8  __main.o(!!!main)
    __scatterload                            0x00000275   Thumb Code     0  __scatter.o(!!!scatter)
    __scatterload_rt2                        0x00000275   Thumb Code    44  __scatter.o(!!!scatter)
    __scatterload_rt2_thumb_only             0x00000275   Thumb Code     0  __scatter.o(!!!scatter)
    __scatterload_null                       0x00000283   Thumb Code     0  __scatter.o(!!!scatter)
    __scatterload_copy                       0x000002a9   Thumb Code    26  __scatter_copy.o(!!handler_copy)
    __scatterload_zeroinit                   0x000002c5   Thumb Code    28  __scatter_zi.o(!!handler_zi)
    __rt_lib_init                            0x000002e1   Thumb Code     0  libinit.o(.ARM.Collect$$libinit$$00000000)
    __rt_lib_init_fp_1                       0x000002e3   Thumb Code     0  libinit2.o(.ARM.Collect$$libinit$$00000001)
    __rt_lib_init_alloca_1                   0x000002e7   Thumb Code     0  libinit2.o(.ARM.Collect$$libinit$$0000002E)
    __rt_lib_init_argv_1                     0x000002e7   Thumb Code     0  libinit2.o(.ARM.Collect$$libinit$$0000002C)
    __rt_lib_init_atexit_1                   0x000002e7   Thumb Code     0  libinit2.o(.ARM.Collect$$libinit$$0000001B)
    __rt_lib_init_clock_1                    0x000002e7   Thumb Code     0  libinit2.o(.ARM.Collect$$libinit$$00000021)
    __rt_lib_init_cpp_1                      0x000002e7   Thumb Code     0  libinit2.o(.ARM.Collect$$libinit$$00000032)
    __rt_lib_init_exceptions_1               0x000002e7   Thumb Code     0  libinit2.o(.ARM.Collect$$libinit$$00000030)
    __rt_lib_init_fp_trap_1                  0x000002e7   Thumb Code     0  libinit2.o(.ARM.Collect$$libinit$$0000001F)
    __rt_lib_init_getenv_1                   0x000002e7   Thumb Code     0  libinit2.o(.ARM.Collect$$libinit$$00000023)
    __rt_lib_init_heap_1                     0x000002e7   Thumb Code     0  libinit2.o(.ARM.Collect$$libinit$$0000000A)
    __rt_lib_init_lc_collate_1               0x000002e7   Thumb Code     0  libinit2.o(.ARM.Collect$$libinit$$00000011)
    __rt_lib_init_lc_ctype_1                 0x000002e7   Thumb Code     0  libinit2.o(.ARM.Collect$$libinit$$00000013)
    __rt_lib_init_lc_monetary_1              0x000002e7   Thumb Code     0  libinit2.o(.ARM.Collect$$libinit$$00000015)
    __rt_lib_init_lc_numeric_1               0x000002e7   Thumb Code     0  libinit2.o(.ARM.Collect$$libinit$$00000017)
    __rt_lib_init_lc_time_1                  0x000002e7   Thumb Code     0  libinit2.o(.ARM.Collect$$libinit$$00000019)
    __rt_lib_init_preinit_1                  0x000002e7   Thumb Code     0  libinit2.o(.ARM.Collect$$libinit$$00000004)
    __rt_lib_init_rand_1                     0x000002e7   Thumb Code     0  libinit2.o(.ARM.Collect$$libinit$$0000000E)
    __rt_lib_init_return                     0x000002e7   Thumb Code     0  libinit2.o(.ARM.Collect$$libinit$$00000033)
    __rt_lib_init_signal_1                   0x000002e7   Thumb Code     0  libinit2.o(.ARM.Collect$$libinit$$0000001D)
    __rt_lib_init_stdio_1                    0x000002e7   Thumb Code     0  libinit2.o(.ARM.Collect$$libinit$$00000025)
    __rt_lib_init_user_alloc_1               0x000002e7   Thumb Code     0  libinit2.o(.ARM.Collect$$libinit$$0000000C)
    __rt_lib_shutdown                        0x000002e9   Thumb Code     0  libshutdown.o(.ARM.Collect$$libshutdown$$00000000)
    __rt_lib_shutdown_cpp_1                  0x000002eb   Thumb Code     0  libshutdown2.o(.ARM.Collect$$libshutdown$$00000002)
    __rt_lib_shutdown_fp_trap_1              0x000002eb   Thumb Code     0  libshutdown2.o(.ARM.Collect$$libshutdown$$00000007)
    __rt_lib_shutdown_heap_1                 0x000002eb   Thumb Code     0  libshutdown2.o(.ARM.Collect$$libshutdown$$0000000F)
    __rt_lib_shutdown_return                 0x000002eb   Thumb Code     0  libshutdown2.o(.ARM.Collect$$libshutdown$$00000010)
    __rt_lib_shutdown_signal_1               0x000002eb   Thumb Code     0  libshutdown2.o(.ARM.Collect$$libshutdown$$0000000A)
    __rt_lib_shutdown_stdio_1                0x000002eb   Thumb Code     0  libshutdown2.o(.ARM.Collect$$libshutdown$$00000004)
    __rt_lib_shutdown_user_alloc_1           0x000002eb   Thumb Code     0  libshutdown2.o(.ARM.Collect$$libshutdown$$0000000C)
    __rt_entry                               0x000002ed   Thumb Code     0  __rtentry.o(.ARM.Collect$$rtentry$$00000000)
    __rt_entry_presh_1                       0x000002ed   Thumb Code     0  __rtentry2.o(.ARM.Collect$$rtentry$$00000002)
    __rt_entry_sh                            0x000002ed   Thumb Code     0  __rtentry4.o(.ARM.Collect$$rtentry$$00000004)
    __rt_entry_li                            0x000002f3   Thumb Code     0  __rtentry2.o(.ARM.Collect$$rtentry$$0000000A)
    __rt_entry_postsh_1                      0x000002f3   Thumb Code     0  __rtentry2.o(.ARM.Collect$$rtentry$$00000009)
    __rt_entry_main                          0x000002f7   Thumb Code     0  __rtentry2.o(.ARM.Collect$$rtentry$$0000000D)
    __rt_entry_postli_1                      0x000002f7   Thumb Code     0  __rtentry2.o(.ARM.Collect$$rtentry$$0000000C)
    __rt_exit                                0x000002ff   Thumb Code     0  rtexit.o(.ARM.Collect$$rtexit$$00000000)
    __rt_exit_ls                             0x00000301   Thumb Code     0  rtexit2.o(.ARM.Collect$$rtexit$$00000003)
    __rt_exit_prels_1                        0x00000301   Thumb Code     0  rtexit2.o(.ARM.Collect$$rtexit$$00000002)
    __rt_exit_exit                           0x00000305   Thumb Code     0  rtexit2.o(.ARM.Collect$$rtexit$$00000004)
    SysCtlDelay                              0x0000030d   Thumb Code     6  sysctl.o(.emb_text)
    CPUcpsid                                 0x00000315   Thumb Code     8  cpu.o(.emb_text)
    CPUprimask                               0x0000031d   Thumb Code     6  cpu.o(.emb_text)
    CPUcpsie                                 0x00000323   Thumb Code     8  cpu.o(.emb_text)
    CPUwfi                                   0x0000032b   Thumb Code     4  cpu.o(.emb_text)
    CPUbasepriSet                            0x0000032f   Thumb Code     6  cpu.o(.emb_text)
    CPUbasepriGet                            0x00000335   Thumb Code     6  cpu.o(.emb_text)
    Reset_Handler                            0x0000033d   Thumb Code     8  startup_tm4c123.o(.text)
    NMI_Handler                              0x00000345   Thumb Code     2  startup_tm4c123.o(.text)
    HardFault_Handler                        0x00000347   Thumb Code     2  startup_tm4c123.o(.text)
    MemManage_Handler                        0x00000349   Thumb Code     2  startup_tm4c123.o(.text)
    BusFault_Handler                         0x0000034b   Thumb Code     2  startup_tm4c123.o(.text)
    UsageFault_Handler                       0x0000034d   Thumb Code     2  startup_tm4c123.o(.text)
    SVC_Handler                              0x0000034f   Thumb Code     2  startup_tm4c123.o(.text)
    DebugMon_Handler                         0x00000351   Thumb Code     2  startup_tm4c123.o(.text)
    PendSV_Handler                           0x00000353   Thumb Code     2  startup_tm4c123.o(.text)
    SysTick_Handler                          0x00000355   Thumb Code     2  startup_tm4c123.o(.text)
    GPIOA_Handler                            0x00000357   Thumb Code     2  startup_tm4c123.o(.text)
    GPIOB_Handler                            0x00000359   Thumb Code     2  startup_tm4c123.o(.text)
    GPIOC_Handler                            0x0000035b   Thumb Code     2  startup_tm4c123.o(.text)
    GPIOD_Handler                            0x0000035d   Thumb Code     2  startup_tm4c123.o(.text)
    GPIOE_Handler                            0x0000035f   Thumb Code     2  startup_tm4c123.o(.text)
    UART0_Handler                            0x00000361   Thumb Code     2  startup_tm4c123.o(.text)
    UART1_Handler                            0x00000363   Thumb Code     2  startup_tm4c123.o(.text)
    I2C0_Handler                             0x00000367   Thumb Code     2  startup_tm4c123.o(.text)
    PMW0_FAULT_Handler                       0x00000369   Thumb Code     2  startup_tm4c123.o(.text)
    PWM0_0_Handler                           0x0000036b   Thumb Code     2  startup_tm4c123.o(.text)
    PWM0_1_Handler                           0x0000036d   Thumb Code     2  startup_tm4c123.o(.text)
    PWM0_2_Handler                           0x0000036f   Thumb Code     2  startup_tm4c123.o(.text)
    QEI0_Handler                             0x00000371   Thumb Code     2  startup_tm4c123.o(.text)
    ADC0SS0_Handler                          0x00000373   Thumb Code     2  startup_tm4c123.o(.text)
    ADC0SS1_Handler                          0x00000375   Thumb Code     2  startup_tm4c123.o(.text)
    ADC0SS2_Handler                          0x00000377   Thumb Code     2  startup_tm4c123.o(.text)
    ADC0SS3_Handler                          0x00000379   Thumb Code     2  startup_tm4c123.o(.text)
    WDT0_Handler                             0x0000037b   Thumb Code     2  startup_tm4c123.o(.text)
    TIMER0B_Handler                          0x0000037f   Thumb Code     2  startup_tm4c123.o(.text)
    TIMER1B_Handler                          0x00000383   Thumb Code     2  startup_tm4c123.o(.text)
    TIMER2B_Handler                          0x00000387   Thumb Code     2  startup_tm4c123.o(.text)
    COMP0_Handler                            0x00000389   Thumb Code     2  startup_tm4c123.o(.text)
    COMP1_Handler                            0x0000038b   Thumb Code     2  startup_tm4c123.o(.text)
    COMP2_Handler                            0x0000038d   Thumb Code     2  startup_tm4c123.o(.text)
    SYSCTL_Handler                           0x0000038f   Thumb Code     2  startup_tm4c123.o(.text)
    FLASH_Handler                            0x00000391   Thumb Code     2  startup_tm4c123.o(.text)
    GPIOG_Handler                            0x00000395   Thumb Code     2  startup_tm4c123.o(.text)
    GPIOH_Handler                            0x00000397   Thumb Code     2  startup_tm4c123.o(.text)
    UART2_Handler                            0x00000399   Thumb Code     2  startup_tm4c123.o(.text)
    SSI1_Handler                             0x0000039b   Thumb Code     2  startup_tm4c123.o(.text)
    TIMER3B_Handler                          0x0000039f   Thumb Code     2  startup_tm4c123.o(.text)
    I2C1_Handler                             0x000003a1   Thumb Code     2  startup_tm4c123.o(.text)
    QEI1_Handler                             0x000003a3   Thumb Code     2  startup_tm4c123.o(.text)
    CAN0_Handler                             0x000003a5   Thumb Code     2  startup_tm4c123.o(.text)
    CAN1_Handler                             0x000003a7   Thumb Code     2  startup_tm4c123.o(.text)
    CAN2_Handler                             0x000003a9   Thumb Code     2  startup_tm4c123.o(.text)
    HIB_Handler                              0x000003ab   Thumb Code     2  startup_tm4c123.o(.text)
    USB0_Handler                             0x000003ad   Thumb Code     2  startup_tm4c123.o(.text)
    PWM0_3_Handler                           0x000003af   Thumb Code     2  startup_tm4c123.o(.text)
    UDMA_Handler                             0x000003b1   Thumb Code     2  startup_tm4c123.o(.text)
    UDMAERR_Handler                          0x000003b3   Thumb Code     2  startup_tm4c123.o(.text)
    ADC1SS1_Handler                          0x000003b7   Thumb Code     2  startup_tm4c123.o(.text)
    ADC1SS2_Handler                          0x000003b9   Thumb Code     2  startup_tm4c123.o(.text)
    ADC1SS3_Handler                          0x000003bb   Thumb Code     2  startup_tm4c123.o(.text)
    GPIOJ_Handler                            0x000003bd   Thumb Code     2  startup_tm4c123.o(.text)
    GPIOK_Handler                            0x000003bf   Thumb Code     2  startup_tm4c123.o(.text)
    GPIOL_Handler                            0x000003c1   Thumb Code     2  startup_tm4c123.o(.text)
    SSI2_Handler                             0x000003c3   Thumb Code     2  startup_tm4c123.o(.text)
    SSI3_Handler                             0x000003c5   Thumb Code     2  startup_tm4c123.o(.text)
    UART3_Handler                            0x000003c7   Thumb Code     2  startup_tm4c123.o(.text)
    UART4_Handler                            0x000003c9   Thumb Code     2  startup_tm4c123.o(.text)
    UART5_Handler                            0x000003cb   Thumb Code     2  startup_tm4c123.o(.text)
    UART6_Handler                            0x000003cd   Thumb Code     2  startup_tm4c123.o(.text)
    UART7_Handler                            0x000003cf   Thumb Code     2  startup_tm4c123.o(.text)
    I2C2_Handler                             0x000003d1   Thumb Code     2  startup_tm4c123.o(.text)
    I2C3_Handler                             0x000003d3   Thumb Code     2  startup_tm4c123.o(.text)
    TIMER4B_Handler                          0x000003d7   Thumb Code     2  startup_tm4c123.o(.text)
    TIMER5A_Handler                          0x000003d9   Thumb Code     2  startup_tm4c123.o(.text)
    TIMER5B_Handler                          0x000003db   Thumb Code     2  startup_tm4c123.o(.text)
    WTIMER0B_Handler                         0x000003df   Thumb Code     2  startup_tm4c123.o(.text)
    WTIMER1A_Handler                         0x000003e1   Thumb Code     2  startup_tm4c123.o(.text)
    WTIMER1B_Handler                         0x000003e3   Thumb Code     2  startup_tm4c123.o(.text)
    WTIMER2A_Handler                         0x000003e5   Thumb Code     2  startup_tm4c123.o(.text)
    WTIMER2B_Handler                         0x000003e7   Thumb Code     2  startup_tm4c123.o(.text)
    WTIMER3A_Handler                         0x000003e9   Thumb Code     2  startup_tm4c123.o(.text)
    WTIMER3B_Handler                         0x000003eb   Thumb Code     2  startup_tm4c123.o(.text)
    WTIMER4A_Handler                         0x000003ed   Thumb Code     2  startup_tm4c123.o(.text)
    WTIMER4B_Handler                         0x000003ef   Thumb Code     2  startup_tm4c123.o(.text)
    WTIMER5A_Handler                         0x000003f1   Thumb Code     2  startup_tm4c123.o(.text)
    WTIMER5B_Handler                         0x000003f3   Thumb Code     2  startup_tm4c123.o(.text)
    FPU_Handler                              0x000003f5   Thumb Code     2  startup_tm4c123.o(.text)
    I2C4_Handler                             0x000003f7   Thumb Code     2  startup_tm4c123.o(.text)
    I2C5_Handler                             0x000003f9   Thumb Code     2  startup_tm4c123.o(.text)
    GPIOM_Handler                            0x000003fb   Thumb Code     2  startup_tm4c123.o(.text)
    GPION_Handler                            0x000003fd   Thumb Code     2  startup_tm4c123.o(.text)
    QEI2_Handler                             0x000003ff   Thumb Code     2  startup_tm4c123.o(.text)
    GPIOP0_Handler                           0x00000401   Thumb Code     2  startup_tm4c123.o(.text)
    GPIOP1_Handler                           0x00000403   Thumb Code     2  startup_tm4c123.o(.text)
    GPIOP2_Handler                           0x00000405   Thumb Code     2  startup_tm4c123.o(.text)
    GPIOP3_Handler                           0x00000407   Thumb Code     2  startup_tm4c123.o(.text)
    GPIOP4_Handler                           0x00000409   Thumb Code     2  startup_tm4c123.o(.text)
    GPIOP5_Handler                           0x0000040b   Thumb Code     2  startup_tm4c123.o(.text)
    GPIOP6_Handler                           0x0000040d   Thumb Code     2  startup_tm4c123.o(.text)
    GPIOP7_Handler                           0x0000040f   Thumb Code     2  startup_tm4c123.o(.text)
    GPIOQ0_Handler                           0x00000411   Thumb Code     2  startup_tm4c123.o(.text)
    GPIOQ1_Handler                           0x00000413   Thumb Code     2  startup_tm4c123.o(.text)
    GPIOQ2_Handler                           0x00000415   Thumb Code     2  startup_tm4c123.o(.text)
    GPIOQ3_Handler                           0x00000417   Thumb Code     2  startup_tm4c123.o(.text)
    GPIOQ4_Handler                           0x00000419   Thumb Code     2  startup_tm4c123.o(.text)
    GPIOQ5_Handler                           0x0000041b   Thumb Code     2  startup_tm4c123.o(.text)
    GPIOQ6_Handler                           0x0000041d   Thumb Code     2  startup_tm4c123.o(.text)
    GPIOQ7_Handler                           0x0000041f   Thumb Code     2  startup_tm4c123.o(.text)
    GPIOR_Handler                            0x00000421   Thumb Code     2  startup_tm4c123.o(.text)
    GPIOS_Handler                            0x00000423   Thumb Code     2  startup_tm4c123.o(.text)
    PMW1_0_Handler                           0x00000425   Thumb Code     2  startup_tm4c123.o(.text)
    PWM1_1_Handler                           0x00000427   Thumb Code     2  startup_tm4c123.o(.text)
    PWM1_2_Handler                           0x00000429   Thumb Code     2  startup_tm4c123.o(.text)
    PWM1_3_Handler                           0x0000042b   Thumb Code     2  startup_tm4c123.o(.text)
    PWM1_FAULT_Handler                       0x0000042d   Thumb Code     2  startup_tm4c123.o(.text)
    __user_initial_stackheap                 0x00000431   Thumb Code     0  startup_tm4c123.o(.text)
    __use_two_region_memory                  0x00000451   Thumb Code     2  heapauxi.o(.text)
    __rt_heap_escrow$2region                 0x00000453   Thumb Code     2  heapauxi.o(.text)
    __rt_heap_expand$2region                 0x00000455   Thumb Code     2  heapauxi.o(.text)
    __user_setup_stackheap                   0x00000457   Thumb Code    74  sys_stackheap_outer.o(.text)
    exit                                     0x000004a1   Thumb Code    18  exit.o(.text)
    __user_libspace                          0x000004b5   Thumb Code     8  libspace.o(.text)
    __user_perproc_libspace                  0x000004b5   Thumb Code     0  libspace.o(.text)
    __user_perthread_libspace                0x000004b5   Thumb Code     0  libspace.o(.text)
    _sys_exit                                0x000004bd   Thumb Code     8  sys_exit.o(.text)
    __I$use$semihosting                      0x000004c9   Thumb Code     0  use_no_semi.o(.text)
    __use_no_semihosting_swi                 0x000004c9   Thumb Code     2  use_no_semi.o(.text)
    __semihosting_library_function           0x000004cb   Thumb Code     0  indicate_semi.o(.text)
    ADC1SS0_Handler                          0x000004cd   Thumb Code    36  adc_handler.o(i.ADC1SS0_Handler)
    ADCIntClear                              0x000004f9   Thumb Code    10  adc.o(i.ADCIntClear)
    ADCIntDisable                            0x00000503   Thumb Code    16  adc.o(i.ADCIntDisable)
    ADCIntEnable                             0x00000513   Thumb Code    16  adc.o(i.ADCIntEnable)
    ADCIntStatus                             0x00000523   Thumb Code    52  adc.o(i.ADCIntStatus)
    ADCProcessorTrigger                      0x00000557   Thumb Code    26  adc.o(i.ADCProcessorTrigger)
    ADCSequenceConfigure                     0x00000571   Thumb Code    78  adc.o(i.ADCSequenceConfigure)
    ADCSequenceDataGet                       0x000005bf   Thumb Code    36  adc.o(i.ADCSequenceDataGet)
    ADCSequenceDisable                       0x000005e3   Thumb Code    16  adc.o(i.ADCSequenceDisable)
    ADCSequenceEnable                        0x000005f3   Thumb Code    14  adc.o(i.ADCSequenceEnable)
    ADCSequenceStepConfigure                 0x00000601   Thumb Code   154  adc.o(i.ADCSequenceStepConfigure)
    ADC_Init                                 0x0000069d   Thumb Code   144  adc_handler.o(i.ADC_Init)
    Add_ADC_Channel                          0x00000739   Thumb Code    20  adc_handler.o(i.Add_ADC_Channel)
    Cyclic_1000ms                            0x00000751   Thumb Code   218  cyclic_container.o(i.Cyclic_1000ms)
    Cyclic_100ms                             0x00000891   Thumb Code    12  cyclic_container.o(i.Cyclic_100ms)
    Cyclic_500ms                             0x000008a1   Thumb Code     2  cyclic_container.o(i.Cyclic_500ms)
    Cyclic_50ms                              0x000008a5   Thumb Code    24  cyclic_container.o(i.Cyclic_50ms)
    Display_Char                             0x000008cd   Thumb Code    14  display.o(i.Display_Char)
    Display_Decimal                          0x000008e1   Thumb Code    42  display.o(i.Display_Decimal)
    Display_Init                             0x0000090d   Thumb Code    94  display.o(i.Display_Init)
    Display_NewLine                          0x0000097d   Thumb Code    16  display.o(i.Display_NewLine)
    Display_String                           0x0000098d   Thumb Code    22  display.o(i.Display_String)
    GPIODirModeSet                           0x000009a3   Thumb Code    40  gpio.o(i.GPIODirModeSet)
    GPIOF_Handler                            0x000009cd   Thumb Code    28  gpio_handler.o(i.GPIOF_Handler)
    GPIOIntClear                             0x000009f1   Thumb Code     6  gpio.o(i.GPIOIntClear)
    GPIOIntDisable                           0x000009f7   Thumb Code    14  gpio.o(i.GPIOIntDisable)
    GPIOIntEnable                            0x00000a05   Thumb Code    14  gpio.o(i.GPIOIntEnable)
    GPIOIntTypeSet                           0x00000a13   Thumb Code    80  gpio.o(i.GPIOIntTypeSet)
    GPIOPadConfigSet                         0x00000a63   Thumb Code   314  gpio.o(i.GPIOPadConfigSet)
    GPIOPinConfigure                         0x00000b9d   Thumb Code    64  gpio.o(i.GPIOPinConfigure)
    GPIOPinRead                              0x00000be5   Thumb Code     6  gpio.o(i.GPIOPinRead)
    GPIOPinTypeGPIOInput                     0x00000beb   Thumb Code    28  gpio.o(i.GPIOPinTypeGPIOInput)
    GPIOPinTypeI2C                           0x00000c07   Thumb Code    28  gpio.o(i.GPIOPinTypeI2C)
    GPIOPinTypeI2CSCL                        0x00000c23   Thumb Code    28  gpio.o(i.GPIOPinTypeI2CSCL)
    GPIOPinTypeUART                          0x00000c3f   Thumb Code    28  gpio.o(i.GPIOPinTypeUART)
    Get_ADC_Value                            0x00000c5d   Thumb Code    10  adc_handler.o(i.Get_ADC_Value)
    Get_GPIO_SCL                             0x00000c6d   Thumb Code    46  i2c_handler.o(i.Get_GPIO_SCL)
    Get_I2C_Periph                           0x00000ca5   Thumb Code    12  i2c_handler.o(i.Get_I2C_Periph)
    Get_Port_Base                            0x00000cb5   Thumb Code    44  i2c_handler.o(i.Get_Port_Base)
    Get_Port_Periph                          0x00000ced   Thumb Code    48  i2c_handler.o(i.Get_Port_Periph)
    Get_SCL_Pin                              0x00000d21   Thumb Code    42  i2c_handler.o(i.Get_SCL_Pin)
    Get_SDA_Pin                              0x00000d4b   Thumb Code    42  i2c_handler.o(i.Get_SDA_Pin)
    I2CMasterBusBusy                         0x00000d75   Thumb Code    12  i2c.o(i.I2CMasterBusBusy)
    I2CMasterBusy                            0x00000d81   Thumb Code    12  i2c.o(i.I2CMasterBusy)
    I2CMasterControl                         0x00000d8d   Thumb Code     4  i2c.o(i.I2CMasterControl)
    I2CMasterDataGet                         0x00000d91   Thumb Code     4  i2c.o(i.I2CMasterDataGet)
    I2CMasterDataPut                         0x00000d95   Thumb Code     4  i2c.o(i.I2CMasterDataPut)
    I2CMasterErr                             0x00000d99   Thumb Code    24  i2c.o(i.I2CMasterErr)
    I2CMasterInitExpClk                      0x00000db1   Thumb Code    72  i2c.o(i.I2CMasterInitExpClk)
    I2CMasterSlaveAddrSet                    0x00000e05   Thumb Code     8  i2c.o(i.I2CMasterSlaveAddrSet)
    I2C_Init                                 0x00000e0d   Thumb Code   140  i2c_handler.o(i.I2C_Init)
    I2C_Init_LuminositySensor                0x00000e99   Thumb Code   104  i2c_handler.o(i.I2C_Init_LuminositySensor)
    I2C_Master_Wait                          0x00000f19   Thumb Code    16  i2c_handler.o(i.I2C_Master_Wait)
    I2C_Read                                 0x00000f2d   Thumb Code   116  i2c_handler.o(i.I2C_Read)
    Init_Drivers                             0x00000fa1   Thumb Code   164  startup_container.o(i.Init_Drivers)
    Init_Timer                               0x0000106d   Thumb Code   176  timer_handler.o(i.Init_Timer)
    IntDisable                               0x00001121   Thumb Code    92  interrupt.o(i.IntDisable)
    IntEnable                                0x00001185   Thumb Code    92  interrupt.o(i.IntEnable)
    IntMasterEnable                          0x000011e9   Thumb Code    14  interrupt.o(i.IntMasterEnable)
    IntPrioritySet                           0x000011f9   Thumb Code    36  interrupt.o(i.IntPrioritySet)
    ReadPinState                             0x00001221   Thumb Code    26  gpio_handler.o(i.ReadPinState)
    SSI0_DataOut                             0x0000123d   Thumb Code    24  spi_handler.o(i.SSI0_DataOut)
    SSI0_Handler                             0x00001259   Thumb Code   116  spi_handler.o(i.SSI0_Handler)
    SSIDataGet                               0x000012d5   Thumb Code    14  ssi.o(i.SSIDataGet)
    SSIDataPut                               0x000012e3   Thumb Code    12  ssi.o(i.SSIDataPut)
    SSIIntClear                              0x000012ef   Thumb Code     4  ssi.o(i.SSIIntClear)
    SSIIntStatus                             0x000012f3   Thumb Code    10  ssi.o(i.SSIIntStatus)
    SetGPIOInput                             0x000012fd   Thumb Code    76  gpio_handler.o(i.SetGPIOInput)
    SetGPIOInterrupt                         0x0000134d   Thumb Code    80  gpio_handler.o(i.SetGPIOInterrupt)
    SysCtlClockGet                           0x0000139d   Thumb Code   304  sysctl.o(i.SysCtlClockGet)
    SysCtlClockSet                           0x000014f1   Thumb Code   270  sysctl.o(i.SysCtlClockSet)
    SysCtlPeripheralEnable                   0x00001611   Thumb Code    36  sysctl.o(i.SysCtlPeripheralEnable)
    SystemInit                               0x00001639   Thumb Code   112  system_tm4c123.o(i.SystemInit)
    TIMER0A_Handler                          0x000016d1   Thumb Code    24  timer_handler.o(i.TIMER0A_Handler)
    TIMER1A_Handler                          0x000016ed   Thumb Code    24  timer_handler.o(i.TIMER1A_Handler)
    TIMER2A_Handler                          0x00001709   Thumb Code    24  timer_handler.o(i.TIMER2A_Handler)
    TIMER3A_Handler                          0x00001725   Thumb Code    24  timer_handler.o(i.TIMER3A_Handler)
    TIMER4A_Handler                          0x00001741   Thumb Code    64  timer_handler.o(i.TIMER4A_Handler)
    TIMER_reload_calculator                  0x000017a9   Thumb Code    30  timer_handler.o(i.TIMER_reload_calculator)
    TimerClockSourceSet                      0x000017c7   Thumb Code     6  timer.o(i.TimerClockSourceSet)
    TimerConfigure                           0x000017cd   Thumb Code    88  timer.o(i.TimerConfigure)
    TimerDisable                             0x0000182d   Thumb Code    16  timer.o(i.TimerDisable)
    TimerEnable                              0x0000183d   Thumb Code    14  timer.o(i.TimerEnable)
    TimerIntClear                            0x0000184b   Thumb Code     4  timer.o(i.TimerIntClear)
    TimerIntDisable                          0x0000184f   Thumb Code    10  timer.o(i.TimerIntDisable)
    TimerIntEnable                           0x00001859   Thumb Code     8  timer.o(i.TimerIntEnable)
    TimerIntStatus                           0x00001861   Thumb Code    10  timer.o(i.TimerIntStatus)
    TimerLoadSet                             0x0000186b   Thumb Code    18  timer.o(i.TimerLoadSet)
    UARTCharPut                              0x0000187d   Thumb Code    12  uart.o(i.UARTCharPut)
    UARTClockSourceSet                       0x00001889   Thumb Code     6  uart.o(i.UARTClockSourceSet)
    UARTConfigGetExpClk                      0x0000188f   Thumb Code    46  uart.o(i.UARTConfigGetExpClk)
    UARTConfigSetExpClk                      0x000018bd   Thumb Code   110  uart.o(i.UARTConfigSetExpClk)
    UARTDisable                              0x0000192b   Thumb Code    30  uart.o(i.UARTDisable)
    UARTEnable                               0x00001949   Thumb Code    20  uart.o(i.UARTEnable)
    UARTFIFOEnable                           0x0000195d   Thumb Code    10  uart.o(i.UARTFIFOEnable)
    WTIMER0A_Handler                         0x00001969   Thumb Code    40  timer_handler.o(i.WTIMER0A_Handler)
    getINTGPIO_Adrress                       0x00001999   Thumb Code    48  gpio_handler.o(i.getINTGPIO_Adrress)
    getINTTIMER_Address                      0x000019c9   Thumb Code    80  timer_handler.o(i.getINTTIMER_Address)
    getPeriphTimerAddress                    0x00001a19   Thumb Code    56  timer_handler.o(i.getPeriphTimerAddress)
    getPortPeriphAddress                     0x00001a59   Thumb Code    28  gpio_handler.o(i.getPortPeriphAddress)
    getPrioIndex                             0x00001a79   Thumb Code    20  timer_handler.o(i.getPrioIndex)
    main                                     0x00001a8d   Thumb Code    28  main.o(i.main)
    __aeabi_d2f                              0x00001aad   Thumb Code     0  d2f.o(x$fpl$d2f)
    _d2f                                     0x00001aad   Thumb Code    98  d2f.o(x$fpl$d2f)
    __aeabi_ddiv                             0x00001b11   Thumb Code     0  ddiv.o(x$fpl$ddiv)
    _ddiv                                    0x00001b11   Thumb Code   552  ddiv.o(x$fpl$ddiv)
    __aeabi_ui2d                             0x00001dc1   Thumb Code     0  dflt_clz.o(x$fpl$dfltu)
    _dfltu                                   0x00001dc1   Thumb Code    38  dflt_clz.o(x$fpl$dfltu)
    __aeabi_dmul                             0x00001de9   Thumb Code     0  dmul.o(x$fpl$dmul)
    _dmul                                    0x00001de9   Thumb Code   332  dmul.o(x$fpl$dmul)
    __fpl_dnaninf                            0x00001f3d   Thumb Code   156  dnaninf.o(x$fpl$dnaninf)
    __fpl_dretinf                            0x00001fd9   Thumb Code    12  dretinf.o(x$fpl$dretinf)
    _fp_init                                 0x00001fe5   Thumb Code    10  fpinit.o(x$fpl$fpinit)
    __fplib_config_fpu_vfp                   0x00001fed   Thumb Code     0  fpinit.o(x$fpl$fpinit)
    __fplib_config_pureend_doubles           0x00001fed   Thumb Code     0  fpinit.o(x$fpl$fpinit)
    __fpl_fretinf                            0x00001fef   Thumb Code    10  fretinf.o(x$fpl$fretinf)
    __I$use$fp                               0x00001ff8   Number         0  usenofp.o(x$fpl$usenofp)
    Region$$Table$$Base                      0x000024d8   Number         0  anon$$obj.o(Region$$Table)
    Region$$Table$$Limit                     0x000024f8   Number         0  anon$$obj.o(Region$$Table)
    prioTimerArray                           0x20000000   Data          12  timer_handler.o(.data)
    PWM_DutyCycle                            0x2000000c   Data           1  timer_handler.o(.data)
    Baud_Rate_Read                           0x20000018   Data           4  display.o(.data)
    adcChannels                              0x2000001c   Data          52  adc_handler.o(.bss)
    adcValues                                0x20000050   Data          48  adc_handler.o(.bss)
    SensorValues                             0x20000080   Data         255  spi_handler.o(.bss)
    Commands                                 0x2000017f   Data         255  spi_handler.o(.bss)
    __libspace_start                         0x20000280   Data          96  libspace.o(.bss)
    __temporary_stack_top$libspace           0x200002e0   Data           0  libspace.o(.bss)



==============================================================================

Memory Map of the image

  Image Entry point : 0x0000033d

  Load Region LR_1 (Base: 0x00000000, Size: 0x00002514, Max: 0xffffffff, ABSOLUTE)

    Execution Region ER_RO (Base: 0x00000000, Size: 0x000024f8, Max: 0xffffffff, ABSOLUTE)

    Base Addr    Size         Type   Attr      Idx    E Section Name        Object

    0x00000000   0x0000026c   Data   RO          439    RESET               startup_tm4c123.o
    0x0000026c   0x00000008   Code   RO         2592  * !!!main             c_w.l(__main.o)
    0x00000274   0x00000034   Code   RO         2770    !!!scatter          c_w.l(__scatter.o)
    0x000002a8   0x0000001a   Code   RO         2772    !!handler_copy      c_w.l(__scatter_copy.o)
    0x000002c2   0x00000002   PAD
    0x000002c4   0x0000001c   Code   RO         2774    !!handler_zi        c_w.l(__scatter_zi.o)
    0x000002e0   0x00000002   Code   RO         2640    .ARM.Collect$$libinit$$00000000  c_w.l(libinit.o)
    0x000002e2   0x00000004   Code   RO         2646    .ARM.Collect$$libinit$$00000001  c_w.l(libinit2.o)
    0x000002e6   0x00000000   Code   RO         2649    .ARM.Collect$$libinit$$00000004  c_w.l(libinit2.o)
    0x000002e6   0x00000000   Code   RO         2652    .ARM.Collect$$libinit$$0000000A  c_w.l(libinit2.o)
    0x000002e6   0x00000000   Code   RO         2654    .ARM.Collect$$libinit$$0000000C  c_w.l(libinit2.o)
    0x000002e6   0x00000000   Code   RO         2656    .ARM.Collect$$libinit$$0000000E  c_w.l(libinit2.o)
    0x000002e6   0x00000000   Code   RO         2659    .ARM.Collect$$libinit$$00000011  c_w.l(libinit2.o)
    0x000002e6   0x00000000   Code   RO         2661    .ARM.Collect$$libinit$$00000013  c_w.l(libinit2.o)
    0x000002e6   0x00000000   Code   RO         2663    .ARM.Collect$$libinit$$00000015  c_w.l(libinit2.o)
    0x000002e6   0x00000000   Code   RO         2665    .ARM.Collect$$libinit$$00000017  c_w.l(libinit2.o)
    0x000002e6   0x00000000   Code   RO         2667    .ARM.Collect$$libinit$$00000019  c_w.l(libinit2.o)
    0x000002e6   0x00000000   Code   RO         2669    .ARM.Collect$$libinit$$0000001B  c_w.l(libinit2.o)
    0x000002e6   0x00000000   Code   RO         2671    .ARM.Collect$$libinit$$0000001D  c_w.l(libinit2.o)
    0x000002e6   0x00000000   Code   RO         2673    .ARM.Collect$$libinit$$0000001F  c_w.l(libinit2.o)
    0x000002e6   0x00000000   Code   RO         2675    .ARM.Collect$$libinit$$00000021  c_w.l(libinit2.o)
    0x000002e6   0x00000000   Code   RO         2677    .ARM.Collect$$libinit$$00000023  c_w.l(libinit2.o)
    0x000002e6   0x00000000   Code   RO         2679    .ARM.Collect$$libinit$$00000025  c_w.l(libinit2.o)
    0x000002e6   0x00000000   Code   RO         2683    .ARM.Collect$$libinit$$0000002C  c_w.l(libinit2.o)
    0x000002e6   0x00000000   Code   RO         2685    .ARM.Collect$$libinit$$0000002E  c_w.l(libinit2.o)
    0x000002e6   0x00000000   Code   RO         2687    .ARM.Collect$$libinit$$00000030  c_w.l(libinit2.o)
    0x000002e6   0x00000000   Code   RO         2689    .ARM.Collect$$libinit$$00000032  c_w.l(libinit2.o)
    0x000002e6   0x00000002   Code   RO         2690    .ARM.Collect$$libinit$$00000033  c_w.l(libinit2.o)
    0x000002e8   0x00000002   Code   RO         2710    .ARM.Collect$$libshutdown$$00000000  c_w.l(libshutdown.o)
    0x000002ea   0x00000000   Code   RO         2723    .ARM.Collect$$libshutdown$$00000002  c_w.l(libshutdown2.o)
    0x000002ea   0x00000000   Code   RO         2725    .ARM.Collect$$libshutdown$$00000004  c_w.l(libshutdown2.o)
    0x000002ea   0x00000000   Code   RO         2728    .ARM.Collect$$libshutdown$$00000007  c_w.l(libshutdown2.o)
    0x000002ea   0x00000000   Code   RO         2731    .ARM.Collect$$libshutdown$$0000000A  c_w.l(libshutdown2.o)
    0x000002ea   0x00000000   Code   RO         2733    .ARM.Collect$$libshutdown$$0000000C  c_w.l(libshutdown2.o)
    0x000002ea   0x00000000   Code   RO         2736    .ARM.Collect$$libshutdown$$0000000F  c_w.l(libshutdown2.o)
    0x000002ea   0x00000002   Code   RO         2737    .ARM.Collect$$libshutdown$$00000010  c_w.l(libshutdown2.o)
    0x000002ec   0x00000000   Code   RO         2608    .ARM.Collect$$rtentry$$00000000  c_w.l(__rtentry.o)
    0x000002ec   0x00000000   Code   RO         2617    .ARM.Collect$$rtentry$$00000002  c_w.l(__rtentry2.o)
    0x000002ec   0x00000006   Code   RO         2629    .ARM.Collect$$rtentry$$00000004  c_w.l(__rtentry4.o)
    0x000002f2   0x00000000   Code   RO         2619    .ARM.Collect$$rtentry$$00000009  c_w.l(__rtentry2.o)
    0x000002f2   0x00000004   Code   RO         2620    .ARM.Collect$$rtentry$$0000000A  c_w.l(__rtentry2.o)
    0x000002f6   0x00000000   Code   RO         2622    .ARM.Collect$$rtentry$$0000000C  c_w.l(__rtentry2.o)
    0x000002f6   0x00000008   Code   RO         2623    .ARM.Collect$$rtentry$$0000000D  c_w.l(__rtentry2.o)
    0x000002fe   0x00000002   Code   RO         2644    .ARM.Collect$$rtexit$$00000000  c_w.l(rtexit.o)
    0x00000300   0x00000000   Code   RO         2692    .ARM.Collect$$rtexit$$00000002  c_w.l(rtexit2.o)
    0x00000300   0x00000004   Code   RO         2693    .ARM.Collect$$rtexit$$00000003  c_w.l(rtexit2.o)
    0x00000304   0x00000006   Code   RO         2694    .ARM.Collect$$rtexit$$00000004  c_w.l(rtexit2.o)
    0x0000030a   0x00000002   PAD
    0x0000030c   0x00000006   Code   RO         1705    .emb_text           driverlib.lib(sysctl.o)
    0x00000312   0x00000002   PAD
    0x00000314   0x00000026   Code   RO         2578    .emb_text           driverlib.lib(cpu.o)
    0x0000033a   0x00000002   PAD
    0x0000033c   0x00000114   Code   RO          440  * .text               startup_tm4c123.o
    0x00000450   0x00000006   Code   RO         2590    .text               c_w.l(heapauxi.o)
    0x00000456   0x0000004a   Code   RO         2631    .text               c_w.l(sys_stackheap_outer.o)
    0x000004a0   0x00000012   Code   RO         2633    .text               c_w.l(exit.o)
    0x000004b2   0x00000002   PAD
    0x000004b4   0x00000008   Code   RO         2641    .text               c_w.l(libspace.o)
    0x000004bc   0x0000000c   Code   RO         2702    .text               c_w.l(sys_exit.o)
    0x000004c8   0x00000002   Code   RO         2713    .text               c_w.l(use_no_semi.o)
    0x000004ca   0x00000000   Code   RO         2715    .text               c_w.l(indicate_semi.o)
    0x000004ca   0x00000002   PAD
    0x000004cc   0x0000002c   Code   RO          133    i.ADC1SS0_Handler   adc_handler.o
    0x000004f8   0x0000000a   Code   RO          513    i.ADCIntClear       driverlib.lib(adc.o)
    0x00000502   0x00000010   Code   RO          515    i.ADCIntDisable     driverlib.lib(adc.o)
    0x00000512   0x00000010   Code   RO          517    i.ADCIntEnable      driverlib.lib(adc.o)
    0x00000522   0x00000034   Code   RO          520    i.ADCIntStatus      driverlib.lib(adc.o)
    0x00000556   0x0000001a   Code   RO          525    i.ADCProcessorTrigger  driverlib.lib(adc.o)
    0x00000570   0x0000004e   Code   RO          528    i.ADCSequenceConfigure  driverlib.lib(adc.o)
    0x000005be   0x00000024   Code   RO          531    i.ADCSequenceDataGet  driverlib.lib(adc.o)
    0x000005e2   0x00000010   Code   RO          532    i.ADCSequenceDisable  driverlib.lib(adc.o)
    0x000005f2   0x0000000e   Code   RO          533    i.ADCSequenceEnable  driverlib.lib(adc.o)
    0x00000600   0x0000009a   Code   RO          536    i.ADCSequenceStepConfigure  driverlib.lib(adc.o)
    0x0000069a   0x00000002   PAD
    0x0000069c   0x0000009c   Code   RO          134    i.ADC_Init          adc_handler.o
    0x00000738   0x00000018   Code   RO          135    i.Add_ADC_Channel   adc_handler.o
    0x00000750   0x00000140   Code   RO            1    i.Cyclic_1000ms     cyclic_container.o
    0x00000890   0x00000010   Code   RO            2    i.Cyclic_100ms      cyclic_container.o
    0x000008a0   0x00000002   Code   RO            3    i.Cyclic_500ms      cyclic_container.o
    0x000008a2   0x00000002   PAD
    0x000008a4   0x00000028   Code   RO            4    i.Cyclic_50ms       cyclic_container.o
    0x000008cc   0x00000014   Code   RO          389    i.Display_Char      display.o
    0x000008e0   0x0000002a   Code   RO          390    i.Display_Decimal   display.o
    0x0000090a   0x00000002   PAD
    0x0000090c   0x00000070   Code   RO          392    i.Display_Init      display.o
    0x0000097c   0x00000010   Code   RO          393    i.Display_NewLine   display.o
    0x0000098c   0x00000016   Code   RO          394    i.Display_String    display.o
    0x000009a2   0x00000028   Code   RO          785    i.GPIODirModeSet    driverlib.lib(gpio.o)
    0x000009ca   0x00000002   PAD
    0x000009cc   0x00000024   Code   RO           82    i.GPIOF_Handler     gpio_handler.o
    0x000009f0   0x00000006   Code   RO          786    i.GPIOIntClear      driverlib.lib(gpio.o)
    0x000009f6   0x0000000e   Code   RO          787    i.GPIOIntDisable    driverlib.lib(gpio.o)
    0x00000a04   0x0000000e   Code   RO          788    i.GPIOIntEnable     driverlib.lib(gpio.o)
    0x00000a12   0x00000050   Code   RO          792    i.GPIOIntTypeSet    driverlib.lib(gpio.o)
    0x00000a62   0x0000013a   Code   RO          795    i.GPIOPadConfigSet  driverlib.lib(gpio.o)
    0x00000b9c   0x00000048   Code   RO          796    i.GPIOPinConfigure  driverlib.lib(gpio.o)
    0x00000be4   0x00000006   Code   RO          797    i.GPIOPinRead       driverlib.lib(gpio.o)
    0x00000bea   0x0000001c   Code   RO          806    i.GPIOPinTypeGPIOInput  driverlib.lib(gpio.o)
    0x00000c06   0x0000001c   Code   RO          809    i.GPIOPinTypeI2C    driverlib.lib(gpio.o)
    0x00000c22   0x0000001c   Code   RO          810    i.GPIOPinTypeI2CSCL  driverlib.lib(gpio.o)
    0x00000c3e   0x0000001c   Code   RO          822    i.GPIOPinTypeUART   driverlib.lib(gpio.o)
    0x00000c5a   0x00000002   PAD
    0x00000c5c   0x00000010   Code   RO          136    i.Get_ADC_Value     adc_handler.o
    0x00000c6c   0x00000038   Code   RO          262    i.Get_GPIO_SCL      i2c_handler.o
    0x00000ca4   0x00000010   Code   RO          263    i.Get_I2C_Periph    i2c_handler.o
    0x00000cb4   0x00000038   Code   RO          264    i.Get_Port_Base     i2c_handler.o
    0x00000cec   0x00000034   Code   RO          265    i.Get_Port_Periph   i2c_handler.o
    0x00000d20   0x0000002a   Code   RO          266    i.Get_SCL_Pin       i2c_handler.o
    0x00000d4a   0x0000002a   Code   RO          267    i.Get_SDA_Pin       i2c_handler.o
    0x00000d74   0x0000000c   Code   RO         1115    i.I2CMasterBusBusy  driverlib.lib(i2c.o)
    0x00000d80   0x0000000c   Code   RO         1116    i.I2CMasterBusy     driverlib.lib(i2c.o)
    0x00000d8c   0x00000004   Code   RO         1117    i.I2CMasterControl  driverlib.lib(i2c.o)
    0x00000d90   0x00000004   Code   RO         1118    i.I2CMasterDataGet  driverlib.lib(i2c.o)
    0x00000d94   0x00000004   Code   RO         1119    i.I2CMasterDataPut  driverlib.lib(i2c.o)
    0x00000d98   0x00000018   Code   RO         1122    i.I2CMasterErr      driverlib.lib(i2c.o)
    0x00000db0   0x00000054   Code   RO         1124    i.I2CMasterInitExpClk  driverlib.lib(i2c.o)
    0x00000e04   0x00000008   Code   RO         1134    i.I2CMasterSlaveAddrSet  driverlib.lib(i2c.o)
    0x00000e0c   0x0000008c   Code   RO          269    i.I2C_Init          i2c_handler.o
    0x00000e98   0x00000080   Code   RO          270    i.I2C_Init_LuminositySensor  i2c_handler.o
    0x00000f18   0x00000014   Code   RO          271    i.I2C_Master_Wait   i2c_handler.o
    0x00000f2c   0x00000074   Code   RO          272    i.I2C_Read          i2c_handler.o
    0x00000fa0   0x000000cc   Code   RO           61    i.Init_Drivers      startup_container.o
    0x0000106c   0x000000b4   Code   RO          167    i.Init_Timer        timer_handler.o
    0x00001120   0x00000064   Code   RO         1437    i.IntDisable        driverlib.lib(interrupt.o)
    0x00001184   0x00000064   Code   RO         1438    i.IntEnable         driverlib.lib(interrupt.o)
    0x000011e8   0x0000000e   Code   RO         1441    i.IntMasterEnable   driverlib.lib(interrupt.o)
    0x000011f6   0x00000002   PAD
    0x000011f8   0x00000028   Code   RO         1449    i.IntPrioritySet    driverlib.lib(interrupt.o)
    0x00001220   0x0000001a   Code   RO           83    i.ReadPinState      gpio_handler.o
    0x0000123a   0x00000002   PAD
    0x0000123c   0x0000001c   Code   RO          340    i.SSI0_DataOut      spi_handler.o
    0x00001258   0x0000007c   Code   RO          341    i.SSI0_Handler      spi_handler.o
    0x000012d4   0x0000000e   Code   RO         1564    i.SSIDataGet        driverlib.lib(ssi.o)
    0x000012e2   0x0000000c   Code   RO         1566    i.SSIDataPut        driverlib.lib(ssi.o)
    0x000012ee   0x00000004   Code   RO         1570    i.SSIIntClear       driverlib.lib(ssi.o)
    0x000012f2   0x0000000a   Code   RO         1574    i.SSIIntStatus      driverlib.lib(ssi.o)
    0x000012fc   0x00000050   Code   RO           84    i.SetGPIOInput      gpio_handler.o
    0x0000134c   0x00000050   Code   RO           85    i.SetGPIOInterrupt  gpio_handler.o
    0x0000139c   0x00000154   Code   RO         1708    i.SysCtlClockGet    driverlib.lib(sysctl.o)
    0x000014f0   0x00000120   Code   RO         1710    i.SysCtlClockSet    driverlib.lib(sysctl.o)
    0x00001610   0x00000028   Code   RO         1739    i.SysCtlPeripheralEnable  driverlib.lib(sysctl.o)
    0x00001638   0x00000098   Code   RO          449    i.SystemInit        system_tm4c123.o
    0x000016d0   0x0000001c   Code   RO          168    i.TIMER0A_Handler   timer_handler.o
    0x000016ec   0x0000001c   Code   RO          169    i.TIMER1A_Handler   timer_handler.o
    0x00001708   0x0000001c   Code   RO          170    i.TIMER2A_Handler   timer_handler.o
    0x00001724   0x0000001c   Code   RO          171    i.TIMER3A_Handler   timer_handler.o
    0x00001740   0x00000068   Code   RO          172    i.TIMER4A_Handler   timer_handler.o
    0x000017a8   0x0000001e   Code   RO          175    i.TIMER_reload_calculator  timer_handler.o
    0x000017c6   0x00000006   Code   RO         2050    i.TimerClockSourceSet  driverlib.lib(timer.o)
    0x000017cc   0x00000060   Code   RO         2051    i.TimerConfigure    driverlib.lib(timer.o)
    0x0000182c   0x00000010   Code   RO         2059    i.TimerDisable      driverlib.lib(timer.o)
    0x0000183c   0x0000000e   Code   RO         2060    i.TimerEnable       driverlib.lib(timer.o)
    0x0000184a   0x00000004   Code   RO         2061    i.TimerIntClear     driverlib.lib(timer.o)
    0x0000184e   0x0000000a   Code   RO         2062    i.TimerIntDisable   driverlib.lib(timer.o)
    0x00001858   0x00000008   Code   RO         2063    i.TimerIntEnable    driverlib.lib(timer.o)
    0x00001860   0x0000000a   Code   RO         2065    i.TimerIntStatus    driverlib.lib(timer.o)
    0x0000186a   0x00000012   Code   RO         2069    i.TimerLoadSet      driverlib.lib(timer.o)
    0x0000187c   0x0000000c   Code   RO         2297    i.UARTCharPut       driverlib.lib(uart.o)
    0x00001888   0x00000006   Code   RO         2301    i.UARTClockSourceSet  driverlib.lib(uart.o)
    0x0000188e   0x0000002e   Code   RO         2302    i.UARTConfigGetExpClk  driverlib.lib(uart.o)
    0x000018bc   0x0000006e   Code   RO         2303    i.UARTConfigSetExpClk  driverlib.lib(uart.o)
    0x0000192a   0x0000001e   Code   RO         2306    i.UARTDisable       driverlib.lib(uart.o)
    0x00001948   0x00000014   Code   RO         2308    i.UARTEnable        driverlib.lib(uart.o)
    0x0000195c   0x0000000a   Code   RO         2311    i.UARTFIFOEnable    driverlib.lib(uart.o)
    0x00001966   0x00000002   PAD
    0x00001968   0x00000030   Code   RO          176    i.WTIMER0A_Handler  timer_handler.o
    0x00001998   0x00000030   Code   RO           86    i.getINTGPIO_Adrress  gpio_handler.o
    0x000019c8   0x00000050   Code   RO          177    i.getINTTIMER_Address  timer_handler.o
    0x00001a18   0x00000040   Code   RO          178    i.getPeriphTimerAddress  timer_handler.o
    0x00001a58   0x00000020   Code   RO           87    i.getPortPeriphAddress  gpio_handler.o
    0x00001a78   0x00000014   Code   RO          179    i.getPrioIndex      timer_handler.o
    0x00001a8c   0x00000020   Code   RO          374    i.main              main.o
    0x00001aac   0x00000062   Code   RO         2594    x$fpl$d2f           fz_wm.l(d2f.o)
    0x00001b0e   0x00000002   PAD
    0x00001b10   0x000002b0   Code   RO         2597    x$fpl$ddiv          fz_wm.l(ddiv.o)
    0x00001dc0   0x00000026   Code   RO         2600    x$fpl$dfltu         fz_wm.l(dflt_clz.o)
    0x00001de6   0x00000002   PAD
    0x00001de8   0x00000154   Code   RO         2606    x$fpl$dmul          fz_wm.l(dmul.o)
    0x00001f3c   0x0000009c   Code   RO         2609    x$fpl$dnaninf       fz_wm.l(dnaninf.o)
    0x00001fd8   0x0000000c   Code   RO         2611    x$fpl$dretinf       fz_wm.l(dretinf.o)
    0x00001fe4   0x0000000a   Code   RO         2700    x$fpl$fpinit        fz_wm.l(fpinit.o)
    0x00001fee   0x0000000a   Code   RO         2613    x$fpl$fretinf       fz_wm.l(fretinf.o)
    0x00001ff8   0x00000000   Code   RO         2615    x$fpl$usenofp       fz_wm.l(usenofp.o)
    0x00001ff8   0x00000210   Data   RO          829    .constdata          driverlib.lib(gpio.o)
    0x00002208   0x0000010c   Data   RO         1454    .constdata          driverlib.lib(interrupt.o)
    0x00002314   0x000001c4   Data   RO         1760    .constdata          driverlib.lib(sysctl.o)
    0x000024d8   0x00000020   Data   RO         2768    Region$$Table       anon$$obj.o


    Execution Region ER_RW (Base: 0x20000000, Size: 0x0000001c, Max: 0xffffffff, ABSOLUTE)

    Base Addr    Size         Type   Attr      Idx    E Section Name        Object

    0x20000000   0x00000014   Data   RW          180    .data               timer_handler.o
    0x20000014   0x00000001   Data   RW          344    .data               spi_handler.o
    0x20000015   0x00000003   PAD
    0x20000018   0x00000004   Data   RW          395    .data               display.o


    Execution Region ER_ZI (Base: 0x2000001c, Size: 0x000004c4, Max: 0xffffffff, ABSOLUTE)

    Base Addr    Size         Type   Attr      Idx    E Section Name        Object

    0x2000001c   0x00000064   Zero   RW          137    .bss                adc_handler.o
    0x20000080   0x000001fe   Zero   RW          343    .bss                spi_handler.o
    0x2000027e   0x00000002   PAD
    0x20000280   0x00000060   Zero   RW         2642    .bss                c_w.l(libspace.o)
    0x200002e0   0x00000000   Zero   RW          438    HEAP                startup_tm4c123.o
    0x200002e0   0x00000200   Zero   RW          437    STACK               startup_tm4c123.o


==============================================================================

Image component sizes


      Code (inc. data)   RO Data    RW Data    ZI Data      Debug   Object Name

       240         30          0          0        100       3515   adc_handler.o
       378        122          0          0          0       6992   cyclic_container.o
       212         24          0          4          0       3016   display.o
       302         16          0          0          0       4217   gpio_handler.o
       668         58          0          0          0       7254   i2c_handler.o
        32          4          0          0          0        551   main.o
       152         12          0          1        510       2414   spi_handler.o
       204         40          0          0          0        667   startup_container.o
       276         24        620          0        512       5524   startup_tm4c123.o
       152         40          0          0          0        637   system_tm4c123.o
       638         76          0         20          0       8588   timer_handler.o

    ----------------------------------------------------------------------
      3260        446        652         28       1124      43375   Object Totals
         0          0         32          0          0          0   (incl. Generated)
         6          0          0          3          2          0   (incl. Padding)

    ----------------------------------------------------------------------

      Code (inc. data)   RO Data    RW Data    ZI Data      Debug   Library Member Name

         8          0          0          0          0         68   __main.o
         0          0          0          0          0          0   __rtentry.o
        12          0          0          0          0          0   __rtentry2.o
         6          0          0          0          0          0   __rtentry4.o
        52          8          0          0          0          0   __scatter.o
        26          0          0          0          0          0   __scatter_copy.o
        28          0          0          0          0          0   __scatter_zi.o
        18          0          0          0          0         80   exit.o
         6          0          0          0          0        152   heapauxi.o
         0          0          0          0          0          0   indicate_semi.o
         2          0          0          0          0          0   libinit.o
         6          0          0          0          0          0   libinit2.o
         2          0          0          0          0          0   libshutdown.o
         2          0          0          0          0          0   libshutdown2.o
         8          4          0          0         96         68   libspace.o
         2          0          0          0          0          0   rtexit.o
        10          0          0          0          0          0   rtexit2.o
        12          4          0          0          0         68   sys_exit.o
        74          0          0          0          0         80   sys_stackheap_outer.o
         2          0          0          0          0         68   use_no_semi.o
       418          0          0          0          0       9010   adc.o
        38          0          0          0          0        532   cpu.o
       658          8        528          0          0       7256   gpio.o
       152         12          0          0          0       4754   i2c.o
       254         20        268          0          0       2948   interrupt.o
        40          0          0          0          0       2527   ssi.o
       674         58        452          0          0       4123   sysctl.o
       182          8          0          0          0       4295   timer.o
       234          0          0          0          0       4237   uart.o
        98          4          0          0          0        140   d2f.o
       688        140          0          0          0        256   ddiv.o
        38          0          0          0          0        116   dflt_clz.o
       340         12          0          0          0        152   dmul.o
       156          4          0          0          0        140   dnaninf.o
        12          0          0          0          0        116   dretinf.o
        10          0          0          0          0        116   fpinit.o
        10          0          0          0          0        116   fretinf.o
         0          0          0          0          0          0   usenofp.o

    ----------------------------------------------------------------------
      4304        282       1248          0         96      41418   Library Totals
        26          0          0          0          0          0   (incl. Padding)

    ----------------------------------------------------------------------

      Code (inc. data)   RO Data    RW Data    ZI Data      Debug   Library Name

       276         16          0          0         96        584   c_w.l
      2650        106       1248          0          0      39682   driverlib.lib
      1352        160          0          0          0       1152   fz_wm.l

    ----------------------------------------------------------------------
      4304        282       1248          0         96      41418   Library Totals

    ----------------------------------------------------------------------

==============================================================================


      Code (inc. data)   RO Data    RW Data    ZI Data      Debug   

      7564        728       1900         28       1220      74437   Grand Totals
      7564        728       1900         28       1220      74437   ELF Image Totals
      7564        728       1900         28          0          0   ROM Totals

==============================================================================

    Total RO  Size (Code + RO Data)                 9464 (   9.24kB)
    Total RW  Size (RW Data + ZI Data)              1248 (   1.22kB)
    Total ROM Size (Code + RO Data + RW Data)       9492 (   9.27kB)

==============================================================================

